[0.679s] Invoking command in '/home/ymzz/YMbot_ROS2/src/vr_receiver_tcp': CONDA_PROMPT_MODIFIER=(base) DEBUGINFOD_URLS=https://debuginfod.ubuntu.com PYTHONPATH=/home/ymzz/YMbot_ROS2/build/vr_receiver_tcp/prefix_override:/usr/lib/python3/dist-packages/colcon_core/task/python/colcon_distutils_commands:/home/ymzz/YMbot_ROS2/install/vr_receiver_tcp/lib/python3.12/site-packages:${PYTHONPATH} /usr/bin/python3 -W ignore:setup.py install is deprecated -W ignore:easy_install command is deprecated setup.py egg_info --egg-base ../../build/vr_receiver_tcp build --build-base /home/ymzz/YMbot_ROS2/build/vr_receiver_tcp/build install --record /home/ymzz/YMbot_ROS2/build/vr_receiver_tcp/install.log --single-version-externally-managed install_data
[0.904s] running egg_info
[0.920s] writing ../../build/vr_receiver_tcp/vr_receiver_tcp.egg-info/PKG-INFO
[0.920s] writing dependency_links to ../../build/vr_receiver_tcp/vr_receiver_tcp.egg-info/dependency_links.txt
[0.920s] writing entry points to ../../build/vr_receiver_tcp/vr_receiver_tcp.egg-info/entry_points.txt
[0.920s] writing requirements to ../../build/vr_receiver_tcp/vr_receiver_tcp.egg-info/requires.txt
[0.920s] writing top-level names to ../../build/vr_receiver_tcp/vr_receiver_tcp.egg-info/top_level.txt
[0.952s] reading manifest file '../../build/vr_receiver_tcp/vr_receiver_tcp.egg-info/SOURCES.txt'
[0.952s] writing manifest file '../../build/vr_receiver_tcp/vr_receiver_tcp.egg-info/SOURCES.txt'
[0.952s] running build
[0.953s] running build_py
[0.953s] running install
[0.957s] running install_lib
[0.977s] running install_data
[0.977s] running install_egg_info
[0.993s] removing '/home/ymzz/YMbot_ROS2/install/vr_receiver_tcp/lib/python3.12/site-packages/vr_receiver_tcp-0.0.0-py3.12.egg-info' (and everything under it)
[0.993s] Copying ../../build/vr_receiver_tcp/vr_receiver_tcp.egg-info to /home/ymzz/YMbot_ROS2/install/vr_receiver_tcp/lib/python3.12/site-packages/vr_receiver_tcp-0.0.0-py3.12.egg-info
[0.994s] running install_scripts
[1.107s] Installing vr_receiver_tcp script to /home/ymzz/YMbot_ROS2/install/vr_receiver_tcp/lib/vr_receiver_tcp
[1.107s] writing list of installed files to '/home/ymzz/YMbot_ROS2/build/vr_receiver_tcp/install.log'
[1.125s] Invoked command in '/home/ymzz/YMbot_ROS2/src/vr_receiver_tcp' returned '0': CONDA_PROMPT_MODIFIER=(base) DEBUGINFOD_URLS=https://debuginfod.ubuntu.com PYTHONPATH=/home/ymzz/YMbot_ROS2/build/vr_receiver_tcp/prefix_override:/usr/lib/python3/dist-packages/colcon_core/task/python/colcon_distutils_commands:/home/ymzz/YMbot_ROS2/install/vr_receiver_tcp/lib/python3.12/site-packages:${PYTHONPATH} /usr/bin/python3 -W ignore:setup.py install is deprecated -W ignore:easy_install command is deprecated setup.py egg_info --egg-base ../../build/vr_receiver_tcp build --build-base /home/ymzz/YMbot_ROS2/build/vr_receiver_tcp/build install --record /home/ymzz/YMbot_ROS2/build/vr_receiver_tcp/install.log --single-version-externally-managed install_data
