[0.754s] Invoking command in '/home/ymzz/YMbot_ROS2/src/vr_receiver_tcp': CONDA_PROMPT_MODIFIER=(lerobot) DEBUGINFOD_URLS=https://debuginfod.ubuntu.com PYTHONPATH=/home/ymzz/YMbot_ROS2/build/vr_receiver_tcp/prefix_override:/home/ymzz/anaconda3/envs/lerobot/lib/python3.12/site-packages/colcon_core/task/python/colcon_distutils_commands:/home/ymzz/YMbot_ROS2/install/vr_receiver_tcp/lib/python3.12/site-packages:${PYTHONPATH} /home/ymzz/anaconda3/envs/lerobot/bin/python3.12 -W ignore:setup.py install is deprecated -W ignore:easy_install command is deprecated setup.py egg_info --egg-base ../../build/vr_receiver_tcp build --build-base /home/ymzz/YMbot_ROS2/build/vr_receiver_tcp/build install --record /home/ymzz/YMbot_ROS2/build/vr_receiver_tcp/install.log --single-version-externally-managed install_data
[0.890s] /home/ymzz/anaconda3/envs/lerobot/lib/python3.12/site-packages/setuptools/_distutils/dist.py:289: UserWarning: Unknown distribution option: 'tests_require'
[0.890s]   warnings.warn(msg)
[0.985s] running egg_info
[1.000s] writing ../../build/vr_receiver_tcp/vr_receiver_tcp.egg-info/PKG-INFO
[1.000s] writing dependency_links to ../../build/vr_receiver_tcp/vr_receiver_tcp.egg-info/dependency_links.txt
[1.001s] writing entry points to ../../build/vr_receiver_tcp/vr_receiver_tcp.egg-info/entry_points.txt
[1.001s] writing requirements to ../../build/vr_receiver_tcp/vr_receiver_tcp.egg-info/requires.txt
[1.001s] writing top-level names to ../../build/vr_receiver_tcp/vr_receiver_tcp.egg-info/top_level.txt
[1.035s] reading manifest file '../../build/vr_receiver_tcp/vr_receiver_tcp.egg-info/SOURCES.txt'
[1.036s] writing manifest file '../../build/vr_receiver_tcp/vr_receiver_tcp.egg-info/SOURCES.txt'
[1.036s] running build
[1.036s] running build_py
[1.037s] copying vr_receiver_tcp/vr_receiver_tcp.py -> /home/ymzz/YMbot_ROS2/build/vr_receiver_tcp/build/lib/vr_receiver_tcp
[1.037s] copying vr_receiver_tcp/__init__.py -> /home/ymzz/YMbot_ROS2/build/vr_receiver_tcp/build/lib/vr_receiver_tcp
[1.037s] running install
[1.041s] running install_lib
[1.056s] running install_data
[1.057s] copying resource/vr_receiver_tcp -> /home/ymzz/YMbot_ROS2/install/vr_receiver_tcp/share/ament_index/resource_index/packages
[1.057s] copying package.xml -> /home/ymzz/YMbot_ROS2/install/vr_receiver_tcp/share/vr_receiver_tcp
[1.057s] running install_egg_info
[1.072s] removing '/home/ymzz/YMbot_ROS2/install/vr_receiver_tcp/lib/python3.12/site-packages/vr_receiver_tcp-0.0.0-py3.12.egg-info' (and everything under it)
[1.072s] Copying ../../build/vr_receiver_tcp/vr_receiver_tcp.egg-info to /home/ymzz/YMbot_ROS2/install/vr_receiver_tcp/lib/python3.12/site-packages/vr_receiver_tcp-0.0.0-py3.12.egg-info
[1.073s] running install_scripts
[1.154s] Installing vr_receiver_tcp script to /home/ymzz/YMbot_ROS2/install/vr_receiver_tcp/lib/vr_receiver_tcp
[1.154s] writing list of installed files to '/home/ymzz/YMbot_ROS2/build/vr_receiver_tcp/install.log'
[1.186s] Invoked command in '/home/ymzz/YMbot_ROS2/src/vr_receiver_tcp' returned '0': CONDA_PROMPT_MODIFIER=(lerobot) DEBUGINFOD_URLS=https://debuginfod.ubuntu.com PYTHONPATH=/home/ymzz/YMbot_ROS2/build/vr_receiver_tcp/prefix_override:/home/ymzz/anaconda3/envs/lerobot/lib/python3.12/site-packages/colcon_core/task/python/colcon_distutils_commands:/home/ymzz/YMbot_ROS2/install/vr_receiver_tcp/lib/python3.12/site-packages:${PYTHONPATH} /home/ymzz/anaconda3/envs/lerobot/bin/python3.12 -W ignore:setup.py install is deprecated -W ignore:easy_install command is deprecated setup.py egg_info --egg-base ../../build/vr_receiver_tcp build --build-base /home/ymzz/YMbot_ROS2/build/vr_receiver_tcp/build install --record /home/ymzz/YMbot_ROS2/build/vr_receiver_tcp/install.log --single-version-externally-managed install_data
