running develop
Removing /home/ymzz/YMbot_ROS2/install/start_robot/lib/python3.12/site-packages/start-robot.egg-link (link to .)
running egg_info
writing ../../build/start_robot/start_robot.egg-info/PKG-INFO
writing dependency_links to ../../build/start_robot/start_robot.egg-info/dependency_links.txt
writing requirements to ../../build/start_robot/start_robot.egg-info/requires.txt
writing top-level names to ../../build/start_robot/start_robot.egg-info/top_level.txt
reading manifest file '../../build/start_robot/start_robot.egg-info/SOURCES.txt'
writing manifest file '../../build/start_robot/start_robot.egg-info/SOURCES.txt'
running build
running install
running install_data
copying resource/start_robot -> /home/ymzz/YMbot_ROS2/install/start_robot/share/ament_index/resource_index/packages
copying package.xml -> /home/ymzz/YMbot_ROS2/install/start_robot/share/start_robot
copying launch/run.launch.py -> /home/ymzz/YMbot_ROS2/install/start_robot/share/start_robot/launch
copying launch/rs_multi_camera_launch.py -> /home/ymzz/YMbot_ROS2/install/start_robot/share/start_robot/launch
copying launch/gemini2L_recorder_launch.py -> /home/ymzz/YMbot_ROS2/install/start_robot/share/start_robot/launch
copying launch/rs_single_camera_launch.py -> /home/ymzz/YMbot_ROS2/install/start_robot/share/start_robot/launch
copying launch/rs_launch.py -> /home/ymzz/YMbot_ROS2/install/start_robot/share/start_robot/launch
running install_egg_info
Copying ../../build/start_robot/start_robot.egg-info to /home/ymzz/YMbot_ROS2/install/start_robot/lib/python3.12/site-packages/start_robot-0.0.0-py3.12.egg-info
running install_scripts
writing list of installed files to '/home/ymzz/YMbot_ROS2/build/start_robot/install.log'
