[0.664s] Invoking command in '/home/ymzz/YMbot_ROS2/build/vr_receiver_tcp': CONDA_PROMPT_MODIFIER=(base) DEBUGINFOD_URLS=https://debuginfod.ubuntu.com PYTHONPATH=/home/ymzz/YMbot_ROS2/build/vr_receiver_tcp/prefix_override:/usr/lib/python3/dist-packages/colcon_core/task/python/colcon_distutils_commands:/home/ymzz/YMbot_ROS2/install/vr_receiver_tcp/lib/python3.12/site-packages:${PYTHONPATH} /usr/bin/python3 -W ignore:setup.py install is deprecated -W ignore:easy_install command is deprecated setup.py develop --uninstall --editable --build-directory /home/ymzz/YMbot_ROS2/build/vr_receiver_tcp/build
[0.922s] running develop
[1.090s] Removing /home/ymzz/YMbot_ROS2/install/vr_receiver_tcp/lib/python3.12/site-packages/vr-receiver-tcp.egg-link (link to .)
[1.118s] Invoked command in '/home/ymzz/YMbot_ROS2/build/vr_receiver_tcp' returned '0': CONDA_PROMPT_MODIFIER=(base) DEBUGINFOD_URLS=https://debuginfod.ubuntu.com PYTHONPATH=/home/ymzz/YMbot_ROS2/build/vr_receiver_tcp/prefix_override:/usr/lib/python3/dist-packages/colcon_core/task/python/colcon_distutils_commands:/home/ymzz/YMbot_ROS2/install/vr_receiver_tcp/lib/python3.12/site-packages:${PYTHONPATH} /usr/bin/python3 -W ignore:setup.py install is deprecated -W ignore:easy_install command is deprecated setup.py develop --uninstall --editable --build-directory /home/ymzz/YMbot_ROS2/build/vr_receiver_tcp/build
[1.119s] Invoking command in '/home/ymzz/YMbot_ROS2/src/vr_receiver_tcp': CONDA_PROMPT_MODIFIER=(base) DEBUGINFOD_URLS=https://debuginfod.ubuntu.com PYTHONPATH=/home/ymzz/YMbot_ROS2/build/vr_receiver_tcp/prefix_override:/usr/lib/python3/dist-packages/colcon_core/task/python/colcon_distutils_commands:/home/ymzz/YMbot_ROS2/install/vr_receiver_tcp/lib/python3.12/site-packages:${PYTHONPATH} /usr/bin/python3 -W ignore:setup.py install is deprecated -W ignore:easy_install command is deprecated setup.py egg_info --egg-base ../../build/vr_receiver_tcp build --build-base /home/ymzz/YMbot_ROS2/build/vr_receiver_tcp/build install --record /home/ymzz/YMbot_ROS2/build/vr_receiver_tcp/install.log --single-version-externally-managed install_data --force
[1.334s] running egg_info
[1.352s] writing ../../build/vr_receiver_tcp/vr_receiver_tcp.egg-info/PKG-INFO
[1.352s] writing dependency_links to ../../build/vr_receiver_tcp/vr_receiver_tcp.egg-info/dependency_links.txt
[1.352s] writing entry points to ../../build/vr_receiver_tcp/vr_receiver_tcp.egg-info/entry_points.txt
[1.352s] writing requirements to ../../build/vr_receiver_tcp/vr_receiver_tcp.egg-info/requires.txt
[1.352s] writing top-level names to ../../build/vr_receiver_tcp/vr_receiver_tcp.egg-info/top_level.txt
[1.384s] reading manifest file '../../build/vr_receiver_tcp/vr_receiver_tcp.egg-info/SOURCES.txt'
[1.385s] writing manifest file '../../build/vr_receiver_tcp/vr_receiver_tcp.egg-info/SOURCES.txt'
[1.385s] running build
[1.385s] running build_py
[1.385s] copying vr_receiver_tcp/vr_receiver_tcp.py -> /home/ymzz/YMbot_ROS2/build/vr_receiver_tcp/build/lib/vr_receiver_tcp
[1.385s] running install
[1.390s] running install_lib
[1.405s] creating /home/ymzz/YMbot_ROS2/install/vr_receiver_tcp/lib/python3.12/site-packages/vr_receiver_tcp
[1.406s] copying /home/ymzz/YMbot_ROS2/build/vr_receiver_tcp/build/lib/vr_receiver_tcp/vr_receiver_tcp.py -> /home/ymzz/YMbot_ROS2/install/vr_receiver_tcp/lib/python3.12/site-packages/vr_receiver_tcp
[1.406s] copying /home/ymzz/YMbot_ROS2/build/vr_receiver_tcp/build/lib/vr_receiver_tcp/__init__.py -> /home/ymzz/YMbot_ROS2/install/vr_receiver_tcp/lib/python3.12/site-packages/vr_receiver_tcp
[1.406s] byte-compiling /home/ymzz/YMbot_ROS2/install/vr_receiver_tcp/lib/python3.12/site-packages/vr_receiver_tcp/vr_receiver_tcp.py to vr_receiver_tcp.cpython-312.pyc
[1.410s] byte-compiling /home/ymzz/YMbot_ROS2/install/vr_receiver_tcp/lib/python3.12/site-packages/vr_receiver_tcp/__init__.py to __init__.cpython-312.pyc
[1.410s] running install_data
[1.410s] copying resource/vr_receiver_tcp -> /home/ymzz/YMbot_ROS2/install/vr_receiver_tcp/share/ament_index/resource_index/packages
[1.410s] copying package.xml -> /home/ymzz/YMbot_ROS2/install/vr_receiver_tcp/share/vr_receiver_tcp
[1.410s] running install_egg_info
[1.426s] Copying ../../build/vr_receiver_tcp/vr_receiver_tcp.egg-info to /home/ymzz/YMbot_ROS2/install/vr_receiver_tcp/lib/python3.12/site-packages/vr_receiver_tcp-0.0.0-py3.12.egg-info
[1.427s] running install_scripts
[1.537s] Installing vr_receiver_tcp script to /home/ymzz/YMbot_ROS2/install/vr_receiver_tcp/lib/vr_receiver_tcp
[1.537s] writing list of installed files to '/home/ymzz/YMbot_ROS2/build/vr_receiver_tcp/install.log'
[1.563s] Invoked command in '/home/ymzz/YMbot_ROS2/src/vr_receiver_tcp' returned '0': CONDA_PROMPT_MODIFIER=(base) DEBUGINFOD_URLS=https://debuginfod.ubuntu.com PYTHONPATH=/home/ymzz/YMbot_ROS2/build/vr_receiver_tcp/prefix_override:/usr/lib/python3/dist-packages/colcon_core/task/python/colcon_distutils_commands:/home/ymzz/YMbot_ROS2/install/vr_receiver_tcp/lib/python3.12/site-packages:${PYTHONPATH} /usr/bin/python3 -W ignore:setup.py install is deprecated -W ignore:easy_install command is deprecated setup.py egg_info --egg-base ../../build/vr_receiver_tcp build --build-base /home/ymzz/YMbot_ROS2/build/vr_receiver_tcp/build install --record /home/ymzz/YMbot_ROS2/build/vr_receiver_tcp/install.log --single-version-externally-managed install_data --force
