[0.000000] (-) TimerEvent: {}
[0.000303] (-) JobUnselected: {'identifier': 'chassis_driver_node'}
[0.000340] (-) JobUnselected: {'identifier': 'ik_solver_pkg'}
[0.000463] (-) JobUnselected: {'identifier': 'inspire_hand'}
[0.000484] (-) JobUnselected: {'identifier': 'keyboard_control'}
[0.000501] (-) JobUnselected: {'identifier': 'orbbec_camera'}
[0.000517] (-) JobUnselected: {'identifier': 'orbbec_camera_msgs'}
[0.000534] (-) JobUnselected: {'identifier': 'orbbec_description'}
[0.000550] (-) JobUnselected: {'identifier': 'realsense2_camera'}
[0.000565] (-) JobUnselected: {'identifier': 'realsense2_camera_msgs'}
[0.000583] (-) JobUnselected: {'identifier': 'realsense2_description'}
[0.000599] (-) JobUnselected: {'identifier': 'relay_ctrl_node'}
[0.000616] (-) JobUnselected: {'identifier': 'remote_operate_pkg'}
[0.000633] (-) JobUnselected: {'identifier': 'rviz2_rotatable_image_plugin'}
[0.000648] (-) JobUnselected: {'identifier': 'vr_receiver_tcp'}
[0.000665] (-) JobUnselected: {'identifier': 'vr_receiver_tcp'}
[0.000680] (-) JobUnselected: {'identifier': 'ymbot_d_control'}
[0.000694] (-) JobUnselected: {'identifier': 'ymbot_d_description'}
[0.000709] (-) JobUnselected: {'identifier': 'ymbot_d_moveit_config'}
[0.000722] (-) JobUnselected: {'identifier': 'ymbot_d_ros2_controller_sharedmemory'}
[0.000738] (-) JobUnselected: {'identifier': 'ymbot_d_sharedmemory_driver'}
[0.000757] (-) JobUnselected: {'identifier': 'ymrobot_msgs'}
[0.000771] (-) EventReactorShutdown: {}
