[0.000000] (-) TimerEvent: {}
[0.000178] (-) JobUnselected: {'identifier': 'chassis_driver_node'}
[0.000209] (-) JobUnselected: {'identifier': 'ik_solver_pkg'}
[0.000228] (-) JobUnselected: {'identifier': 'inspire_hand'}
[0.000245] (-) JobUnselected: {'identifier': 'keyboard_control'}
[0.000261] (-) JobUnselected: {'identifier': 'orbbec_camera'}
[0.000278] (-) JobUnselected: {'identifier': 'orbbec_camera_msgs'}
[0.000293] (-) JobUnselected: {'identifier': 'orbbec_description'}
[0.000309] (-) JobUnselected: {'identifier': 'realsense2_camera'}
[0.000323] (-) JobUnselected: {'identifier': 'realsense2_camera_msgs'}
[0.000338] (-) JobUnselected: {'identifier': 'realsense2_description'}
[0.000352] (-) JobUnselected: {'identifier': 'relay_ctrl_node'}
[0.000367] (-) JobUnselected: {'identifier': 'remote_operate_pkg'}
[0.000382] (-) JobUnselected: {'identifier': 'rviz2_rotatable_image_plugin'}
[0.000396] (-) JobUnselected: {'identifier': 'vr_receiver_tcp'}
[0.000410] (-) JobUnselected: {'identifier': 'vr_receiver_tcp'}
[0.000424] (-) JobUnselected: {'identifier': 'ymbot_d_control'}
[0.000438] (-) JobUnselected: {'identifier': 'ymbot_d_description'}
[0.000450] (-) JobUnselected: {'identifier': 'ymbot_d_moveit_config'}
[0.000463] (-) JobUnselected: {'identifier': 'ymbot_d_ros2_controller_sharedmemory'}
[0.000475] (-) JobUnselected: {'identifier': 'ymbot_d_sharedmemory_driver'}
[0.000493] (-) JobUnselected: {'identifier': 'ymrobot_msgs'}
[0.000508] (-) EventReactorShutdown: {}
