running egg_info
writing ../../build/start_robot/start_robot.egg-info/PKG-INFO
writing dependency_links to ../../build/start_robot/start_robot.egg-info/dependency_links.txt
writing entry points to ../../build/start_robot/start_robot.egg-info/entry_points.txt
writing requirements to ../../build/start_robot/start_robot.egg-info/requires.txt
writing top-level names to ../../build/start_robot/start_robot.egg-info/top_level.txt
reading manifest file '../../build/start_robot/start_robot.egg-info/SOURCES.txt'
writing manifest file '../../build/start_robot/start_robot.egg-info/SOURCES.txt'
running build
running build_py
copying start_robot/__init__.py -> /home/ymzz/YMbot_ROS2/build/start_robot/build/lib/start_robot
copying start_robot/real_lerobot_collector.py -> /home/ymzz/YMbot_ROS2/build/start_robot/build/lib/start_robot
running install
running install_lib
copying /home/ymzz/YMbot_ROS2/build/start_robot/build/lib/start_robot/real_lerobot_collector.py -> /home/ymzz/YMbot_ROS2/install/start_robot/lib/python3.12/site-packages/start_robot
byte-compiling /home/ymzz/YMbot_ROS2/install/start_robot/lib/python3.12/site-packages/start_robot/real_lerobot_collector.py to real_lerobot_collector.cpython-312.pyc
running install_data
copying launch/run.launch.py -> /home/ymzz/YMbot_ROS2/install/start_robot/share/start_robot/launch
running install_egg_info
removing '/home/ymzz/YMbot_ROS2/install/start_robot/lib/python3.12/site-packages/start_robot-0.0.0-py3.12.egg-info' (and everything under it)
Copying ../../build/start_robot/start_robot.egg-info to /home/ymzz/YMbot_ROS2/install/start_robot/lib/python3.12/site-packages/start_robot-0.0.0-py3.12.egg-info
running install_scripts
Installing real_lerobot_collector script to /home/ymzz/YMbot_ROS2/install/start_robot/lib/start_robot
writing list of installed files to '/home/ymzz/YMbot_ROS2/build/start_robot/install.log'
