[0.190s] DEBUG:colcon:Command line arguments: ['/home/ymzz/anaconda3/envs/lerobot/bin/colcon', 'build', '--symlink-install', '--packages-select', 'chassis_driver_node']
[0.190s] DEBUG:colcon:Parsed command line arguments: Namespace(log_base=None, log_level=None, verb_name='build', build_base='build', install_base='install', merge_install=False, symlink_install=True, test_result_base=None, continue_on_error=False, executor='parallel', parallel_workers=20, event_handlers=None, ignore_user_meta=False, metas=['./colcon.meta'], base_paths=['.'], packages_ignore=None, packages_ignore_regex=None, paths=None, packages_up_to=None, packages_up_to_regex=None, packages_above=None, packages_above_and_dependencies=None, packages_above_depth=None, packages_select_by_dep=None, packages_skip_by_dep=None, packages_skip_up_to=None, packages_select_build_failed=False, packages_skip_build_finished=False, packages_select_test_failures=False, packages_skip_test_passed=False, packages_select=['chassis_driver_node'], packages_skip=None, packages_select_regex=None, packages_skip_regex=None, packages_start=None, packages_end=None, cmake_args=None, cmake_target=None, cmake_target_skip_unavailable=False, cmake_clean_cache=False, cmake_clean_first=False, cmake_force_configure=False, ament_cmake_args=None, catkin_cmake_args=None, catkin_skip_building_tests=False, verb_parser=<colcon_defaults.argument_parser.defaults.DefaultArgumentsDecorator object at 0x73725de83770>, verb_extension=<colcon_core.verb.build.BuildVerb object at 0x73725de82e10>, main=<bound method BuildVerb.main of <colcon_core.verb.build.BuildVerb object at 0x73725de82e10>>)
[0.222s] Level 1:colcon.colcon_core.package_discovery:discover_packages(colcon_meta) check parameters
[0.222s] Level 1:colcon.colcon_core.package_discovery:discover_packages(recursive) check parameters
[0.222s] Level 1:colcon.colcon_core.package_discovery:discover_packages(ignore) check parameters
[0.222s] Level 1:colcon.colcon_core.package_discovery:discover_packages(path) check parameters
[0.222s] Level 1:colcon.colcon_core.package_discovery:discover_packages(colcon_meta) discover
[0.222s] Level 1:colcon.colcon_core.package_discovery:discover_packages(recursive) discover
[0.222s] INFO:colcon.colcon_core.package_discovery:Crawling recursively for packages in '/home/ymzz/YMbot_ROS2'
[0.222s] Level 1:colcon.colcon_core.package_identification:_identify(.) by extensions ['ignore', 'ignore_ament_install']
[0.222s] Level 1:colcon.colcon_core.package_identification:_identify(.) by extension 'ignore'
[0.222s] Level 1:colcon.colcon_core.package_identification:_identify(.) by extension 'ignore_ament_install'
[0.222s] Level 1:colcon.colcon_core.package_identification:_identify(.) by extensions ['colcon_pkg']
[0.222s] Level 1:colcon.colcon_core.package_identification:_identify(.) by extension 'colcon_pkg'
[0.222s] Level 1:colcon.colcon_core.package_identification:_identify(.) by extensions ['colcon_meta']
[0.222s] Level 1:colcon.colcon_core.package_identification:_identify(.) by extension 'colcon_meta'
[0.222s] Level 1:colcon.colcon_core.package_identification:_identify(.) by extensions ['ros']
[0.222s] Level 1:colcon.colcon_core.package_identification:_identify(.) by extension 'ros'
[0.260s] Level 1:colcon.colcon_core.package_identification:_identify(.) by extensions ['cmake', 'python']
[0.260s] Level 1:colcon.colcon_core.package_identification:_identify(.) by extension 'cmake'
[0.260s] Level 1:colcon.colcon_core.package_identification:_identify(.) by extension 'python'
[0.260s] Level 1:colcon.colcon_core.package_identification:_identify(.) by extensions ['python_setup_py']
[0.260s] Level 1:colcon.colcon_core.package_identification:_identify(.) by extension 'python_setup_py'
[0.260s] Level 1:colcon.colcon_core.package_identification:_identify(Log) by extensions ['ignore', 'ignore_ament_install']
[0.260s] Level 1:colcon.colcon_core.package_identification:_identify(Log) by extension 'ignore'
[0.260s] Level 1:colcon.colcon_core.package_identification:_identify(Log) by extension 'ignore_ament_install'
[0.260s] Level 1:colcon.colcon_core.package_identification:_identify(Log) by extensions ['colcon_pkg']
[0.260s] Level 1:colcon.colcon_core.package_identification:_identify(Log) by extension 'colcon_pkg'
[0.260s] Level 1:colcon.colcon_core.package_identification:_identify(Log) by extensions ['colcon_meta']
[0.260s] Level 1:colcon.colcon_core.package_identification:_identify(Log) by extension 'colcon_meta'
[0.260s] Level 1:colcon.colcon_core.package_identification:_identify(Log) by extensions ['ros']
[0.260s] Level 1:colcon.colcon_core.package_identification:_identify(Log) by extension 'ros'
[0.260s] Level 1:colcon.colcon_core.package_identification:_identify(Log) by extensions ['cmake', 'python']
[0.260s] Level 1:colcon.colcon_core.package_identification:_identify(Log) by extension 'cmake'
[0.260s] Level 1:colcon.colcon_core.package_identification:_identify(Log) by extension 'python'
[0.260s] Level 1:colcon.colcon_core.package_identification:_identify(Log) by extensions ['python_setup_py']
[0.260s] Level 1:colcon.colcon_core.package_identification:_identify(Log) by extension 'python_setup_py'
[0.260s] Level 1:colcon.colcon_core.package_identification:_identify(build) by extensions ['ignore', 'ignore_ament_install']
[0.260s] Level 1:colcon.colcon_core.package_identification:_identify(build) by extension 'ignore'
[0.260s] Level 1:colcon.colcon_core.package_identification:_identify(build) ignored
[0.260s] Level 1:colcon.colcon_core.package_identification:_identify(install) by extensions ['ignore', 'ignore_ament_install']
[0.260s] Level 1:colcon.colcon_core.package_identification:_identify(install) by extension 'ignore'
[0.261s] Level 1:colcon.colcon_core.package_identification:_identify(install) ignored
[0.261s] Level 1:colcon.colcon_core.package_identification:_identify(log) by extensions ['ignore', 'ignore_ament_install']
[0.261s] Level 1:colcon.colcon_core.package_identification:_identify(log) by extension 'ignore'
[0.261s] Level 1:colcon.colcon_core.package_identification:_identify(log) ignored
[0.261s] Level 1:colcon.colcon_core.package_identification:_identify(src) by extensions ['ignore', 'ignore_ament_install']
[0.261s] Level 1:colcon.colcon_core.package_identification:_identify(src) by extension 'ignore'
[0.261s] Level 1:colcon.colcon_core.package_identification:_identify(src) by extension 'ignore_ament_install'
[0.261s] Level 1:colcon.colcon_core.package_identification:_identify(src) by extensions ['colcon_pkg']
[0.261s] Level 1:colcon.colcon_core.package_identification:_identify(src) by extension 'colcon_pkg'
[0.261s] Level 1:colcon.colcon_core.package_identification:_identify(src) by extensions ['colcon_meta']
[0.261s] Level 1:colcon.colcon_core.package_identification:_identify(src) by extension 'colcon_meta'
[0.261s] Level 1:colcon.colcon_core.package_identification:_identify(src) by extensions ['ros']
[0.261s] Level 1:colcon.colcon_core.package_identification:_identify(src) by extension 'ros'
[0.261s] Level 1:colcon.colcon_core.package_identification:_identify(src) by extensions ['cmake', 'python']
[0.261s] Level 1:colcon.colcon_core.package_identification:_identify(src) by extension 'cmake'
[0.261s] Level 1:colcon.colcon_core.package_identification:_identify(src) by extension 'python'
[0.261s] Level 1:colcon.colcon_core.package_identification:_identify(src) by extensions ['python_setup_py']
[0.261s] Level 1:colcon.colcon_core.package_identification:_identify(src) by extension 'python_setup_py'
[0.261s] Level 1:colcon.colcon_core.package_identification:_identify(src/Drill_effector) by extensions ['ignore', 'ignore_ament_install']
[0.261s] Level 1:colcon.colcon_core.package_identification:_identify(src/Drill_effector) by extension 'ignore'
[0.261s] Level 1:colcon.colcon_core.package_identification:_identify(src/Drill_effector) by extension 'ignore_ament_install'
[0.261s] Level 1:colcon.colcon_core.package_identification:_identify(src/Drill_effector) by extensions ['colcon_pkg']
[0.261s] Level 1:colcon.colcon_core.package_identification:_identify(src/Drill_effector) by extension 'colcon_pkg'
[0.261s] Level 1:colcon.colcon_core.package_identification:_identify(src/Drill_effector) by extensions ['colcon_meta']
[0.261s] Level 1:colcon.colcon_core.package_identification:_identify(src/Drill_effector) by extension 'colcon_meta'
[0.261s] Level 1:colcon.colcon_core.package_identification:_identify(src/Drill_effector) by extensions ['ros']
[0.261s] Level 1:colcon.colcon_core.package_identification:_identify(src/Drill_effector) by extension 'ros'
[0.261s] Level 1:colcon.colcon_core.package_identification:_identify(src/Drill_effector) by extensions ['cmake', 'python']
[0.261s] Level 1:colcon.colcon_core.package_identification:_identify(src/Drill_effector) by extension 'cmake'
[0.261s] Level 1:colcon.colcon_core.package_identification:_identify(src/Drill_effector) by extension 'python'
[0.261s] Level 1:colcon.colcon_core.package_identification:_identify(src/Drill_effector) by extensions ['python_setup_py']
[0.261s] Level 1:colcon.colcon_core.package_identification:_identify(src/Drill_effector) by extension 'python_setup_py'
[0.261s] Level 1:colcon.colcon_core.package_identification:_identify(src/Drill_effector/relay_ctrl_node) by extensions ['ignore', 'ignore_ament_install']
[0.262s] Level 1:colcon.colcon_core.package_identification:_identify(src/Drill_effector/relay_ctrl_node) by extension 'ignore'
[0.262s] Level 1:colcon.colcon_core.package_identification:_identify(src/Drill_effector/relay_ctrl_node) by extension 'ignore_ament_install'
[0.262s] Level 1:colcon.colcon_core.package_identification:_identify(src/Drill_effector/relay_ctrl_node) by extensions ['colcon_pkg']
[0.262s] Level 1:colcon.colcon_core.package_identification:_identify(src/Drill_effector/relay_ctrl_node) by extension 'colcon_pkg'
[0.262s] Level 1:colcon.colcon_core.package_identification:_identify(src/Drill_effector/relay_ctrl_node) by extensions ['colcon_meta']
[0.262s] Level 1:colcon.colcon_core.package_identification:_identify(src/Drill_effector/relay_ctrl_node) by extension 'colcon_meta'
[0.262s] Level 1:colcon.colcon_core.package_identification:_identify(src/Drill_effector/relay_ctrl_node) by extensions ['ros']
[0.262s] Level 1:colcon.colcon_core.package_identification:_identify(src/Drill_effector/relay_ctrl_node) by extension 'ros'
[0.264s] DEBUG:colcon.colcon_core.package_identification:Package 'src/Drill_effector/relay_ctrl_node' with type 'ros.ament_python' and name 'relay_ctrl_node'
[0.264s] Level 1:colcon.colcon_core.package_identification:_identify(src/Drill_effector/ymrobot_msgs) by extensions ['ignore', 'ignore_ament_install']
[0.265s] Level 1:colcon.colcon_core.package_identification:_identify(src/Drill_effector/ymrobot_msgs) by extension 'ignore'
[0.265s] Level 1:colcon.colcon_core.package_identification:_identify(src/Drill_effector/ymrobot_msgs) by extension 'ignore_ament_install'
[0.265s] Level 1:colcon.colcon_core.package_identification:_identify(src/Drill_effector/ymrobot_msgs) by extensions ['colcon_pkg']
[0.265s] Level 1:colcon.colcon_core.package_identification:_identify(src/Drill_effector/ymrobot_msgs) by extension 'colcon_pkg'
[0.265s] Level 1:colcon.colcon_core.package_identification:_identify(src/Drill_effector/ymrobot_msgs) by extensions ['colcon_meta']
[0.265s] Level 1:colcon.colcon_core.package_identification:_identify(src/Drill_effector/ymrobot_msgs) by extension 'colcon_meta'
[0.265s] Level 1:colcon.colcon_core.package_identification:_identify(src/Drill_effector/ymrobot_msgs) by extensions ['ros']
[0.265s] Level 1:colcon.colcon_core.package_identification:_identify(src/Drill_effector/ymrobot_msgs) by extension 'ros'
[0.265s] DEBUG:colcon.colcon_core.package_identification:Package 'src/Drill_effector/ymrobot_msgs' with type 'ros.ament_cmake' and name 'ymrobot_msgs'
[0.266s] Level 1:colcon.colcon_core.package_identification:_identify(src/OrbbecSDK_ROS2) by extensions ['ignore', 'ignore_ament_install']
[0.266s] Level 1:colcon.colcon_core.package_identification:_identify(src/OrbbecSDK_ROS2) by extension 'ignore'
[0.266s] Level 1:colcon.colcon_core.package_identification:_identify(src/OrbbecSDK_ROS2) by extension 'ignore_ament_install'
[0.266s] Level 1:colcon.colcon_core.package_identification:_identify(src/OrbbecSDK_ROS2) by extensions ['colcon_pkg']
[0.266s] Level 1:colcon.colcon_core.package_identification:_identify(src/OrbbecSDK_ROS2) by extension 'colcon_pkg'
[0.266s] Level 1:colcon.colcon_core.package_identification:_identify(src/OrbbecSDK_ROS2) by extensions ['colcon_meta']
[0.266s] Level 1:colcon.colcon_core.package_identification:_identify(src/OrbbecSDK_ROS2) by extension 'colcon_meta'
[0.266s] Level 1:colcon.colcon_core.package_identification:_identify(src/OrbbecSDK_ROS2) by extensions ['ros']
[0.266s] Level 1:colcon.colcon_core.package_identification:_identify(src/OrbbecSDK_ROS2) by extension 'ros'
[0.266s] Level 1:colcon.colcon_core.package_identification:_identify(src/OrbbecSDK_ROS2) by extensions ['cmake', 'python']
[0.266s] Level 1:colcon.colcon_core.package_identification:_identify(src/OrbbecSDK_ROS2) by extension 'cmake'
[0.266s] Level 1:colcon.colcon_core.package_identification:_identify(src/OrbbecSDK_ROS2) by extension 'python'
[0.266s] Level 1:colcon.colcon_core.package_identification:_identify(src/OrbbecSDK_ROS2) by extensions ['python_setup_py']
[0.266s] Level 1:colcon.colcon_core.package_identification:_identify(src/OrbbecSDK_ROS2) by extension 'python_setup_py'
[0.266s] Level 1:colcon.colcon_core.package_identification:_identify(src/OrbbecSDK_ROS2/docs) by extensions ['ignore', 'ignore_ament_install']
[0.266s] Level 1:colcon.colcon_core.package_identification:_identify(src/OrbbecSDK_ROS2/docs) by extension 'ignore'
[0.266s] Level 1:colcon.colcon_core.package_identification:_identify(src/OrbbecSDK_ROS2/docs) by extension 'ignore_ament_install'
[0.266s] Level 1:colcon.colcon_core.package_identification:_identify(src/OrbbecSDK_ROS2/docs) by extensions ['colcon_pkg']
[0.266s] Level 1:colcon.colcon_core.package_identification:_identify(src/OrbbecSDK_ROS2/docs) by extension 'colcon_pkg'
[0.266s] Level 1:colcon.colcon_core.package_identification:_identify(src/OrbbecSDK_ROS2/docs) by extensions ['colcon_meta']
[0.266s] Level 1:colcon.colcon_core.package_identification:_identify(src/OrbbecSDK_ROS2/docs) by extension 'colcon_meta'
[0.266s] Level 1:colcon.colcon_core.package_identification:_identify(src/OrbbecSDK_ROS2/docs) by extensions ['ros']
[0.266s] Level 1:colcon.colcon_core.package_identification:_identify(src/OrbbecSDK_ROS2/docs) by extension 'ros'
[0.266s] Level 1:colcon.colcon_core.package_identification:_identify(src/OrbbecSDK_ROS2/docs) by extensions ['cmake', 'python']
[0.266s] Level 1:colcon.colcon_core.package_identification:_identify(src/OrbbecSDK_ROS2/docs) by extension 'cmake'
[0.266s] Level 1:colcon.colcon_core.package_identification:_identify(src/OrbbecSDK_ROS2/docs) by extension 'python'
[0.266s] Level 1:colcon.colcon_core.package_identification:_identify(src/OrbbecSDK_ROS2/docs) by extensions ['python_setup_py']
[0.266s] Level 1:colcon.colcon_core.package_identification:_identify(src/OrbbecSDK_ROS2/docs) by extension 'python_setup_py'
[0.266s] Level 1:colcon.colcon_core.package_identification:_identify(src/OrbbecSDK_ROS2/docs/images) by extensions ['ignore', 'ignore_ament_install']
[0.267s] Level 1:colcon.colcon_core.package_identification:_identify(src/OrbbecSDK_ROS2/docs/images) by extension 'ignore'
[0.267s] Level 1:colcon.colcon_core.package_identification:_identify(src/OrbbecSDK_ROS2/docs/images) by extension 'ignore_ament_install'
[0.267s] Level 1:colcon.colcon_core.package_identification:_identify(src/OrbbecSDK_ROS2/docs/images) by extensions ['colcon_pkg']
[0.267s] Level 1:colcon.colcon_core.package_identification:_identify(src/OrbbecSDK_ROS2/docs/images) by extension 'colcon_pkg'
[0.267s] Level 1:colcon.colcon_core.package_identification:_identify(src/OrbbecSDK_ROS2/docs/images) by extensions ['colcon_meta']
[0.267s] Level 1:colcon.colcon_core.package_identification:_identify(src/OrbbecSDK_ROS2/docs/images) by extension 'colcon_meta'
[0.267s] Level 1:colcon.colcon_core.package_identification:_identify(src/OrbbecSDK_ROS2/docs/images) by extensions ['ros']
[0.267s] Level 1:colcon.colcon_core.package_identification:_identify(src/OrbbecSDK_ROS2/docs/images) by extension 'ros'
[0.267s] Level 1:colcon.colcon_core.package_identification:_identify(src/OrbbecSDK_ROS2/docs/images) by extensions ['cmake', 'python']
[0.267s] Level 1:colcon.colcon_core.package_identification:_identify(src/OrbbecSDK_ROS2/docs/images) by extension 'cmake'
[0.267s] Level 1:colcon.colcon_core.package_identification:_identify(src/OrbbecSDK_ROS2/docs/images) by extension 'python'
[0.267s] Level 1:colcon.colcon_core.package_identification:_identify(src/OrbbecSDK_ROS2/docs/images) by extensions ['python_setup_py']
[0.267s] Level 1:colcon.colcon_core.package_identification:_identify(src/OrbbecSDK_ROS2/docs/images) by extension 'python_setup_py'
[0.267s] Level 1:colcon.colcon_core.package_identification:_identify(src/OrbbecSDK_ROS2/orbbec_camera) by extensions ['ignore', 'ignore_ament_install']
[0.267s] Level 1:colcon.colcon_core.package_identification:_identify(src/OrbbecSDK_ROS2/orbbec_camera) by extension 'ignore'
[0.267s] Level 1:colcon.colcon_core.package_identification:_identify(src/OrbbecSDK_ROS2/orbbec_camera) by extension 'ignore_ament_install'
[0.267s] Level 1:colcon.colcon_core.package_identification:_identify(src/OrbbecSDK_ROS2/orbbec_camera) by extensions ['colcon_pkg']
[0.267s] Level 1:colcon.colcon_core.package_identification:_identify(src/OrbbecSDK_ROS2/orbbec_camera) by extension 'colcon_pkg'
[0.267s] Level 1:colcon.colcon_core.package_identification:_identify(src/OrbbecSDK_ROS2/orbbec_camera) by extensions ['colcon_meta']
[0.267s] Level 1:colcon.colcon_core.package_identification:_identify(src/OrbbecSDK_ROS2/orbbec_camera) by extension 'colcon_meta'
[0.267s] Level 1:colcon.colcon_core.package_identification:_identify(src/OrbbecSDK_ROS2/orbbec_camera) by extensions ['ros']
[0.267s] Level 1:colcon.colcon_core.package_identification:_identify(src/OrbbecSDK_ROS2/orbbec_camera) by extension 'ros'
[0.269s] DEBUG:colcon.colcon_core.package_identification:Package 'src/OrbbecSDK_ROS2/orbbec_camera' with type 'ros.ament_cmake' and name 'orbbec_camera'
[0.269s] Level 1:colcon.colcon_core.package_identification:_identify(src/OrbbecSDK_ROS2/orbbec_camera_msgs) by extensions ['ignore', 'ignore_ament_install']
[0.269s] Level 1:colcon.colcon_core.package_identification:_identify(src/OrbbecSDK_ROS2/orbbec_camera_msgs) by extension 'ignore'
[0.269s] Level 1:colcon.colcon_core.package_identification:_identify(src/OrbbecSDK_ROS2/orbbec_camera_msgs) by extension 'ignore_ament_install'
[0.269s] Level 1:colcon.colcon_core.package_identification:_identify(src/OrbbecSDK_ROS2/orbbec_camera_msgs) by extensions ['colcon_pkg']
[0.269s] Level 1:colcon.colcon_core.package_identification:_identify(src/OrbbecSDK_ROS2/orbbec_camera_msgs) by extension 'colcon_pkg'
[0.269s] Level 1:colcon.colcon_core.package_identification:_identify(src/OrbbecSDK_ROS2/orbbec_camera_msgs) by extensions ['colcon_meta']
[0.269s] Level 1:colcon.colcon_core.package_identification:_identify(src/OrbbecSDK_ROS2/orbbec_camera_msgs) by extension 'colcon_meta'
[0.269s] Level 1:colcon.colcon_core.package_identification:_identify(src/OrbbecSDK_ROS2/orbbec_camera_msgs) by extensions ['ros']
[0.269s] Level 1:colcon.colcon_core.package_identification:_identify(src/OrbbecSDK_ROS2/orbbec_camera_msgs) by extension 'ros'
[0.269s] DEBUG:colcon.colcon_core.package_identification:Package 'src/OrbbecSDK_ROS2/orbbec_camera_msgs' with type 'ros.ament_cmake' and name 'orbbec_camera_msgs'
[0.270s] Level 1:colcon.colcon_core.package_identification:_identify(src/OrbbecSDK_ROS2/orbbec_description) by extensions ['ignore', 'ignore_ament_install']
[0.270s] Level 1:colcon.colcon_core.package_identification:_identify(src/OrbbecSDK_ROS2/orbbec_description) by extension 'ignore'
[0.270s] Level 1:colcon.colcon_core.package_identification:_identify(src/OrbbecSDK_ROS2/orbbec_description) by extension 'ignore_ament_install'
[0.270s] Level 1:colcon.colcon_core.package_identification:_identify(src/OrbbecSDK_ROS2/orbbec_description) by extensions ['colcon_pkg']
[0.270s] Level 1:colcon.colcon_core.package_identification:_identify(src/OrbbecSDK_ROS2/orbbec_description) by extension 'colcon_pkg'
[0.270s] Level 1:colcon.colcon_core.package_identification:_identify(src/OrbbecSDK_ROS2/orbbec_description) by extensions ['colcon_meta']
[0.270s] Level 1:colcon.colcon_core.package_identification:_identify(src/OrbbecSDK_ROS2/orbbec_description) by extension 'colcon_meta'
[0.270s] Level 1:colcon.colcon_core.package_identification:_identify(src/OrbbecSDK_ROS2/orbbec_description) by extensions ['ros']
[0.270s] Level 1:colcon.colcon_core.package_identification:_identify(src/OrbbecSDK_ROS2/orbbec_description) by extension 'ros'
[0.270s] DEBUG:colcon.colcon_core.package_identification:Package 'src/OrbbecSDK_ROS2/orbbec_description' with type 'ros.ament_cmake' and name 'orbbec_description'
[0.270s] Level 1:colcon.colcon_core.package_identification:_identify(src/arm_vr_motion) by extensions ['ignore', 'ignore_ament_install']
[0.270s] Level 1:colcon.colcon_core.package_identification:_identify(src/arm_vr_motion) by extension 'ignore'
[0.270s] Level 1:colcon.colcon_core.package_identification:_identify(src/arm_vr_motion) by extension 'ignore_ament_install'
[0.270s] Level 1:colcon.colcon_core.package_identification:_identify(src/arm_vr_motion) by extensions ['colcon_pkg']
[0.270s] Level 1:colcon.colcon_core.package_identification:_identify(src/arm_vr_motion) by extension 'colcon_pkg'
[0.270s] Level 1:colcon.colcon_core.package_identification:_identify(src/arm_vr_motion) by extensions ['colcon_meta']
[0.270s] Level 1:colcon.colcon_core.package_identification:_identify(src/arm_vr_motion) by extension 'colcon_meta'
[0.270s] Level 1:colcon.colcon_core.package_identification:_identify(src/arm_vr_motion) by extensions ['ros']
[0.270s] Level 1:colcon.colcon_core.package_identification:_identify(src/arm_vr_motion) by extension 'ros'
[0.271s] DEBUG:colcon.colcon_core.package_identification:Package 'src/arm_vr_motion' with type 'ros.ament_python' and name 'ik_solver_pkg'
[0.271s] Level 1:colcon.colcon_core.package_identification:_identify(src/chassis_control) by extensions ['ignore', 'ignore_ament_install']
[0.271s] Level 1:colcon.colcon_core.package_identification:_identify(src/chassis_control) by extension 'ignore'
[0.271s] Level 1:colcon.colcon_core.package_identification:_identify(src/chassis_control) by extension 'ignore_ament_install'
[0.271s] Level 1:colcon.colcon_core.package_identification:_identify(src/chassis_control) by extensions ['colcon_pkg']
[0.271s] Level 1:colcon.colcon_core.package_identification:_identify(src/chassis_control) by extension 'colcon_pkg'
[0.271s] Level 1:colcon.colcon_core.package_identification:_identify(src/chassis_control) by extensions ['colcon_meta']
[0.271s] Level 1:colcon.colcon_core.package_identification:_identify(src/chassis_control) by extension 'colcon_meta'
[0.271s] Level 1:colcon.colcon_core.package_identification:_identify(src/chassis_control) by extensions ['ros']
[0.271s] Level 1:colcon.colcon_core.package_identification:_identify(src/chassis_control) by extension 'ros'
[0.271s] Level 1:colcon.colcon_core.package_identification:_identify(src/chassis_control) by extensions ['cmake', 'python']
[0.271s] Level 1:colcon.colcon_core.package_identification:_identify(src/chassis_control) by extension 'cmake'
[0.271s] Level 1:colcon.colcon_core.package_identification:_identify(src/chassis_control) by extension 'python'
[0.271s] Level 1:colcon.colcon_core.package_identification:_identify(src/chassis_control) by extensions ['python_setup_py']
[0.271s] Level 1:colcon.colcon_core.package_identification:_identify(src/chassis_control) by extension 'python_setup_py'
[0.271s] Level 1:colcon.colcon_core.package_identification:_identify(src/chassis_control/chassis_driver_node) by extensions ['ignore', 'ignore_ament_install']
[0.271s] Level 1:colcon.colcon_core.package_identification:_identify(src/chassis_control/chassis_driver_node) by extension 'ignore'
[0.271s] Level 1:colcon.colcon_core.package_identification:_identify(src/chassis_control/chassis_driver_node) by extension 'ignore_ament_install'
[0.271s] Level 1:colcon.colcon_core.package_identification:_identify(src/chassis_control/chassis_driver_node) by extensions ['colcon_pkg']
[0.271s] Level 1:colcon.colcon_core.package_identification:_identify(src/chassis_control/chassis_driver_node) by extension 'colcon_pkg'
[0.271s] Level 1:colcon.colcon_core.package_identification:_identify(src/chassis_control/chassis_driver_node) by extensions ['colcon_meta']
[0.271s] Level 1:colcon.colcon_core.package_identification:_identify(src/chassis_control/chassis_driver_node) by extension 'colcon_meta'
[0.271s] Level 1:colcon.colcon_core.package_identification:_identify(src/chassis_control/chassis_driver_node) by extensions ['ros']
[0.271s] Level 1:colcon.colcon_core.package_identification:_identify(src/chassis_control/chassis_driver_node) by extension 'ros'
[0.272s] DEBUG:colcon.colcon_core.package_identification:Package 'src/chassis_control/chassis_driver_node' with type 'ros.ament_cmake' and name 'chassis_driver_node'
[0.272s] Level 1:colcon.colcon_core.package_identification:_identify(src/chassis_control/keyboard_control) by extensions ['ignore', 'ignore_ament_install']
[0.272s] Level 1:colcon.colcon_core.package_identification:_identify(src/chassis_control/keyboard_control) by extension 'ignore'
[0.272s] Level 1:colcon.colcon_core.package_identification:_identify(src/chassis_control/keyboard_control) by extension 'ignore_ament_install'
[0.272s] Level 1:colcon.colcon_core.package_identification:_identify(src/chassis_control/keyboard_control) by extensions ['colcon_pkg']
[0.272s] Level 1:colcon.colcon_core.package_identification:_identify(src/chassis_control/keyboard_control) by extension 'colcon_pkg'
[0.272s] Level 1:colcon.colcon_core.package_identification:_identify(src/chassis_control/keyboard_control) by extensions ['colcon_meta']
[0.272s] Level 1:colcon.colcon_core.package_identification:_identify(src/chassis_control/keyboard_control) by extension 'colcon_meta'
[0.272s] Level 1:colcon.colcon_core.package_identification:_identify(src/chassis_control/keyboard_control) by extensions ['ros']
[0.272s] Level 1:colcon.colcon_core.package_identification:_identify(src/chassis_control/keyboard_control) by extension 'ros'
[0.273s] DEBUG:colcon.colcon_core.package_identification:Package 'src/chassis_control/keyboard_control' with type 'ros.ament_cmake' and name 'keyboard_control'
[0.273s] Level 1:colcon.colcon_core.package_identification:_identify(src/control) by extensions ['ignore', 'ignore_ament_install']
[0.273s] Level 1:colcon.colcon_core.package_identification:_identify(src/control) by extension 'ignore'
[0.273s] Level 1:colcon.colcon_core.package_identification:_identify(src/control) by extension 'ignore_ament_install'
[0.273s] Level 1:colcon.colcon_core.package_identification:_identify(src/control) by extensions ['colcon_pkg']
[0.273s] Level 1:colcon.colcon_core.package_identification:_identify(src/control) by extension 'colcon_pkg'
[0.273s] Level 1:colcon.colcon_core.package_identification:_identify(src/control) by extensions ['colcon_meta']
[0.273s] Level 1:colcon.colcon_core.package_identification:_identify(src/control) by extension 'colcon_meta'
[0.273s] Level 1:colcon.colcon_core.package_identification:_identify(src/control) by extensions ['ros']
[0.273s] Level 1:colcon.colcon_core.package_identification:_identify(src/control) by extension 'ros'
[0.273s] Level 1:colcon.colcon_core.package_identification:_identify(src/control) by extensions ['cmake', 'python']
[0.273s] Level 1:colcon.colcon_core.package_identification:_identify(src/control) by extension 'cmake'
[0.273s] Level 1:colcon.colcon_core.package_identification:_identify(src/control) by extension 'python'
[0.273s] Level 1:colcon.colcon_core.package_identification:_identify(src/control) by extensions ['python_setup_py']
[0.273s] Level 1:colcon.colcon_core.package_identification:_identify(src/control) by extension 'python_setup_py'
[0.274s] Level 1:colcon.colcon_core.package_identification:_identify(src/control/ymbot_d_control) by extensions ['ignore', 'ignore_ament_install']
[0.274s] Level 1:colcon.colcon_core.package_identification:_identify(src/control/ymbot_d_control) by extension 'ignore'
[0.274s] Level 1:colcon.colcon_core.package_identification:_identify(src/control/ymbot_d_control) by extension 'ignore_ament_install'
[0.274s] Level 1:colcon.colcon_core.package_identification:_identify(src/control/ymbot_d_control) by extensions ['colcon_pkg']
[0.274s] Level 1:colcon.colcon_core.package_identification:_identify(src/control/ymbot_d_control) by extension 'colcon_pkg'
[0.274s] Level 1:colcon.colcon_core.package_identification:_identify(src/control/ymbot_d_control) by extensions ['colcon_meta']
[0.274s] Level 1:colcon.colcon_core.package_identification:_identify(src/control/ymbot_d_control) by extension 'colcon_meta'
[0.274s] Level 1:colcon.colcon_core.package_identification:_identify(src/control/ymbot_d_control) by extensions ['ros']
[0.274s] Level 1:colcon.colcon_core.package_identification:_identify(src/control/ymbot_d_control) by extension 'ros'
[0.274s] DEBUG:colcon.colcon_core.package_identification:Package 'src/control/ymbot_d_control' with type 'ros.ament_cmake' and name 'ymbot_d_control'
[0.274s] Level 1:colcon.colcon_core.package_identification:_identify(src/control/ymbot_d_description) by extensions ['ignore', 'ignore_ament_install']
[0.275s] Level 1:colcon.colcon_core.package_identification:_identify(src/control/ymbot_d_description) by extension 'ignore'
[0.275s] Level 1:colcon.colcon_core.package_identification:_identify(src/control/ymbot_d_description) by extension 'ignore_ament_install'
[0.275s] Level 1:colcon.colcon_core.package_identification:_identify(src/control/ymbot_d_description) by extensions ['colcon_pkg']
[0.275s] Level 1:colcon.colcon_core.package_identification:_identify(src/control/ymbot_d_description) by extension 'colcon_pkg'
[0.275s] Level 1:colcon.colcon_core.package_identification:_identify(src/control/ymbot_d_description) by extensions ['colcon_meta']
[0.275s] Level 1:colcon.colcon_core.package_identification:_identify(src/control/ymbot_d_description) by extension 'colcon_meta'
[0.275s] Level 1:colcon.colcon_core.package_identification:_identify(src/control/ymbot_d_description) by extensions ['ros']
[0.275s] Level 1:colcon.colcon_core.package_identification:_identify(src/control/ymbot_d_description) by extension 'ros'
[0.275s] DEBUG:colcon.colcon_core.package_identification:Package 'src/control/ymbot_d_description' with type 'ros.ament_python' and name 'ymbot_d_description'
[0.275s] Level 1:colcon.colcon_core.package_identification:_identify(src/control/ymbot_d_moveit_config) by extensions ['ignore', 'ignore_ament_install']
[0.275s] Level 1:colcon.colcon_core.package_identification:_identify(src/control/ymbot_d_moveit_config) by extension 'ignore'
[0.275s] Level 1:colcon.colcon_core.package_identification:_identify(src/control/ymbot_d_moveit_config) by extension 'ignore_ament_install'
[0.276s] Level 1:colcon.colcon_core.package_identification:_identify(src/control/ymbot_d_moveit_config) by extensions ['colcon_pkg']
[0.276s] Level 1:colcon.colcon_core.package_identification:_identify(src/control/ymbot_d_moveit_config) by extension 'colcon_pkg'
[0.276s] Level 1:colcon.colcon_core.package_identification:_identify(src/control/ymbot_d_moveit_config) by extensions ['colcon_meta']
[0.276s] Level 1:colcon.colcon_core.package_identification:_identify(src/control/ymbot_d_moveit_config) by extension 'colcon_meta'
[0.276s] Level 1:colcon.colcon_core.package_identification:_identify(src/control/ymbot_d_moveit_config) by extensions ['ros']
[0.276s] Level 1:colcon.colcon_core.package_identification:_identify(src/control/ymbot_d_moveit_config) by extension 'ros'
[0.276s] DEBUG:colcon.colcon_core.package_identification:Package 'src/control/ymbot_d_moveit_config' with type 'ros.ament_cmake' and name 'ymbot_d_moveit_config'
[0.276s] Level 1:colcon.colcon_core.package_identification:_identify(src/control/ymbot_d_ros2_controller_sharedmemory) by extensions ['ignore', 'ignore_ament_install']
[0.276s] Level 1:colcon.colcon_core.package_identification:_identify(src/control/ymbot_d_ros2_controller_sharedmemory) by extension 'ignore'
[0.276s] Level 1:colcon.colcon_core.package_identification:_identify(src/control/ymbot_d_ros2_controller_sharedmemory) by extension 'ignore_ament_install'
[0.276s] Level 1:colcon.colcon_core.package_identification:_identify(src/control/ymbot_d_ros2_controller_sharedmemory) by extensions ['colcon_pkg']
[0.276s] Level 1:colcon.colcon_core.package_identification:_identify(src/control/ymbot_d_ros2_controller_sharedmemory) by extension 'colcon_pkg'
[0.277s] Level 1:colcon.colcon_core.package_identification:_identify(src/control/ymbot_d_ros2_controller_sharedmemory) by extensions ['colcon_meta']
[0.277s] Level 1:colcon.colcon_core.package_identification:_identify(src/control/ymbot_d_ros2_controller_sharedmemory) by extension 'colcon_meta'
[0.277s] Level 1:colcon.colcon_core.package_identification:_identify(src/control/ymbot_d_ros2_controller_sharedmemory) by extensions ['ros']
[0.277s] Level 1:colcon.colcon_core.package_identification:_identify(src/control/ymbot_d_ros2_controller_sharedmemory) by extension 'ros'
[0.277s] DEBUG:colcon.colcon_core.package_identification:Package 'src/control/ymbot_d_ros2_controller_sharedmemory' with type 'ros.ament_cmake' and name 'ymbot_d_ros2_controller_sharedmemory'
[0.277s] Level 1:colcon.colcon_core.package_identification:_identify(src/inspire_hand) by extensions ['ignore', 'ignore_ament_install']
[0.277s] Level 1:colcon.colcon_core.package_identification:_identify(src/inspire_hand) by extension 'ignore'
[0.277s] Level 1:colcon.colcon_core.package_identification:_identify(src/inspire_hand) by extension 'ignore_ament_install'
[0.277s] Level 1:colcon.colcon_core.package_identification:_identify(src/inspire_hand) by extensions ['colcon_pkg']
[0.277s] Level 1:colcon.colcon_core.package_identification:_identify(src/inspire_hand) by extension 'colcon_pkg'
[0.278s] Level 1:colcon.colcon_core.package_identification:_identify(src/inspire_hand) by extensions ['colcon_meta']
[0.278s] Level 1:colcon.colcon_core.package_identification:_identify(src/inspire_hand) by extension 'colcon_meta'
[0.278s] Level 1:colcon.colcon_core.package_identification:_identify(src/inspire_hand) by extensions ['ros']
[0.278s] Level 1:colcon.colcon_core.package_identification:_identify(src/inspire_hand) by extension 'ros'
[0.278s] DEBUG:colcon.colcon_core.package_identification:Package 'src/inspire_hand' with type 'ros.ament_python' and name 'inspire_hand'
[0.278s] Level 1:colcon.colcon_core.package_identification:_identify(src/realsense-ros) by extensions ['ignore', 'ignore_ament_install']
[0.278s] Level 1:colcon.colcon_core.package_identification:_identify(src/realsense-ros) by extension 'ignore'
[0.278s] Level 1:colcon.colcon_core.package_identification:_identify(src/realsense-ros) by extension 'ignore_ament_install'
[0.278s] Level 1:colcon.colcon_core.package_identification:_identify(src/realsense-ros) by extensions ['colcon_pkg']
[0.278s] Level 1:colcon.colcon_core.package_identification:_identify(src/realsense-ros) by extension 'colcon_pkg'
[0.278s] Level 1:colcon.colcon_core.package_identification:_identify(src/realsense-ros) by extensions ['colcon_meta']
[0.278s] Level 1:colcon.colcon_core.package_identification:_identify(src/realsense-ros) by extension 'colcon_meta'
[0.278s] Level 1:colcon.colcon_core.package_identification:_identify(src/realsense-ros) by extensions ['ros']
[0.278s] Level 1:colcon.colcon_core.package_identification:_identify(src/realsense-ros) by extension 'ros'
[0.278s] Level 1:colcon.colcon_core.package_identification:_identify(src/realsense-ros) by extensions ['cmake', 'python']
[0.278s] Level 1:colcon.colcon_core.package_identification:_identify(src/realsense-ros) by extension 'cmake'
[0.279s] Level 1:colcon.colcon_core.package_identification:_identify(src/realsense-ros) by extension 'python'
[0.279s] Level 1:colcon.colcon_core.package_identification:_identify(src/realsense-ros) by extensions ['python_setup_py']
[0.279s] Level 1:colcon.colcon_core.package_identification:_identify(src/realsense-ros) by extension 'python_setup_py'
[0.279s] Level 1:colcon.colcon_core.package_identification:_identify(src/realsense-ros/realsense2_camera) by extensions ['ignore', 'ignore_ament_install']
[0.279s] Level 1:colcon.colcon_core.package_identification:_identify(src/realsense-ros/realsense2_camera) by extension 'ignore'
[0.279s] Level 1:colcon.colcon_core.package_identification:_identify(src/realsense-ros/realsense2_camera) by extension 'ignore_ament_install'
[0.279s] Level 1:colcon.colcon_core.package_identification:_identify(src/realsense-ros/realsense2_camera) by extensions ['colcon_pkg']
[0.279s] Level 1:colcon.colcon_core.package_identification:_identify(src/realsense-ros/realsense2_camera) by extension 'colcon_pkg'
[0.279s] Level 1:colcon.colcon_core.package_identification:_identify(src/realsense-ros/realsense2_camera) by extensions ['colcon_meta']
[0.279s] Level 1:colcon.colcon_core.package_identification:_identify(src/realsense-ros/realsense2_camera) by extension 'colcon_meta'
[0.279s] Level 1:colcon.colcon_core.package_identification:_identify(src/realsense-ros/realsense2_camera) by extensions ['ros']
[0.279s] Level 1:colcon.colcon_core.package_identification:_identify(src/realsense-ros/realsense2_camera) by extension 'ros'
[0.284s] DEBUG:colcon.colcon_core.package_identification:Package 'src/realsense-ros/realsense2_camera' with type 'ros.ament_cmake' and name 'realsense2_camera'
[0.284s] Level 1:colcon.colcon_core.package_identification:_identify(src/realsense-ros/realsense2_camera_msgs) by extensions ['ignore', 'ignore_ament_install']
[0.284s] Level 1:colcon.colcon_core.package_identification:_identify(src/realsense-ros/realsense2_camera_msgs) by extension 'ignore'
[0.284s] Level 1:colcon.colcon_core.package_identification:_identify(src/realsense-ros/realsense2_camera_msgs) by extension 'ignore_ament_install'
[0.284s] Level 1:colcon.colcon_core.package_identification:_identify(src/realsense-ros/realsense2_camera_msgs) by extensions ['colcon_pkg']
[0.284s] Level 1:colcon.colcon_core.package_identification:_identify(src/realsense-ros/realsense2_camera_msgs) by extension 'colcon_pkg'
[0.284s] Level 1:colcon.colcon_core.package_identification:_identify(src/realsense-ros/realsense2_camera_msgs) by extensions ['colcon_meta']
[0.284s] Level 1:colcon.colcon_core.package_identification:_identify(src/realsense-ros/realsense2_camera_msgs) by extension 'colcon_meta'
[0.284s] Level 1:colcon.colcon_core.package_identification:_identify(src/realsense-ros/realsense2_camera_msgs) by extensions ['ros']
[0.284s] Level 1:colcon.colcon_core.package_identification:_identify(src/realsense-ros/realsense2_camera_msgs) by extension 'ros'
[0.285s] DEBUG:colcon.colcon_core.package_identification:Package 'src/realsense-ros/realsense2_camera_msgs' with type 'ros.ament_cmake' and name 'realsense2_camera_msgs'
[0.285s] Level 1:colcon.colcon_core.package_identification:_identify(src/realsense-ros/realsense2_description) by extensions ['ignore', 'ignore_ament_install']
[0.285s] Level 1:colcon.colcon_core.package_identification:_identify(src/realsense-ros/realsense2_description) by extension 'ignore'
[0.285s] Level 1:colcon.colcon_core.package_identification:_identify(src/realsense-ros/realsense2_description) by extension 'ignore_ament_install'
[0.285s] Level 1:colcon.colcon_core.package_identification:_identify(src/realsense-ros/realsense2_description) by extensions ['colcon_pkg']
[0.285s] Level 1:colcon.colcon_core.package_identification:_identify(src/realsense-ros/realsense2_description) by extension 'colcon_pkg'
[0.285s] Level 1:colcon.colcon_core.package_identification:_identify(src/realsense-ros/realsense2_description) by extensions ['colcon_meta']
[0.285s] Level 1:colcon.colcon_core.package_identification:_identify(src/realsense-ros/realsense2_description) by extension 'colcon_meta'
[0.285s] Level 1:colcon.colcon_core.package_identification:_identify(src/realsense-ros/realsense2_description) by extensions ['ros']
[0.285s] Level 1:colcon.colcon_core.package_identification:_identify(src/realsense-ros/realsense2_description) by extension 'ros'
[0.286s] DEBUG:colcon.colcon_core.package_identification:Package 'src/realsense-ros/realsense2_description' with type 'ros.ament_cmake' and name 'realsense2_description'
[0.286s] Level 1:colcon.colcon_core.package_identification:_identify(src/realsense-ros/rviz2_rotatable_image_plugin) by extensions ['ignore', 'ignore_ament_install']
[0.286s] Level 1:colcon.colcon_core.package_identification:_identify(src/realsense-ros/rviz2_rotatable_image_plugin) by extension 'ignore'
[0.286s] Level 1:colcon.colcon_core.package_identification:_identify(src/realsense-ros/rviz2_rotatable_image_plugin) by extension 'ignore_ament_install'
[0.286s] Level 1:colcon.colcon_core.package_identification:_identify(src/realsense-ros/rviz2_rotatable_image_plugin) by extensions ['colcon_pkg']
[0.286s] Level 1:colcon.colcon_core.package_identification:_identify(src/realsense-ros/rviz2_rotatable_image_plugin) by extension 'colcon_pkg'
[0.286s] Level 1:colcon.colcon_core.package_identification:_identify(src/realsense-ros/rviz2_rotatable_image_plugin) by extensions ['colcon_meta']
[0.286s] Level 1:colcon.colcon_core.package_identification:_identify(src/realsense-ros/rviz2_rotatable_image_plugin) by extension 'colcon_meta'
[0.286s] Level 1:colcon.colcon_core.package_identification:_identify(src/realsense-ros/rviz2_rotatable_image_plugin) by extensions ['ros']
[0.286s] Level 1:colcon.colcon_core.package_identification:_identify(src/realsense-ros/rviz2_rotatable_image_plugin) by extension 'ros'
[0.287s] DEBUG:colcon.colcon_core.package_identification:Package 'src/realsense-ros/rviz2_rotatable_image_plugin' with type 'ros.ament_cmake' and name 'rviz2_rotatable_image_plugin'
[0.287s] Level 1:colcon.colcon_core.package_identification:_identify(src/realsense-ros/scripts) by extensions ['ignore', 'ignore_ament_install']
[0.287s] Level 1:colcon.colcon_core.package_identification:_identify(src/realsense-ros/scripts) by extension 'ignore'
[0.287s] Level 1:colcon.colcon_core.package_identification:_identify(src/realsense-ros/scripts) by extension 'ignore_ament_install'
[0.287s] Level 1:colcon.colcon_core.package_identification:_identify(src/realsense-ros/scripts) by extensions ['colcon_pkg']
[0.287s] Level 1:colcon.colcon_core.package_identification:_identify(src/realsense-ros/scripts) by extension 'colcon_pkg'
[0.287s] Level 1:colcon.colcon_core.package_identification:_identify(src/realsense-ros/scripts) by extensions ['colcon_meta']
[0.287s] Level 1:colcon.colcon_core.package_identification:_identify(src/realsense-ros/scripts) by extension 'colcon_meta'
[0.287s] Level 1:colcon.colcon_core.package_identification:_identify(src/realsense-ros/scripts) by extensions ['ros']
[0.287s] Level 1:colcon.colcon_core.package_identification:_identify(src/realsense-ros/scripts) by extension 'ros'
[0.287s] Level 1:colcon.colcon_core.package_identification:_identify(src/realsense-ros/scripts) by extensions ['cmake', 'python']
[0.287s] Level 1:colcon.colcon_core.package_identification:_identify(src/realsense-ros/scripts) by extension 'cmake'
[0.287s] Level 1:colcon.colcon_core.package_identification:_identify(src/realsense-ros/scripts) by extension 'python'
[0.287s] Level 1:colcon.colcon_core.package_identification:_identify(src/realsense-ros/scripts) by extensions ['python_setup_py']
[0.287s] Level 1:colcon.colcon_core.package_identification:_identify(src/realsense-ros/scripts) by extension 'python_setup_py'
[0.287s] Level 1:colcon.colcon_core.package_identification:_identify(src/remote_operate_pkg) by extensions ['ignore', 'ignore_ament_install']
[0.287s] Level 1:colcon.colcon_core.package_identification:_identify(src/remote_operate_pkg) by extension 'ignore'
[0.287s] Level 1:colcon.colcon_core.package_identification:_identify(src/remote_operate_pkg) by extension 'ignore_ament_install'
[0.287s] Level 1:colcon.colcon_core.package_identification:_identify(src/remote_operate_pkg) by extensions ['colcon_pkg']
[0.287s] Level 1:colcon.colcon_core.package_identification:_identify(src/remote_operate_pkg) by extension 'colcon_pkg'
[0.287s] Level 1:colcon.colcon_core.package_identification:_identify(src/remote_operate_pkg) by extensions ['colcon_meta']
[0.287s] Level 1:colcon.colcon_core.package_identification:_identify(src/remote_operate_pkg) by extension 'colcon_meta'
[0.288s] Level 1:colcon.colcon_core.package_identification:_identify(src/remote_operate_pkg) by extensions ['ros']
[0.288s] Level 1:colcon.colcon_core.package_identification:_identify(src/remote_operate_pkg) by extension 'ros'
[0.288s] DEBUG:colcon.colcon_core.package_identification:Package 'src/remote_operate_pkg' with type 'ros.ament_python' and name 'remote_operate_pkg'
[0.288s] Level 1:colcon.colcon_core.package_identification:_identify(src/start_robot) by extensions ['ignore', 'ignore_ament_install']
[0.288s] Level 1:colcon.colcon_core.package_identification:_identify(src/start_robot) by extension 'ignore'
[0.288s] Level 1:colcon.colcon_core.package_identification:_identify(src/start_robot) by extension 'ignore_ament_install'
[0.288s] Level 1:colcon.colcon_core.package_identification:_identify(src/start_robot) by extensions ['colcon_pkg']
[0.288s] Level 1:colcon.colcon_core.package_identification:_identify(src/start_robot) by extension 'colcon_pkg'
[0.288s] Level 1:colcon.colcon_core.package_identification:_identify(src/start_robot) by extensions ['colcon_meta']
[0.288s] Level 1:colcon.colcon_core.package_identification:_identify(src/start_robot) by extension 'colcon_meta'
[0.288s] Level 1:colcon.colcon_core.package_identification:_identify(src/start_robot) by extensions ['ros']
[0.288s] Level 1:colcon.colcon_core.package_identification:_identify(src/start_robot) by extension 'ros'
[0.289s] DEBUG:colcon.colcon_core.package_identification:Package 'src/start_robot' with type 'ros.ament_python' and name 'start_robot'
[0.289s] Level 1:colcon.colcon_core.package_identification:_identify(src/vr_receiver_tcp) by extensions ['ignore', 'ignore_ament_install']
[0.289s] Level 1:colcon.colcon_core.package_identification:_identify(src/vr_receiver_tcp) by extension 'ignore'
[0.289s] Level 1:colcon.colcon_core.package_identification:_identify(src/vr_receiver_tcp) by extension 'ignore_ament_install'
[0.289s] Level 1:colcon.colcon_core.package_identification:_identify(src/vr_receiver_tcp) by extensions ['colcon_pkg']
[0.289s] Level 1:colcon.colcon_core.package_identification:_identify(src/vr_receiver_tcp) by extension 'colcon_pkg'
[0.289s] Level 1:colcon.colcon_core.package_identification:_identify(src/vr_receiver_tcp) by extensions ['colcon_meta']
[0.289s] Level 1:colcon.colcon_core.package_identification:_identify(src/vr_receiver_tcp) by extension 'colcon_meta'
[0.289s] Level 1:colcon.colcon_core.package_identification:_identify(src/vr_receiver_tcp) by extensions ['ros']
[0.289s] Level 1:colcon.colcon_core.package_identification:_identify(src/vr_receiver_tcp) by extension 'ros'
[0.289s] DEBUG:colcon.colcon_core.package_identification:Package 'src/vr_receiver_tcp' with type 'ros.ament_python' and name 'vr_receiver_tcp'
[0.289s] Level 1:colcon.colcon_core.package_identification:_identify(utils) by extensions ['ignore', 'ignore_ament_install']
[0.289s] Level 1:colcon.colcon_core.package_identification:_identify(utils) by extension 'ignore'
[0.289s] Level 1:colcon.colcon_core.package_identification:_identify(utils) by extension 'ignore_ament_install'
[0.290s] Level 1:colcon.colcon_core.package_identification:_identify(utils) by extensions ['colcon_pkg']
[0.290s] Level 1:colcon.colcon_core.package_identification:_identify(utils) by extension 'colcon_pkg'
[0.290s] Level 1:colcon.colcon_core.package_identification:_identify(utils) by extensions ['colcon_meta']
[0.290s] Level 1:colcon.colcon_core.package_identification:_identify(utils) by extension 'colcon_meta'
[0.290s] Level 1:colcon.colcon_core.package_identification:_identify(utils) by extensions ['ros']
[0.290s] Level 1:colcon.colcon_core.package_identification:_identify(utils) by extension 'ros'
[0.290s] Level 1:colcon.colcon_core.package_identification:_identify(utils) by extensions ['cmake', 'python']
[0.290s] Level 1:colcon.colcon_core.package_identification:_identify(utils) by extension 'cmake'
[0.290s] Level 1:colcon.colcon_core.package_identification:_identify(utils) by extension 'python'
[0.290s] Level 1:colcon.colcon_core.package_identification:_identify(utils) by extensions ['python_setup_py']
[0.290s] Level 1:colcon.colcon_core.package_identification:_identify(utils) by extension 'python_setup_py'
[0.290s] Level 1:colcon.colcon_core.package_identification:_identify(utils/ymbot_d_sharedmemory_driver) by extensions ['ignore', 'ignore_ament_install']
[0.290s] Level 1:colcon.colcon_core.package_identification:_identify(utils/ymbot_d_sharedmemory_driver) by extension 'ignore'
[0.290s] Level 1:colcon.colcon_core.package_identification:_identify(utils/ymbot_d_sharedmemory_driver) by extension 'ignore_ament_install'
[0.290s] Level 1:colcon.colcon_core.package_identification:_identify(utils/ymbot_d_sharedmemory_driver) by extensions ['colcon_pkg']
[0.290s] Level 1:colcon.colcon_core.package_identification:_identify(utils/ymbot_d_sharedmemory_driver) by extension 'colcon_pkg'
[0.290s] Level 1:colcon.colcon_core.package_identification:_identify(utils/ymbot_d_sharedmemory_driver) by extensions ['colcon_meta']
[0.290s] Level 1:colcon.colcon_core.package_identification:_identify(utils/ymbot_d_sharedmemory_driver) by extension 'colcon_meta'
[0.290s] Level 1:colcon.colcon_core.package_identification:_identify(utils/ymbot_d_sharedmemory_driver) by extensions ['ros']
[0.290s] Level 1:colcon.colcon_core.package_identification:_identify(utils/ymbot_d_sharedmemory_driver) by extension 'ros'
[0.290s] Level 1:colcon.colcon_core.package_identification:_identify(utils/ymbot_d_sharedmemory_driver) by extensions ['cmake', 'python']
[0.290s] Level 1:colcon.colcon_core.package_identification:_identify(utils/ymbot_d_sharedmemory_driver) by extension 'cmake'
[0.293s] Level 1:colcon.colcon_core.package_identification:_identify(utils/ymbot_d_sharedmemory_driver) by extension 'python'
[0.293s] DEBUG:colcon.colcon_core.package_identification:Package 'utils/ymbot_d_sharedmemory_driver' with type 'cmake' and name 'ymbot_d_sharedmemory_driver'
[0.293s] Level 1:colcon.colcon_core.package_discovery:discover_packages(recursive) using defaults
[0.293s] Level 1:colcon.colcon_core.package_discovery:discover_packages(ignore) discover
[0.293s] Level 1:colcon.colcon_core.package_discovery:discover_packages(ignore) using defaults
[0.293s] Level 1:colcon.colcon_core.package_discovery:discover_packages(path) discover
[0.293s] Level 1:colcon.colcon_core.package_discovery:discover_packages(path) using defaults
[0.320s] INFO:colcon.colcon_core.package_selection:Skipping not selected package 'inspire_hand' in 'src/inspire_hand'
[0.320s] INFO:colcon.colcon_core.package_selection:Skipping not selected package 'keyboard_control' in 'src/chassis_control/keyboard_control'
[0.320s] INFO:colcon.colcon_core.package_selection:Skipping not selected package 'orbbec_camera_msgs' in 'src/OrbbecSDK_ROS2/orbbec_camera_msgs'
[0.320s] INFO:colcon.colcon_core.package_selection:Skipping not selected package 'orbbec_description' in 'src/OrbbecSDK_ROS2/orbbec_description'
[0.320s] INFO:colcon.colcon_core.package_selection:Skipping not selected package 'realsense2_camera_msgs' in 'src/realsense-ros/realsense2_camera_msgs'
[0.320s] INFO:colcon.colcon_core.package_selection:Skipping not selected package 'rviz2_rotatable_image_plugin' in 'src/realsense-ros/rviz2_rotatable_image_plugin'
[0.320s] INFO:colcon.colcon_core.package_selection:Skipping not selected package 'start_robot' in 'src/start_robot'
[0.320s] INFO:colcon.colcon_core.package_selection:Skipping not selected package 'vr_receiver_tcp' in 'src/vr_receiver_tcp'
[0.320s] INFO:colcon.colcon_core.package_selection:Skipping not selected package 'ymbot_d_description' in 'src/control/ymbot_d_description'
[0.320s] INFO:colcon.colcon_core.package_selection:Skipping not selected package 'ymbot_d_ros2_controller_sharedmemory' in 'src/control/ymbot_d_ros2_controller_sharedmemory'
[0.320s] INFO:colcon.colcon_core.package_selection:Skipping not selected package 'ymbot_d_sharedmemory_driver' in 'utils/ymbot_d_sharedmemory_driver'
[0.320s] INFO:colcon.colcon_core.package_selection:Skipping not selected package 'ymrobot_msgs' in 'src/Drill_effector/ymrobot_msgs'
[0.320s] INFO:colcon.colcon_core.package_selection:Skipping not selected package 'ik_solver_pkg' in 'src/arm_vr_motion'
[0.320s] INFO:colcon.colcon_core.package_selection:Skipping not selected package 'orbbec_camera' in 'src/OrbbecSDK_ROS2/orbbec_camera'
[0.320s] INFO:colcon.colcon_core.package_selection:Skipping not selected package 'realsense2_camera' in 'src/realsense-ros/realsense2_camera'
[0.320s] INFO:colcon.colcon_core.package_selection:Skipping not selected package 'realsense2_description' in 'src/realsense-ros/realsense2_description'
[0.320s] INFO:colcon.colcon_core.package_selection:Skipping not selected package 'relay_ctrl_node' in 'src/Drill_effector/relay_ctrl_node'
[0.320s] INFO:colcon.colcon_core.package_selection:Skipping not selected package 'ymbot_d_moveit_config' in 'src/control/ymbot_d_moveit_config'
[0.321s] INFO:colcon.colcon_core.package_selection:Skipping not selected package 'ymbot_d_control' in 'src/control/ymbot_d_control'
[0.321s] INFO:colcon.colcon_core.package_selection:Skipping not selected package 'remote_operate_pkg' in 'src/remote_operate_pkg'
[0.321s] Level 5:colcon.colcon_core.verb:set package 'chassis_driver_node' build argument 'cmake_args' from command line to 'None'
[0.321s] Level 5:colcon.colcon_core.verb:set package 'chassis_driver_node' build argument 'cmake_target' from command line to 'None'
[0.321s] Level 5:colcon.colcon_core.verb:set package 'chassis_driver_node' build argument 'cmake_target_skip_unavailable' from command line to 'False'
[0.321s] Level 5:colcon.colcon_core.verb:set package 'chassis_driver_node' build argument 'cmake_clean_cache' from command line to 'False'
[0.321s] Level 5:colcon.colcon_core.verb:set package 'chassis_driver_node' build argument 'cmake_clean_first' from command line to 'False'
[0.321s] Level 5:colcon.colcon_core.verb:set package 'chassis_driver_node' build argument 'cmake_force_configure' from command line to 'False'
[0.321s] Level 5:colcon.colcon_core.verb:set package 'chassis_driver_node' build argument 'ament_cmake_args' from command line to 'None'
[0.321s] Level 5:colcon.colcon_core.verb:set package 'chassis_driver_node' build argument 'catkin_cmake_args' from command line to 'None'
[0.321s] Level 5:colcon.colcon_core.verb:set package 'chassis_driver_node' build argument 'catkin_skip_building_tests' from command line to 'False'
[0.321s] DEBUG:colcon.colcon_core.verb:Building package 'chassis_driver_node' with the following arguments: {'ament_cmake_args': None, 'build_base': '/home/ymzz/YMbot_ROS2/build/chassis_driver_node', 'catkin_cmake_args': None, 'catkin_skip_building_tests': False, 'cmake_args': None, 'cmake_clean_cache': False, 'cmake_clean_first': False, 'cmake_force_configure': False, 'cmake_target': None, 'cmake_target_skip_unavailable': False, 'install_base': '/home/ymzz/YMbot_ROS2/install/chassis_driver_node', 'merge_install': False, 'path': '/home/ymzz/YMbot_ROS2/src/chassis_control/chassis_driver_node', 'symlink_install': True, 'test_result_base': None}
[0.321s] INFO:colcon.colcon_core.executor:Executing jobs using 'parallel' executor
[0.322s] DEBUG:colcon.colcon_parallel_executor.executor.parallel:run_until_complete
[0.322s] INFO:colcon.colcon_ros.task.ament_cmake.build:Building ROS package in '/home/ymzz/YMbot_ROS2/src/chassis_control/chassis_driver_node' with build type 'ament_cmake'
[0.322s] INFO:colcon.colcon_cmake.task.cmake.build:Building CMake package in '/home/ymzz/YMbot_ROS2/src/chassis_control/chassis_driver_node'
[0.330s] INFO:colcon.colcon_core.plugin_system:Skipping extension 'colcon_core.shell.bat': Not used on non-Windows systems
[0.331s] INFO:colcon.colcon_core.shell:Skip shell extension 'powershell' for command environment: Not usable outside of PowerShell
[0.331s] DEBUG:colcon.colcon_core.shell:Skip shell extension 'dsv' for command environment
[0.365s] DEBUG:colcon.colcon_core.event_handler.log_command:Invoking command in '/home/ymzz/YMbot_ROS2/build/chassis_driver_node': CMAKE_PREFIX_PATH=/home/ymzz/YMbot_ROS2/install/ymrobot_msgs:/home/ymzz/YMbot_ROS2/install/chassis_driver_node:/home/ymzz/YMbot_ROS2/install/ymbot_d_ros2_controller_sharedmemory:/home/ymzz/YMbot_ROS2/install/ymbot_d_ros2_controller:/home/ymzz/YMbot_ROS2/install/ymbot_d_control:/home/ymzz/YMbot_ROS2/install/ymbot_d_moveit_config:/home/ymzz/YMbot_ROS2/install/rviz2_rotatable_image_plugin:/home/ymzz/YMbot_ROS2/install/realsense2_description:/home/ymzz/YMbot_ROS2/install/realsense2_camera:/home/ymzz/YMbot_ROS2/install/realsense2_camera_msgs:/home/ymzz/YMbot_ROS2/install/orbbec_description:/home/ymzz/YMbot_ROS2/install/orbbec_camera:/home/ymzz/YMbot_ROS2/install/orbbec_camera_msgs:/home/ymzz/YMbot_ROS2/install/keyboard_control:/home/ymzz/ws_moveit/install/trac_ik:/home/ymzz/ws_moveit/install/trac_ik_kinematics:/home/ymzz/ws_moveit/install/trac_ik_lib:/home/ymzz/ws_moveit/install/robotiq_hardware_tests:/home/ymzz/ws_moveit/install/robotiq_driver:/home/ymzz/ws_moveit/install/serial:/home/ymzz/ws_moveit/install/moveit2_tutorials:/home/ymzz/ws_moveit/install/moveit_visual_tools:/home/ymzz/ws_moveit/install/rviz_visual_tools:/home/ymzz/ws_moveit/install/moveit_task_constructor_visualization:/home/ymzz/ws_moveit/install/moveit_task_constructor_demo:/home/ymzz/ws_moveit/install/moveit_task_constructor_capabilities:/home/ymzz/ws_moveit/install/moveit_task_constructor_core:/home/ymzz/ws_moveit/install/rviz_marker_tools:/home/ymzz/ws_moveit/install/kortex_bringup:/home/ymzz/ws_moveit/install/kinova_gen3_lite_moveit_config:/home/ymzz/ws_moveit/install/kinova_gen3_7dof_robotiq_2f_85_moveit_config:/home/ymzz/ws_moveit/install/kinova_gen3_6dof_robotiq_2f_85_moveit_config:/home/ymzz/ws_moveit/install/kortex_description:/home/ymzz/ws_moveit/install/robotiq_description:/home/ymzz/ws_moveit/install/robotiq_controllers:/home/ymzz/ws_moveit/install/pilz_industrial_motion_planner_testutils:/home/ymzz/ws_moveit/install/moveit_runtime:/home/ymzz/ws_moveit/install/moveit:/home/ymzz/ws_moveit/install/moveit_planners:/home/ymzz/ws_moveit/install/pilz_industrial_motion_planner:/home/ymzz/ws_moveit/install/pick_ik:/home/ymzz/ws_moveit/install/moveit_task_constructor_msgs:/home/ymzz/ws_moveit/install/moveit_ros_control_interface:/home/ymzz/ws_moveit/install/moveit_plugins:/home/ymzz/ws_moveit/install/moveit_simple_controller_manager:/home/ymzz/ws_moveit/install/moveit_setup_assistant:/home/ymzz/ws_moveit/install/moveit_setup_srdf_plugins:/home/ymzz/ws_moveit/install/moveit_setup_core_plugins:/home/ymzz/ws_moveit/install/moveit_setup_controllers:/home/ymzz/ws_moveit/install/moveit_setup_app_plugins:/home/ymzz/ws_moveit/install/moveit_setup_framework:/home/ymzz/ws_moveit/install/moveit_servo:/home/ymzz/ws_moveit/install/moveit_ros_trajectory_cache:/home/ymzz/ws_moveit/install/moveit_ros:/home/ymzz/ws_moveit/install/moveit_ros_visualization:/home/ymzz/ws_moveit/install/moveit_py:/home/ymzz/ws_moveit/install/moveit_hybrid_planning:/home/ymzz/ws_moveit/install/moveit_ros_planning_interface:/home/ymzz/ws_moveit/install/moveit_ros_benchmarks:/home/ymzz/ws_moveit/install/moveit_ros_warehouse:/home/ymzz/ws_moveit/install/moveit_ros_robot_interaction:/home/ymzz/ws_moveit/install/moveit_ros_perception:/home/ymzz/ws_moveit/install/moveit_resources_prbt_pg70_support:/home/ymzz/ws_moveit/install/moveit_resources_prbt_moveit_config:/home/ymzz/ws_moveit/install/moveit_ros_move_group:/home/ymzz/ws_moveit/install/moveit_planners_ompl:/home/ymzz/ws_moveit/install/moveit_kinematics:/home/ymzz/ws_moveit/install/moveit_ros_planning:/home/ymzz/ws_moveit/install/moveit_ros_occupancy_map_monitor:/home/ymzz/ws_moveit/install/moveit_resources_prbt_support:/home/ymzz/ws_moveit/install/moveit_resources_prbt_ikfast_manipulator_plugin:/home/ymzz/ws_moveit/install/moveit_resources:/home/ymzz/ws_moveit/install/moveit_resources_pr2_description:/home/ymzz/ws_moveit/install/moveit_resources_panda_moveit_config:/home/ymzz/ws_moveit/install/dual_arm_panda_moveit_config:/home/ymzz/ws_moveit/install/moveit_resources_panda_description:/home/ymzz/ws_moveit/install/moveit_resources_fanuc_moveit_config:/home/ymzz/ws_moveit/install/moveit_resources_fanuc_description:/home/ymzz/ws_moveit/install/moveit_planners_stomp:/home/ymzz/ws_moveit/install/moveit_planners_chomp:/home/ymzz/ws_moveit/install/chomp_motion_planner:/home/ymzz/ws_moveit/install/moveit_core:/home/ymzz/ws_moveit/install/moveit_msgs:/home/ymzz/ws_moveit/install/moveit_common:/home/ymzz/ws_moveit/install/kortex_driver:/home/ymzz/ws_moveit/install/kortex_api:/opt/ros/jazzy/opt/gz_sim_vendor:/opt/ros/jazzy/opt/gz_sensors_vendor:/opt/ros/jazzy/opt/gz_physics_vendor:/opt/ros/jazzy/opt/sdformat_vendor:/opt/ros/jazzy/opt/gz_gui_vendor:/opt/ros/jazzy/opt/gz_transport_vendor:/opt/ros/jazzy/opt/gz_rendering_vendor:/opt/ros/jazzy/opt/gz_plugin_vendor:/opt/ros/jazzy/opt/gz_fuel_tools_vendor:/opt/ros/jazzy/opt/gz_msgs_vendor:/opt/ros/jazzy/opt/gz_common_vendor:/opt/ros/jazzy/opt/gz_math_vendor:/opt/ros/jazzy/opt/gz_utils_vendor:/opt/ros/jazzy/opt/gz_tools_vendor:/opt/ros/jazzy/opt/gz_ogre_next_vendor:/opt/ros/jazzy/opt/gz_dartsim_vendor:/opt/ros/jazzy/opt/gz_cmake_vendor:/home/ymzz/YMbot_ROS2/install/relay_ctrl_node:/home/ymzz/YMbot_ROS2/install/remote_operate_pkg:/home/ymzz/YMbot_ROS2/install/ik_solver_pkg:/home/ymzz/YMbot_ROS2/install/ymbot_d_description:/home/ymzz/YMbot_ROS2/install/vr_receiver_tcp:/home/ymzz/YMbot_ROS2/install/start_robot:/home/ymzz/YMbot_ROS2/install/inspire_hand:/home/ymzz/ws_moveit/install/moveit_configs_utils:/opt/ros/jazzy CONDA_PROMPT_MODIFIER=(lerobot) DEBUGINFOD_URLS=https://debuginfod.ubuntu.com LD_LIBRARY_PATH=/home/ymzz/YMbot_ROS2/install/ymrobot_msgs/lib:/home/ymzz/YMbot_ROS2/utils/ymbot_d_sharedmemory_driver/lib:/home/ymzz/YMbot_ROS2/install/ymbot_d_ros2_controller_sharedmemory/lib:/home/ymzz/YMbot_ROS2/install/ymbot_d_ros2_controller/lib:/home/ymzz/YMbot_ROS2/install/rviz2_rotatable_image_plugin/lib:/home/ymzz/YMbot_ROS2/install/realsense2_camera/lib:/home/ymzz/YMbot_ROS2/install/realsense2_camera_msgs/lib:/home/ymzz/YMbot_ROS2/install/orbbec_camera/lib:/home/ymzz/YMbot_ROS2/install/orbbec_camera_msgs/lib:/home/ymzz/ws_moveit/install/trac_ik_kinematics/lib:/home/ymzz/ws_moveit/install/trac_ik_lib/lib:/home/ymzz/ws_moveit/install/robotiq_driver/lib:/home/ymzz/ws_moveit/install/serial/lib:/home/ymzz/ws_moveit/install/moveit_visual_tools/lib:/home/ymzz/ws_moveit/install/rviz_visual_tools/lib:/home/ymzz/ws_moveit/install/moveit_task_constructor_visualization/lib:/home/ymzz/ws_moveit/install/moveit_task_constructor_demo/lib:/home/ymzz/ws_moveit/install/moveit_task_constructor_capabilities/lib:/home/ymzz/ws_moveit/install/moveit_task_constructor_core/lib:/home/ymzz/ws_moveit/install/rviz_marker_tools/lib:/home/ymzz/ws_moveit/install/robotiq_controllers/lib:/home/ymzz/ws_moveit/install/pilz_industrial_motion_planner_testutils/lib:/home/ymzz/ws_moveit/install/pilz_industrial_motion_planner/lib:/home/ymzz/ws_moveit/install/pick_ik/lib:/home/ymzz/ws_moveit/install/moveit_task_constructor_msgs/lib:/home/ymzz/ws_moveit/install/moveit_ros_control_interface/lib:/home/ymzz/ws_moveit/install/moveit_simple_controller_manager/lib:/home/ymzz/ws_moveit/install/moveit_setup_assistant/lib:/home/ymzz/ws_moveit/install/moveit_setup_srdf_plugins/lib:/home/ymzz/ws_moveit/install/moveit_setup_core_plugins/lib:/home/ymzz/ws_moveit/install/moveit_setup_controllers/lib:/home/ymzz/ws_moveit/install/moveit_setup_app_plugins/lib:/home/ymzz/ws_moveit/install/moveit_setup_framework/lib:/home/ymzz/ws_moveit/install/moveit_servo/lib:/home/ymzz/ws_moveit/install/moveit_ros_trajectory_cache/lib:/home/ymzz/ws_moveit/install/moveit_ros_visualization/lib:/home/ymzz/ws_moveit/install/moveit_py/lib:/home/ymzz/ws_moveit/install/moveit_hybrid_planning/lib:/home/ymzz/ws_moveit/install/moveit_ros_planning_interface/lib:/home/ymzz/ws_moveit/install/moveit_ros_benchmarks/lib:/home/ymzz/ws_moveit/install/moveit_ros_warehouse/lib:/home/ymzz/ws_moveit/install/moveit_ros_robot_interaction/lib:/home/ymzz/ws_moveit/install/moveit_ros_perception/lib:/home/ymzz/ws_moveit/install/moveit_ros_move_group/lib:/home/ymzz/ws_moveit/install/moveit_planners_ompl/lib:/home/ymzz/ws_moveit/install/moveit_kinematics/lib:/home/ymzz/ws_moveit/install/moveit_ros_planning/lib:/home/ymzz/ws_moveit/install/moveit_ros_occupancy_map_monitor/lib:/home/ymzz/ws_moveit/install/moveit_resources_prbt_ikfast_manipulator_plugin/lib:/home/ymzz/ws_moveit/install/moveit_planners_stomp/lib:/home/ymzz/ws_moveit/install/moveit_planners_chomp/lib:/home/ymzz/ws_moveit/install/chomp_motion_planner/lib:/home/ymzz/ws_moveit/install/moveit_core/lib:/home/ymzz/ws_moveit/install/moveit_msgs/lib:/home/ymzz/ws_moveit/install/kortex_driver/lib:/opt/ros/jazzy/opt/gz_sim_vendor/lib:/opt/ros/jazzy/opt/gz_sensors_vendor/lib:/opt/ros/jazzy/opt/gz_physics_vendor/lib:/opt/ros/jazzy/opt/sdformat_vendor/lib:/opt/ros/jazzy/opt/rviz_ogre_vendor/lib:/opt/ros/jazzy/lib/x86_64-linux-gnu:/opt/ros/jazzy/opt/gz_gui_vendor/lib:/opt/ros/jazzy/opt/gz_transport_vendor/lib:/opt/ros/jazzy/opt/gz_rendering_vendor/lib:/opt/ros/jazzy/opt/gz_plugin_vendor/lib:/opt/ros/jazzy/opt/gz_fuel_tools_vendor/lib:/opt/ros/jazzy/opt/gz_msgs_vendor/lib:/opt/ros/jazzy/opt/gz_common_vendor/lib:/opt/ros/jazzy/opt/gz_math_vendor/lib:/opt/ros/jazzy/opt/gz_utils_vendor/lib:/opt/ros/jazzy/opt/gz_tools_vendor/lib:/opt/ros/jazzy/opt/gz_ogre_next_vendor/lib:/opt/ros/jazzy/opt/gz_dartsim_vendor/lib:/opt/ros/jazzy/opt/gz_cmake_vendor/lib:/opt/ros/jazzy/lib PYTHONPATH=/home/ymzz/YMbot_ROS2/install/ymrobot_msgs/lib/python3.12/site-packages:/home/ymzz/YMbot_ROS2/build/relay_ctrl_node:/home/ymzz/YMbot_ROS2/install/relay_ctrl_node/lib/python3.12/site-packages:/home/ymzz/YMbot_ROS2/build/remote_operate_pkg:/home/ymzz/YMbot_ROS2/install/remote_operate_pkg/lib/python3.12/site-packages:/home/ymzz/YMbot_ROS2/build/ik_solver_pkg:/home/ymzz/YMbot_ROS2/install/ik_solver_pkg/lib/python3.12/site-packages:/home/ymzz/YMbot_ROS2/build/ymbot_d_description:/home/ymzz/YMbot_ROS2/install/ymbot_d_description/lib/python3.12/site-packages:/home/ymzz/YMbot_ROS2/install/vr_receiver_tcp/lib/python3.12/site-packages:/home/ymzz/YMbot_ROS2/install/start_robot/lib/python3.12/site-packages:/home/ymzz/YMbot_ROS2/install/realsense2_camera_msgs/lib/python3.12/site-packages:/home/ymzz/YMbot_ROS2/install/orbbec_camera_msgs/lib/python3.12/site-packages:/home/ymzz/YMbot_ROS2/install/inspire_hand/lib/python3.12/site-packages:/home/ymzz/ws_moveit/install/moveit_task_constructor_core/lib/python3.12/site-packages:/home/ymzz/ws_moveit/install/moveit_task_constructor_msgs/lib/python3.12/site-packages:/home/ymzz/ws_moveit/install/moveit_py/lib/python3.12/site-packages:/home/ymzz/ws_moveit/install/moveit_msgs/lib/python3.12/site-packages:/home/ymzz/ws_moveit/install/moveit_configs_utils/lib/python3.12/site-packages:/opt/ros/jazzy/lib/python3.12/site-packages /home/ymzz/anaconda3/envs/lerobot/bin/cmake --build /home/ymzz/YMbot_ROS2/build/chassis_driver_node -- -j20 -l20
[5.582s] DEBUG:colcon.colcon_core.event_handler.log_command:Invoked command in '/home/ymzz/YMbot_ROS2/build/chassis_driver_node' returned '2': CMAKE_PREFIX_PATH=/home/ymzz/YMbot_ROS2/install/ymrobot_msgs:/home/ymzz/YMbot_ROS2/install/chassis_driver_node:/home/ymzz/YMbot_ROS2/install/ymbot_d_ros2_controller_sharedmemory:/home/ymzz/YMbot_ROS2/install/ymbot_d_ros2_controller:/home/ymzz/YMbot_ROS2/install/ymbot_d_control:/home/ymzz/YMbot_ROS2/install/ymbot_d_moveit_config:/home/ymzz/YMbot_ROS2/install/rviz2_rotatable_image_plugin:/home/ymzz/YMbot_ROS2/install/realsense2_description:/home/ymzz/YMbot_ROS2/install/realsense2_camera:/home/ymzz/YMbot_ROS2/install/realsense2_camera_msgs:/home/ymzz/YMbot_ROS2/install/orbbec_description:/home/ymzz/YMbot_ROS2/install/orbbec_camera:/home/ymzz/YMbot_ROS2/install/orbbec_camera_msgs:/home/ymzz/YMbot_ROS2/install/keyboard_control:/home/ymzz/ws_moveit/install/trac_ik:/home/ymzz/ws_moveit/install/trac_ik_kinematics:/home/ymzz/ws_moveit/install/trac_ik_lib:/home/ymzz/ws_moveit/install/robotiq_hardware_tests:/home/ymzz/ws_moveit/install/robotiq_driver:/home/ymzz/ws_moveit/install/serial:/home/ymzz/ws_moveit/install/moveit2_tutorials:/home/ymzz/ws_moveit/install/moveit_visual_tools:/home/ymzz/ws_moveit/install/rviz_visual_tools:/home/ymzz/ws_moveit/install/moveit_task_constructor_visualization:/home/ymzz/ws_moveit/install/moveit_task_constructor_demo:/home/ymzz/ws_moveit/install/moveit_task_constructor_capabilities:/home/ymzz/ws_moveit/install/moveit_task_constructor_core:/home/ymzz/ws_moveit/install/rviz_marker_tools:/home/ymzz/ws_moveit/install/kortex_bringup:/home/ymzz/ws_moveit/install/kinova_gen3_lite_moveit_config:/home/ymzz/ws_moveit/install/kinova_gen3_7dof_robotiq_2f_85_moveit_config:/home/ymzz/ws_moveit/install/kinova_gen3_6dof_robotiq_2f_85_moveit_config:/home/ymzz/ws_moveit/install/kortex_description:/home/ymzz/ws_moveit/install/robotiq_description:/home/ymzz/ws_moveit/install/robotiq_controllers:/home/ymzz/ws_moveit/install/pilz_industrial_motion_planner_testutils:/home/ymzz/ws_moveit/install/moveit_runtime:/home/ymzz/ws_moveit/install/moveit:/home/ymzz/ws_moveit/install/moveit_planners:/home/ymzz/ws_moveit/install/pilz_industrial_motion_planner:/home/ymzz/ws_moveit/install/pick_ik:/home/ymzz/ws_moveit/install/moveit_task_constructor_msgs:/home/ymzz/ws_moveit/install/moveit_ros_control_interface:/home/ymzz/ws_moveit/install/moveit_plugins:/home/ymzz/ws_moveit/install/moveit_simple_controller_manager:/home/ymzz/ws_moveit/install/moveit_setup_assistant:/home/ymzz/ws_moveit/install/moveit_setup_srdf_plugins:/home/ymzz/ws_moveit/install/moveit_setup_core_plugins:/home/ymzz/ws_moveit/install/moveit_setup_controllers:/home/ymzz/ws_moveit/install/moveit_setup_app_plugins:/home/ymzz/ws_moveit/install/moveit_setup_framework:/home/ymzz/ws_moveit/install/moveit_servo:/home/ymzz/ws_moveit/install/moveit_ros_trajectory_cache:/home/ymzz/ws_moveit/install/moveit_ros:/home/ymzz/ws_moveit/install/moveit_ros_visualization:/home/ymzz/ws_moveit/install/moveit_py:/home/ymzz/ws_moveit/install/moveit_hybrid_planning:/home/ymzz/ws_moveit/install/moveit_ros_planning_interface:/home/ymzz/ws_moveit/install/moveit_ros_benchmarks:/home/ymzz/ws_moveit/install/moveit_ros_warehouse:/home/ymzz/ws_moveit/install/moveit_ros_robot_interaction:/home/ymzz/ws_moveit/install/moveit_ros_perception:/home/ymzz/ws_moveit/install/moveit_resources_prbt_pg70_support:/home/ymzz/ws_moveit/install/moveit_resources_prbt_moveit_config:/home/ymzz/ws_moveit/install/moveit_ros_move_group:/home/ymzz/ws_moveit/install/moveit_planners_ompl:/home/ymzz/ws_moveit/install/moveit_kinematics:/home/ymzz/ws_moveit/install/moveit_ros_planning:/home/ymzz/ws_moveit/install/moveit_ros_occupancy_map_monitor:/home/ymzz/ws_moveit/install/moveit_resources_prbt_support:/home/ymzz/ws_moveit/install/moveit_resources_prbt_ikfast_manipulator_plugin:/home/ymzz/ws_moveit/install/moveit_resources:/home/ymzz/ws_moveit/install/moveit_resources_pr2_description:/home/ymzz/ws_moveit/install/moveit_resources_panda_moveit_config:/home/ymzz/ws_moveit/install/dual_arm_panda_moveit_config:/home/ymzz/ws_moveit/install/moveit_resources_panda_description:/home/ymzz/ws_moveit/install/moveit_resources_fanuc_moveit_config:/home/ymzz/ws_moveit/install/moveit_resources_fanuc_description:/home/ymzz/ws_moveit/install/moveit_planners_stomp:/home/ymzz/ws_moveit/install/moveit_planners_chomp:/home/ymzz/ws_moveit/install/chomp_motion_planner:/home/ymzz/ws_moveit/install/moveit_core:/home/ymzz/ws_moveit/install/moveit_msgs:/home/ymzz/ws_moveit/install/moveit_common:/home/ymzz/ws_moveit/install/kortex_driver:/home/ymzz/ws_moveit/install/kortex_api:/opt/ros/jazzy/opt/gz_sim_vendor:/opt/ros/jazzy/opt/gz_sensors_vendor:/opt/ros/jazzy/opt/gz_physics_vendor:/opt/ros/jazzy/opt/sdformat_vendor:/opt/ros/jazzy/opt/gz_gui_vendor:/opt/ros/jazzy/opt/gz_transport_vendor:/opt/ros/jazzy/opt/gz_rendering_vendor:/opt/ros/jazzy/opt/gz_plugin_vendor:/opt/ros/jazzy/opt/gz_fuel_tools_vendor:/opt/ros/jazzy/opt/gz_msgs_vendor:/opt/ros/jazzy/opt/gz_common_vendor:/opt/ros/jazzy/opt/gz_math_vendor:/opt/ros/jazzy/opt/gz_utils_vendor:/opt/ros/jazzy/opt/gz_tools_vendor:/opt/ros/jazzy/opt/gz_ogre_next_vendor:/opt/ros/jazzy/opt/gz_dartsim_vendor:/opt/ros/jazzy/opt/gz_cmake_vendor:/home/ymzz/YMbot_ROS2/install/relay_ctrl_node:/home/ymzz/YMbot_ROS2/install/remote_operate_pkg:/home/ymzz/YMbot_ROS2/install/ik_solver_pkg:/home/ymzz/YMbot_ROS2/install/ymbot_d_description:/home/ymzz/YMbot_ROS2/install/vr_receiver_tcp:/home/ymzz/YMbot_ROS2/install/start_robot:/home/ymzz/YMbot_ROS2/install/inspire_hand:/home/ymzz/ws_moveit/install/moveit_configs_utils:/opt/ros/jazzy CONDA_PROMPT_MODIFIER=(lerobot) DEBUGINFOD_URLS=https://debuginfod.ubuntu.com LD_LIBRARY_PATH=/home/ymzz/YMbot_ROS2/install/ymrobot_msgs/lib:/home/ymzz/YMbot_ROS2/utils/ymbot_d_sharedmemory_driver/lib:/home/ymzz/YMbot_ROS2/install/ymbot_d_ros2_controller_sharedmemory/lib:/home/ymzz/YMbot_ROS2/install/ymbot_d_ros2_controller/lib:/home/ymzz/YMbot_ROS2/install/rviz2_rotatable_image_plugin/lib:/home/ymzz/YMbot_ROS2/install/realsense2_camera/lib:/home/ymzz/YMbot_ROS2/install/realsense2_camera_msgs/lib:/home/ymzz/YMbot_ROS2/install/orbbec_camera/lib:/home/ymzz/YMbot_ROS2/install/orbbec_camera_msgs/lib:/home/ymzz/ws_moveit/install/trac_ik_kinematics/lib:/home/ymzz/ws_moveit/install/trac_ik_lib/lib:/home/ymzz/ws_moveit/install/robotiq_driver/lib:/home/ymzz/ws_moveit/install/serial/lib:/home/ymzz/ws_moveit/install/moveit_visual_tools/lib:/home/ymzz/ws_moveit/install/rviz_visual_tools/lib:/home/ymzz/ws_moveit/install/moveit_task_constructor_visualization/lib:/home/ymzz/ws_moveit/install/moveit_task_constructor_demo/lib:/home/ymzz/ws_moveit/install/moveit_task_constructor_capabilities/lib:/home/ymzz/ws_moveit/install/moveit_task_constructor_core/lib:/home/ymzz/ws_moveit/install/rviz_marker_tools/lib:/home/ymzz/ws_moveit/install/robotiq_controllers/lib:/home/ymzz/ws_moveit/install/pilz_industrial_motion_planner_testutils/lib:/home/ymzz/ws_moveit/install/pilz_industrial_motion_planner/lib:/home/ymzz/ws_moveit/install/pick_ik/lib:/home/ymzz/ws_moveit/install/moveit_task_constructor_msgs/lib:/home/ymzz/ws_moveit/install/moveit_ros_control_interface/lib:/home/ymzz/ws_moveit/install/moveit_simple_controller_manager/lib:/home/ymzz/ws_moveit/install/moveit_setup_assistant/lib:/home/ymzz/ws_moveit/install/moveit_setup_srdf_plugins/lib:/home/ymzz/ws_moveit/install/moveit_setup_core_plugins/lib:/home/ymzz/ws_moveit/install/moveit_setup_controllers/lib:/home/ymzz/ws_moveit/install/moveit_setup_app_plugins/lib:/home/ymzz/ws_moveit/install/moveit_setup_framework/lib:/home/ymzz/ws_moveit/install/moveit_servo/lib:/home/ymzz/ws_moveit/install/moveit_ros_trajectory_cache/lib:/home/ymzz/ws_moveit/install/moveit_ros_visualization/lib:/home/ymzz/ws_moveit/install/moveit_py/lib:/home/ymzz/ws_moveit/install/moveit_hybrid_planning/lib:/home/ymzz/ws_moveit/install/moveit_ros_planning_interface/lib:/home/ymzz/ws_moveit/install/moveit_ros_benchmarks/lib:/home/ymzz/ws_moveit/install/moveit_ros_warehouse/lib:/home/ymzz/ws_moveit/install/moveit_ros_robot_interaction/lib:/home/ymzz/ws_moveit/install/moveit_ros_perception/lib:/home/ymzz/ws_moveit/install/moveit_ros_move_group/lib:/home/ymzz/ws_moveit/install/moveit_planners_ompl/lib:/home/ymzz/ws_moveit/install/moveit_kinematics/lib:/home/ymzz/ws_moveit/install/moveit_ros_planning/lib:/home/ymzz/ws_moveit/install/moveit_ros_occupancy_map_monitor/lib:/home/ymzz/ws_moveit/install/moveit_resources_prbt_ikfast_manipulator_plugin/lib:/home/ymzz/ws_moveit/install/moveit_planners_stomp/lib:/home/ymzz/ws_moveit/install/moveit_planners_chomp/lib:/home/ymzz/ws_moveit/install/chomp_motion_planner/lib:/home/ymzz/ws_moveit/install/moveit_core/lib:/home/ymzz/ws_moveit/install/moveit_msgs/lib:/home/ymzz/ws_moveit/install/kortex_driver/lib:/opt/ros/jazzy/opt/gz_sim_vendor/lib:/opt/ros/jazzy/opt/gz_sensors_vendor/lib:/opt/ros/jazzy/opt/gz_physics_vendor/lib:/opt/ros/jazzy/opt/sdformat_vendor/lib:/opt/ros/jazzy/opt/rviz_ogre_vendor/lib:/opt/ros/jazzy/lib/x86_64-linux-gnu:/opt/ros/jazzy/opt/gz_gui_vendor/lib:/opt/ros/jazzy/opt/gz_transport_vendor/lib:/opt/ros/jazzy/opt/gz_rendering_vendor/lib:/opt/ros/jazzy/opt/gz_plugin_vendor/lib:/opt/ros/jazzy/opt/gz_fuel_tools_vendor/lib:/opt/ros/jazzy/opt/gz_msgs_vendor/lib:/opt/ros/jazzy/opt/gz_common_vendor/lib:/opt/ros/jazzy/opt/gz_math_vendor/lib:/opt/ros/jazzy/opt/gz_utils_vendor/lib:/opt/ros/jazzy/opt/gz_tools_vendor/lib:/opt/ros/jazzy/opt/gz_ogre_next_vendor/lib:/opt/ros/jazzy/opt/gz_dartsim_vendor/lib:/opt/ros/jazzy/opt/gz_cmake_vendor/lib:/opt/ros/jazzy/lib PYTHONPATH=/home/ymzz/YMbot_ROS2/install/ymrobot_msgs/lib/python3.12/site-packages:/home/ymzz/YMbot_ROS2/build/relay_ctrl_node:/home/ymzz/YMbot_ROS2/install/relay_ctrl_node/lib/python3.12/site-packages:/home/ymzz/YMbot_ROS2/build/remote_operate_pkg:/home/ymzz/YMbot_ROS2/install/remote_operate_pkg/lib/python3.12/site-packages:/home/ymzz/YMbot_ROS2/build/ik_solver_pkg:/home/ymzz/YMbot_ROS2/install/ik_solver_pkg/lib/python3.12/site-packages:/home/ymzz/YMbot_ROS2/build/ymbot_d_description:/home/ymzz/YMbot_ROS2/install/ymbot_d_description/lib/python3.12/site-packages:/home/ymzz/YMbot_ROS2/install/vr_receiver_tcp/lib/python3.12/site-packages:/home/ymzz/YMbot_ROS2/install/start_robot/lib/python3.12/site-packages:/home/ymzz/YMbot_ROS2/install/realsense2_camera_msgs/lib/python3.12/site-packages:/home/ymzz/YMbot_ROS2/install/orbbec_camera_msgs/lib/python3.12/site-packages:/home/ymzz/YMbot_ROS2/install/inspire_hand/lib/python3.12/site-packages:/home/ymzz/ws_moveit/install/moveit_task_constructor_core/lib/python3.12/site-packages:/home/ymzz/ws_moveit/install/moveit_task_constructor_msgs/lib/python3.12/site-packages:/home/ymzz/ws_moveit/install/moveit_py/lib/python3.12/site-packages:/home/ymzz/ws_moveit/install/moveit_msgs/lib/python3.12/site-packages:/home/ymzz/ws_moveit/install/moveit_configs_utils/lib/python3.12/site-packages:/opt/ros/jazzy/lib/python3.12/site-packages /home/ymzz/anaconda3/envs/lerobot/bin/cmake --build /home/ymzz/YMbot_ROS2/build/chassis_driver_node -- -j20 -l20
[5.583s] Level 1:colcon.colcon_core.environment:create_environment_scripts_only(chassis_driver_node)
[5.592s] Level 1:colcon.colcon_core.environment:checking '/home/ymzz/YMbot_ROS2/install/chassis_driver_node' for CMake module files
[5.593s] Level 1:colcon.colcon_core.environment:checking '/home/ymzz/YMbot_ROS2/install/chassis_driver_node' for CMake config files
[5.593s] Level 1:colcon.colcon_core.shell:create_environment_hook('chassis_driver_node', 'cmake_prefix_path')
[5.593s] INFO:colcon.colcon_core.shell:Creating environment hook '/home/ymzz/YMbot_ROS2/install/chassis_driver_node/share/chassis_driver_node/hook/cmake_prefix_path.ps1'
[5.594s] INFO:colcon.colcon_core.shell:Creating environment descriptor '/home/ymzz/YMbot_ROS2/install/chassis_driver_node/share/chassis_driver_node/hook/cmake_prefix_path.dsv'
[5.595s] INFO:colcon.colcon_core.shell:Creating environment hook '/home/ymzz/YMbot_ROS2/install/chassis_driver_node/share/chassis_driver_node/hook/cmake_prefix_path.sh'
[5.596s] Level 1:colcon.colcon_core.environment:checking '/home/ymzz/YMbot_ROS2/install/chassis_driver_node/lib'
[5.597s] Level 1:colcon.colcon_core.environment:checking '/home/ymzz/YMbot_ROS2/install/chassis_driver_node/bin'
[5.597s] Level 1:colcon.colcon_core.environment:checking '/home/ymzz/YMbot_ROS2/install/chassis_driver_node/lib/pkgconfig/chassis_driver_node.pc'
[5.598s] Level 1:colcon.colcon_core.environment:checking '/home/ymzz/YMbot_ROS2/install/chassis_driver_node/lib/python3.12/site-packages'
[5.599s] Level 1:colcon.colcon_core.environment:checking '/home/ymzz/YMbot_ROS2/install/chassis_driver_node/bin'
[5.599s] INFO:colcon.colcon_core.shell:Creating package script '/home/ymzz/YMbot_ROS2/install/chassis_driver_node/share/chassis_driver_node/package.ps1'
[5.603s] INFO:colcon.colcon_core.shell:Creating package descriptor '/home/ymzz/YMbot_ROS2/install/chassis_driver_node/share/chassis_driver_node/package.dsv'
[5.604s] INFO:colcon.colcon_core.shell:Creating package script '/home/ymzz/YMbot_ROS2/install/chassis_driver_node/share/chassis_driver_node/package.sh'
[5.605s] INFO:colcon.colcon_core.shell:Creating package script '/home/ymzz/YMbot_ROS2/install/chassis_driver_node/share/chassis_driver_node/package.bash'
[5.606s] INFO:colcon.colcon_core.shell:Creating package script '/home/ymzz/YMbot_ROS2/install/chassis_driver_node/share/chassis_driver_node/package.zsh'
[5.607s] Level 1:colcon.colcon_core.environment:create_file_with_runtime_dependencies(/home/ymzz/YMbot_ROS2/install/chassis_driver_node/share/colcon-core/packages/chassis_driver_node)
[5.617s] DEBUG:colcon.colcon_parallel_executor.executor.parallel:closing loop
[5.617s] DEBUG:colcon.colcon_parallel_executor.executor.parallel:loop closed
[5.617s] DEBUG:colcon.colcon_parallel_executor.executor.parallel:run_until_complete finished with '2'
[5.617s] DEBUG:colcon.colcon_core.event_reactor:joining thread
[5.622s] INFO:colcon.colcon_core.plugin_system:Skipping extension 'colcon_notification.desktop_notification.notify2': 'notify2' not found
[5.622s] INFO:colcon.colcon_core.plugin_system:Skipping extension 'colcon_notification.desktop_notification.terminal_notifier': Not used on non-Darwin systems
[5.622s] INFO:colcon.colcon_core.plugin_system:Skipping extension 'colcon_notification.desktop_notification.win32': Not used on non-Windows systems
[5.622s] INFO:colcon.colcon_notification.desktop_notification:Sending desktop notification using 'notify_send'
[5.647s] DEBUG:colcon.colcon_core.event_reactor:joined thread
[5.647s] INFO:colcon.colcon_core.shell:Creating prefix script '/home/ymzz/YMbot_ROS2/install/local_setup.ps1'
[5.649s] INFO:colcon.colcon_core.shell:Creating prefix util module '/home/ymzz/YMbot_ROS2/install/_local_setup_util_ps1.py'
[5.652s] INFO:colcon.colcon_core.shell:Creating prefix chain script '/home/ymzz/YMbot_ROS2/install/setup.ps1'
[5.656s] INFO:colcon.colcon_core.shell:Creating prefix script '/home/ymzz/YMbot_ROS2/install/local_setup.sh'
[5.657s] INFO:colcon.colcon_core.shell:Creating prefix util module '/home/ymzz/YMbot_ROS2/install/_local_setup_util_sh.py'
[5.658s] INFO:colcon.colcon_core.shell:Creating prefix chain script '/home/ymzz/YMbot_ROS2/install/setup.sh'
[5.665s] INFO:colcon.colcon_core.shell:Creating prefix script '/home/ymzz/YMbot_ROS2/install/local_setup.bash'
[5.666s] INFO:colcon.colcon_core.shell:Creating prefix chain script '/home/ymzz/YMbot_ROS2/install/setup.bash'
[5.670s] INFO:colcon.colcon_core.shell:Creating prefix script '/home/ymzz/YMbot_ROS2/install/local_setup.zsh'
[5.671s] INFO:colcon.colcon_core.shell:Creating prefix chain script '/home/ymzz/YMbot_ROS2/install/setup.zsh'
