[0.497s] Invoking command in '/home/ymzz/YMbot_ROS2/src/inspire_hand': CONDA_PROMPT_MODIFIER=(lerobot) DEBUGINFOD_URLS=https://debuginfod.ubuntu.com PYTHONPATH=/home/ymzz/YMbot_ROS2/build/inspire_hand/prefix_override:/home/ymzz/anaconda3/envs/lerobot/lib/python3.12/site-packages/colcon_core/task/python/colcon_distutils_commands:/home/ymzz/YMbot_ROS2/install/inspire_hand/lib/python3.12/site-packages:${PYTHONPATH} /home/ymzz/anaconda3/envs/lerobot/bin/python3.12 -W ignore:setup.py install is deprecated -W ignore:easy_install command is deprecated setup.py egg_info --egg-base ../../build/inspire_hand build --build-base /home/ymzz/YMbot_ROS2/build/inspire_hand/build install --record /home/ymzz/YMbot_ROS2/build/inspire_hand/install.log --single-version-externally-managed install_data
[0.697s] running egg_info
[0.709s] writing ../../build/inspire_hand/inspire_hand.egg-info/PKG-INFO
[0.709s] writing dependency_links to ../../build/inspire_hand/inspire_hand.egg-info/dependency_links.txt
[0.709s] writing entry points to ../../build/inspire_hand/inspire_hand.egg-info/entry_points.txt
[0.710s] writing requirements to ../../build/inspire_hand/inspire_hand.egg-info/requires.txt
[0.710s] writing top-level names to ../../build/inspire_hand/inspire_hand.egg-info/top_level.txt
[0.738s] reading manifest file '../../build/inspire_hand/inspire_hand.egg-info/SOURCES.txt'
[0.739s] writing manifest file '../../build/inspire_hand/inspire_hand.egg-info/SOURCES.txt'
[0.739s] running build
[0.739s] running build_py
[0.739s] copying inspire_hand/inspire_hand_sub.py -> /home/ymzz/YMbot_ROS2/build/inspire_hand/build/lib/inspire_hand
[0.740s] copying inspire_hand/utils/inspire_hand_new_api.py -> /home/ymzz/YMbot_ROS2/build/inspire_hand/build/lib/inspire_hand/utils
[0.740s] running install
[0.743s] running install_lib
[0.756s] copying /home/ymzz/YMbot_ROS2/build/inspire_hand/build/lib/inspire_hand/inspire_hand_sub.py -> /home/ymzz/YMbot_ROS2/install/inspire_hand/lib/python3.12/site-packages/inspire_hand
[0.756s] byte-compiling /home/ymzz/YMbot_ROS2/install/inspire_hand/lib/python3.12/site-packages/inspire_hand/inspire_hand_sub.py to inspire_hand_sub.cpython-312.pyc
[0.758s] running install_data
[0.758s] running install_egg_info
[0.770s] removing '/home/ymzz/YMbot_ROS2/install/inspire_hand/lib/python3.12/site-packages/inspire_hand-0.0.1-py3.12.egg-info' (and everything under it)
[0.771s] Copying ../../build/inspire_hand/inspire_hand.egg-info to /home/ymzz/YMbot_ROS2/install/inspire_hand/lib/python3.12/site-packages/inspire_hand-0.0.1-py3.12.egg-info
[0.771s] running install_scripts
[0.841s] Installing hand_grasp_state_pub script to /home/ymzz/YMbot_ROS2/install/inspire_hand/lib/inspire_hand
[0.842s] Installing inspire_hand_sub script to /home/ymzz/YMbot_ROS2/install/inspire_hand/lib/inspire_hand
[0.842s] Installing single_hand_command script to /home/ymzz/YMbot_ROS2/install/inspire_hand/lib/inspire_hand
[0.842s] writing list of installed files to '/home/ymzz/YMbot_ROS2/build/inspire_hand/install.log'
[0.858s] Invoked command in '/home/ymzz/YMbot_ROS2/src/inspire_hand' returned '0': CONDA_PROMPT_MODIFIER=(lerobot) DEBUGINFOD_URLS=https://debuginfod.ubuntu.com PYTHONPATH=/home/ymzz/YMbot_ROS2/build/inspire_hand/prefix_override:/home/ymzz/anaconda3/envs/lerobot/lib/python3.12/site-packages/colcon_core/task/python/colcon_distutils_commands:/home/ymzz/YMbot_ROS2/install/inspire_hand/lib/python3.12/site-packages:${PYTHONPATH} /home/ymzz/anaconda3/envs/lerobot/bin/python3.12 -W ignore:setup.py install is deprecated -W ignore:easy_install command is deprecated setup.py egg_info --egg-base ../../build/inspire_hand build --build-base /home/ymzz/YMbot_ROS2/build/inspire_hand/build install --record /home/ymzz/YMbot_ROS2/build/inspire_hand/install.log --single-version-externally-managed install_data
