/home/ymzz/anaconda3/envs/lerobot/lib/python3.12/site-packages/setuptools/_distutils/dist.py:289: UserWarning: Unknown distribution option: 'tests_require'
  warnings.warn(msg)
running egg_info
writing ../../build/vr_receiver_tcp/vr_receiver_tcp.egg-info/PKG-INFO
writing dependency_links to ../../build/vr_receiver_tcp/vr_receiver_tcp.egg-info/dependency_links.txt
writing entry points to ../../build/vr_receiver_tcp/vr_receiver_tcp.egg-info/entry_points.txt
writing requirements to ../../build/vr_receiver_tcp/vr_receiver_tcp.egg-info/requires.txt
writing top-level names to ../../build/vr_receiver_tcp/vr_receiver_tcp.egg-info/top_level.txt
reading manifest file '../../build/vr_receiver_tcp/vr_receiver_tcp.egg-info/SOURCES.txt'
writing manifest file '../../build/vr_receiver_tcp/vr_receiver_tcp.egg-info/SOURCES.txt'
running build
running build_py
copying vr_receiver_tcp/vr_receiver_tcp_bak.py -> /home/ymzz/YMbot_ROS2/build/vr_receiver_tcp/build/lib/vr_receiver_tcp
running install
running install_lib
copying /home/ymzz/YMbot_ROS2/build/vr_receiver_tcp/build/lib/vr_receiver_tcp/vr_receiver_tcp_bak.py -> /home/ymzz/YMbot_ROS2/install/vr_receiver_tcp/lib/python3.12/site-packages/vr_receiver_tcp
byte-compiling /home/ymzz/YMbot_ROS2/install/vr_receiver_tcp/lib/python3.12/site-packages/vr_receiver_tcp/vr_receiver_tcp_bak.py to vr_receiver_tcp_bak.cpython-312.pyc
running install_data
running install_egg_info
removing '/home/ymzz/YMbot_ROS2/install/vr_receiver_tcp/lib/python3.12/site-packages/vr_receiver_tcp-0.0.0-py3.12.egg-info' (and everything under it)
Copying ../../build/vr_receiver_tcp/vr_receiver_tcp.egg-info to /home/ymzz/YMbot_ROS2/install/vr_receiver_tcp/lib/python3.12/site-packages/vr_receiver_tcp-0.0.0-py3.12.egg-info
running install_scripts
Installing vr_receiver_tcp script to /home/ymzz/YMbot_ROS2/install/vr_receiver_tcp/lib/vr_receiver_tcp
writing list of installed files to '/home/ymzz/YMbot_ROS2/build/vr_receiver_tcp/install.log'
