[0.524s] Invoking command in '/home/ymzz/YMbot_ROS2/src/start_robot': CONDA_PROMPT_MODIFIER=(lerobot) DEBUGINFOD_URLS=https://debuginfod.ubuntu.com PYTHONPATH=/home/ymzz/YMbot_ROS2/build/start_robot/prefix_override:/home/ymzz/anaconda3/envs/lerobot/lib/python3.12/site-packages/colcon_core/task/python/colcon_distutils_commands:/home/ymzz/YMbot_ROS2/install/start_robot/lib/python3.12/site-packages:${PYTHONPATH} /home/ymzz/anaconda3/envs/lerobot/bin/python3.12 -W ignore:setup.py install is deprecated -W ignore:easy_install command is deprecated setup.py egg_info --egg-base ../../build/start_robot build --build-base /home/ymzz/YMbot_ROS2/build/start_robot/build install --record /home/ymzz/YMbot_ROS2/build/start_robot/install.log --single-version-externally-managed install_data
[0.726s] running egg_info
[0.739s] writing ../../build/start_robot/start_robot.egg-info/PKG-INFO
[0.739s] writing dependency_links to ../../build/start_robot/start_robot.egg-info/dependency_links.txt
[0.739s] writing entry points to ../../build/start_robot/start_robot.egg-info/entry_points.txt
[0.739s] writing requirements to ../../build/start_robot/start_robot.egg-info/requires.txt
[0.739s] writing top-level names to ../../build/start_robot/start_robot.egg-info/top_level.txt
[0.754s] reading manifest file '../../build/start_robot/start_robot.egg-info/SOURCES.txt'
[0.754s] writing manifest file '../../build/start_robot/start_robot.egg-info/SOURCES.txt'
[0.754s] running build
[0.754s] running install
[0.757s] running install_data
[0.758s] copying launch/run.launch.py -> /home/ymzz/YMbot_ROS2/install/start_robot/share/start_robot/launch
[0.758s] running install_egg_info
[0.789s] removing '/home/ymzz/YMbot_ROS2/install/start_robot/lib/python3.12/site-packages/start_robot-0.0.0-py3.12.egg-info' (and everything under it)
[0.789s] Copying ../../build/start_robot/start_robot.egg-info to /home/ymzz/YMbot_ROS2/install/start_robot/lib/python3.12/site-packages/start_robot-0.0.0-py3.12.egg-info
[0.790s] running install_scripts
[0.863s] Installing robot_controller script to /home/ymzz/YMbot_ROS2/install/start_robot/lib/start_robot
[0.864s] writing list of installed files to '/home/ymzz/YMbot_ROS2/build/start_robot/install.log'
[0.888s] Invoked command in '/home/ymzz/YMbot_ROS2/src/start_robot' returned '0': CONDA_PROMPT_MODIFIER=(lerobot) DEBUGINFOD_URLS=https://debuginfod.ubuntu.com PYTHONPATH=/home/ymzz/YMbot_ROS2/build/start_robot/prefix_override:/home/ymzz/anaconda3/envs/lerobot/lib/python3.12/site-packages/colcon_core/task/python/colcon_distutils_commands:/home/ymzz/YMbot_ROS2/install/start_robot/lib/python3.12/site-packages:${PYTHONPATH} /home/ymzz/anaconda3/envs/lerobot/bin/python3.12 -W ignore:setup.py install is deprecated -W ignore:easy_install command is deprecated setup.py egg_info --egg-base ../../build/start_robot build --build-base /home/ymzz/YMbot_ROS2/build/start_robot/build install --record /home/ymzz/YMbot_ROS2/build/start_robot/install.log --single-version-externally-managed install_data
