/home/ymzz/YMbot_ROS2/install/start_robot/lib/python3.12/site-packages/start_robot/__init__.py
/home/ymzz/YMbot_ROS2/install/start_robot/lib/python3.12/site-packages/start_robot/real_lerobot_collector.py
/home/ymzz/YMbot_ROS2/install/start_robot/lib/python3.12/site-packages/start_robot/__pycache__/__init__.cpython-312.pyc
/home/ymzz/YMbot_ROS2/install/start_robot/lib/python3.12/site-packages/start_robot/__pycache__/real_lerobot_collector.cpython-312.pyc
/home/ymzz/YMbot_ROS2/install/start_robot/share/ament_index/resource_index/packages/start_robot
/home/ymzz/YMbot_ROS2/install/start_robot/share/start_robot/package.xml
/home/ymzz/YMbot_ROS2/install/start_robot/share/start_robot/launch/run.launch.py
/home/ymzz/YMbot_ROS2/install/start_robot/share/start_robot/launch/rs_multi_camera_launch.py
/home/ymzz/YMbot_ROS2/install/start_robot/share/start_robot/launch/gemini2L_recorder_launch.py
/home/ymzz/YMbot_ROS2/install/start_robot/share/start_robot/launch/rs_single_camera_launch.py
/home/ymzz/YMbot_ROS2/install/start_robot/share/start_robot/launch/run.launch_bak.py
/home/ymzz/YMbot_ROS2/install/start_robot/share/start_robot/launch/rs_launch.py
/home/ymzz/YMbot_ROS2/install/start_robot/lib/python3.12/site-packages/start_robot-0.0.0-py3.12.egg-info/zip-safe
/home/ymzz/YMbot_ROS2/install/start_robot/lib/python3.12/site-packages/start_robot-0.0.0-py3.12.egg-info/SOURCES.txt
/home/ymzz/YMbot_ROS2/install/start_robot/lib/python3.12/site-packages/start_robot-0.0.0-py3.12.egg-info/requires.txt
/home/ymzz/YMbot_ROS2/install/start_robot/lib/python3.12/site-packages/start_robot-0.0.0-py3.12.egg-info/entry_points.txt
/home/ymzz/YMbot_ROS2/install/start_robot/lib/python3.12/site-packages/start_robot-0.0.0-py3.12.egg-info/dependency_links.txt
/home/ymzz/YMbot_ROS2/install/start_robot/lib/python3.12/site-packages/start_robot-0.0.0-py3.12.egg-info/top_level.txt
/home/ymzz/YMbot_ROS2/install/start_robot/lib/python3.12/site-packages/start_robot-0.0.0-py3.12.egg-info/PKG-INFO
/home/ymzz/YMbot_ROS2/install/start_robot/lib/start_robot/real_lerobot_collector
