[0.176s] DEBUG:colcon:Command line arguments: ['/home/ymzz/anaconda3/envs/lerobot/bin/colcon', 'build', '--packages-select', 'start_robot', 'vr_receiver_tcp']
[0.176s] DEBUG:colcon:Parsed command line arguments: Namespace(log_base=None, log_level=None, verb_name='build', build_base='build', install_base='install', merge_install=False, symlink_install=False, test_result_base=None, continue_on_error=False, executor='parallel', parallel_workers=20, event_handlers=None, ignore_user_meta=False, metas=['./colcon.meta'], base_paths=['.'], packages_ignore=None, packages_ignore_regex=None, paths=None, packages_up_to=None, packages_up_to_regex=None, packages_above=None, packages_above_and_dependencies=None, packages_above_depth=None, packages_select_by_dep=None, packages_skip_by_dep=None, packages_skip_up_to=None, packages_select_build_failed=False, packages_skip_build_finished=False, packages_select_test_failures=False, packages_skip_test_passed=False, packages_select=['start_robot', 'vr_receiver_tcp'], packages_skip=None, packages_select_regex=None, packages_skip_regex=None, packages_start=None, packages_end=None, cmake_args=None, cmake_target=None, cmake_target_skip_unavailable=False, cmake_clean_cache=False, cmake_clean_first=False, cmake_force_configure=False, ament_cmake_args=None, catkin_cmake_args=None, catkin_skip_building_tests=False, verb_parser=<colcon_defaults.argument_parser.defaults.DefaultArgumentsDecorator object at 0x72530e6a3b60>, verb_extension=<colcon_core.verb.build.BuildVerb object at 0x72530e6a3230>, main=<bound method BuildVerb.main of <colcon_core.verb.build.BuildVerb object at 0x72530e6a3230>>)
[0.205s] Level 1:colcon.colcon_core.package_discovery:discover_packages(colcon_meta) check parameters
[0.205s] Level 1:colcon.colcon_core.package_discovery:discover_packages(recursive) check parameters
[0.205s] Level 1:colcon.colcon_core.package_discovery:discover_packages(ignore) check parameters
[0.205s] Level 1:colcon.colcon_core.package_discovery:discover_packages(path) check parameters
[0.205s] Level 1:colcon.colcon_core.package_discovery:discover_packages(colcon_meta) discover
[0.205s] Level 1:colcon.colcon_core.package_discovery:discover_packages(recursive) discover
[0.205s] INFO:colcon.colcon_core.package_discovery:Crawling recursively for packages in '/home/ymzz/YMbot_ROS2'
[0.205s] Level 1:colcon.colcon_core.package_identification:_identify(.) by extensions ['ignore', 'ignore_ament_install']
[0.205s] Level 1:colcon.colcon_core.package_identification:_identify(.) by extension 'ignore'
[0.205s] Level 1:colcon.colcon_core.package_identification:_identify(.) by extension 'ignore_ament_install'
[0.205s] Level 1:colcon.colcon_core.package_identification:_identify(.) by extensions ['colcon_pkg']
[0.205s] Level 1:colcon.colcon_core.package_identification:_identify(.) by extension 'colcon_pkg'
[0.205s] Level 1:colcon.colcon_core.package_identification:_identify(.) by extensions ['colcon_meta']
[0.205s] Level 1:colcon.colcon_core.package_identification:_identify(.) by extension 'colcon_meta'
[0.205s] Level 1:colcon.colcon_core.package_identification:_identify(.) by extensions ['ros']
[0.205s] Level 1:colcon.colcon_core.package_identification:_identify(.) by extension 'ros'
[0.237s] Level 1:colcon.colcon_core.package_identification:_identify(.) by extensions ['cmake', 'python']
[0.237s] Level 1:colcon.colcon_core.package_identification:_identify(.) by extension 'cmake'
[0.237s] Level 1:colcon.colcon_core.package_identification:_identify(.) by extension 'python'
[0.237s] Level 1:colcon.colcon_core.package_identification:_identify(.) by extensions ['python_setup_py']
[0.237s] Level 1:colcon.colcon_core.package_identification:_identify(.) by extension 'python_setup_py'
[0.238s] Level 1:colcon.colcon_core.package_identification:_identify(Log) by extensions ['ignore', 'ignore_ament_install']
[0.238s] Level 1:colcon.colcon_core.package_identification:_identify(Log) by extension 'ignore'
[0.238s] Level 1:colcon.colcon_core.package_identification:_identify(Log) by extension 'ignore_ament_install'
[0.238s] Level 1:colcon.colcon_core.package_identification:_identify(Log) by extensions ['colcon_pkg']
[0.238s] Level 1:colcon.colcon_core.package_identification:_identify(Log) by extension 'colcon_pkg'
[0.238s] Level 1:colcon.colcon_core.package_identification:_identify(Log) by extensions ['colcon_meta']
[0.238s] Level 1:colcon.colcon_core.package_identification:_identify(Log) by extension 'colcon_meta'
[0.238s] Level 1:colcon.colcon_core.package_identification:_identify(Log) by extensions ['ros']
[0.238s] Level 1:colcon.colcon_core.package_identification:_identify(Log) by extension 'ros'
[0.238s] Level 1:colcon.colcon_core.package_identification:_identify(Log) by extensions ['cmake', 'python']
[0.238s] Level 1:colcon.colcon_core.package_identification:_identify(Log) by extension 'cmake'
[0.238s] Level 1:colcon.colcon_core.package_identification:_identify(Log) by extension 'python'
[0.238s] Level 1:colcon.colcon_core.package_identification:_identify(Log) by extensions ['python_setup_py']
[0.238s] Level 1:colcon.colcon_core.package_identification:_identify(Log) by extension 'python_setup_py'
[0.238s] Level 1:colcon.colcon_core.package_identification:_identify(build) by extensions ['ignore', 'ignore_ament_install']
[0.238s] Level 1:colcon.colcon_core.package_identification:_identify(build) by extension 'ignore'
[0.238s] Level 1:colcon.colcon_core.package_identification:_identify(build) ignored
[0.238s] Level 1:colcon.colcon_core.package_identification:_identify(install) by extensions ['ignore', 'ignore_ament_install']
[0.238s] Level 1:colcon.colcon_core.package_identification:_identify(install) by extension 'ignore'
[0.238s] Level 1:colcon.colcon_core.package_identification:_identify(install) ignored
[0.238s] Level 1:colcon.colcon_core.package_identification:_identify(log) by extensions ['ignore', 'ignore_ament_install']
[0.238s] Level 1:colcon.colcon_core.package_identification:_identify(log) by extension 'ignore'
[0.238s] Level 1:colcon.colcon_core.package_identification:_identify(log) ignored
[0.238s] Level 1:colcon.colcon_core.package_identification:_identify(src) by extensions ['ignore', 'ignore_ament_install']
[0.238s] Level 1:colcon.colcon_core.package_identification:_identify(src) by extension 'ignore'
[0.238s] Level 1:colcon.colcon_core.package_identification:_identify(src) by extension 'ignore_ament_install'
[0.238s] Level 1:colcon.colcon_core.package_identification:_identify(src) by extensions ['colcon_pkg']
[0.238s] Level 1:colcon.colcon_core.package_identification:_identify(src) by extension 'colcon_pkg'
[0.238s] Level 1:colcon.colcon_core.package_identification:_identify(src) by extensions ['colcon_meta']
[0.238s] Level 1:colcon.colcon_core.package_identification:_identify(src) by extension 'colcon_meta'
[0.238s] Level 1:colcon.colcon_core.package_identification:_identify(src) by extensions ['ros']
[0.238s] Level 1:colcon.colcon_core.package_identification:_identify(src) by extension 'ros'
[0.239s] Level 1:colcon.colcon_core.package_identification:_identify(src) by extensions ['cmake', 'python']
[0.239s] Level 1:colcon.colcon_core.package_identification:_identify(src) by extension 'cmake'
[0.239s] Level 1:colcon.colcon_core.package_identification:_identify(src) by extension 'python'
[0.239s] Level 1:colcon.colcon_core.package_identification:_identify(src) by extensions ['python_setup_py']
[0.239s] Level 1:colcon.colcon_core.package_identification:_identify(src) by extension 'python_setup_py'
[0.239s] Level 1:colcon.colcon_core.package_identification:_identify(src/Drill_effector) by extensions ['ignore', 'ignore_ament_install']
[0.239s] Level 1:colcon.colcon_core.package_identification:_identify(src/Drill_effector) by extension 'ignore'
[0.239s] Level 1:colcon.colcon_core.package_identification:_identify(src/Drill_effector) by extension 'ignore_ament_install'
[0.239s] Level 1:colcon.colcon_core.package_identification:_identify(src/Drill_effector) by extensions ['colcon_pkg']
[0.239s] Level 1:colcon.colcon_core.package_identification:_identify(src/Drill_effector) by extension 'colcon_pkg'
[0.239s] Level 1:colcon.colcon_core.package_identification:_identify(src/Drill_effector) by extensions ['colcon_meta']
[0.239s] Level 1:colcon.colcon_core.package_identification:_identify(src/Drill_effector) by extension 'colcon_meta'
[0.239s] Level 1:colcon.colcon_core.package_identification:_identify(src/Drill_effector) by extensions ['ros']
[0.239s] Level 1:colcon.colcon_core.package_identification:_identify(src/Drill_effector) by extension 'ros'
[0.239s] Level 1:colcon.colcon_core.package_identification:_identify(src/Drill_effector) by extensions ['cmake', 'python']
[0.239s] Level 1:colcon.colcon_core.package_identification:_identify(src/Drill_effector) by extension 'cmake'
[0.239s] Level 1:colcon.colcon_core.package_identification:_identify(src/Drill_effector) by extension 'python'
[0.239s] Level 1:colcon.colcon_core.package_identification:_identify(src/Drill_effector) by extensions ['python_setup_py']
[0.239s] Level 1:colcon.colcon_core.package_identification:_identify(src/Drill_effector) by extension 'python_setup_py'
[0.239s] Level 1:colcon.colcon_core.package_identification:_identify(src/Drill_effector/relay_ctrl_node) by extensions ['ignore', 'ignore_ament_install']
[0.239s] Level 1:colcon.colcon_core.package_identification:_identify(src/Drill_effector/relay_ctrl_node) by extension 'ignore'
[0.239s] Level 1:colcon.colcon_core.package_identification:_identify(src/Drill_effector/relay_ctrl_node) by extension 'ignore_ament_install'
[0.239s] Level 1:colcon.colcon_core.package_identification:_identify(src/Drill_effector/relay_ctrl_node) by extensions ['colcon_pkg']
[0.239s] Level 1:colcon.colcon_core.package_identification:_identify(src/Drill_effector/relay_ctrl_node) by extension 'colcon_pkg'
[0.239s] Level 1:colcon.colcon_core.package_identification:_identify(src/Drill_effector/relay_ctrl_node) by extensions ['colcon_meta']
[0.239s] Level 1:colcon.colcon_core.package_identification:_identify(src/Drill_effector/relay_ctrl_node) by extension 'colcon_meta'
[0.239s] Level 1:colcon.colcon_core.package_identification:_identify(src/Drill_effector/relay_ctrl_node) by extensions ['ros']
[0.239s] Level 1:colcon.colcon_core.package_identification:_identify(src/Drill_effector/relay_ctrl_node) by extension 'ros'
[0.242s] DEBUG:colcon.colcon_core.package_identification:Package 'src/Drill_effector/relay_ctrl_node' with type 'ros.ament_python' and name 'relay_ctrl_node'
[0.242s] Level 1:colcon.colcon_core.package_identification:_identify(src/Drill_effector/ymrobot_msgs) by extensions ['ignore', 'ignore_ament_install']
[0.242s] Level 1:colcon.colcon_core.package_identification:_identify(src/Drill_effector/ymrobot_msgs) by extension 'ignore'
[0.242s] Level 1:colcon.colcon_core.package_identification:_identify(src/Drill_effector/ymrobot_msgs) by extension 'ignore_ament_install'
[0.242s] Level 1:colcon.colcon_core.package_identification:_identify(src/Drill_effector/ymrobot_msgs) by extensions ['colcon_pkg']
[0.242s] Level 1:colcon.colcon_core.package_identification:_identify(src/Drill_effector/ymrobot_msgs) by extension 'colcon_pkg'
[0.242s] Level 1:colcon.colcon_core.package_identification:_identify(src/Drill_effector/ymrobot_msgs) by extensions ['colcon_meta']
[0.242s] Level 1:colcon.colcon_core.package_identification:_identify(src/Drill_effector/ymrobot_msgs) by extension 'colcon_meta'
[0.242s] Level 1:colcon.colcon_core.package_identification:_identify(src/Drill_effector/ymrobot_msgs) by extensions ['ros']
[0.242s] Level 1:colcon.colcon_core.package_identification:_identify(src/Drill_effector/ymrobot_msgs) by extension 'ros'
[0.243s] DEBUG:colcon.colcon_core.package_identification:Package 'src/Drill_effector/ymrobot_msgs' with type 'ros.ament_cmake' and name 'ymrobot_msgs'
[0.243s] Level 1:colcon.colcon_core.package_identification:_identify(src/OrbbecSDK_ROS2) by extensions ['ignore', 'ignore_ament_install']
[0.243s] Level 1:colcon.colcon_core.package_identification:_identify(src/OrbbecSDK_ROS2) by extension 'ignore'
[0.243s] Level 1:colcon.colcon_core.package_identification:_identify(src/OrbbecSDK_ROS2) by extension 'ignore_ament_install'
[0.243s] Level 1:colcon.colcon_core.package_identification:_identify(src/OrbbecSDK_ROS2) by extensions ['colcon_pkg']
[0.243s] Level 1:colcon.colcon_core.package_identification:_identify(src/OrbbecSDK_ROS2) by extension 'colcon_pkg'
[0.243s] Level 1:colcon.colcon_core.package_identification:_identify(src/OrbbecSDK_ROS2) by extensions ['colcon_meta']
[0.243s] Level 1:colcon.colcon_core.package_identification:_identify(src/OrbbecSDK_ROS2) by extension 'colcon_meta'
[0.243s] Level 1:colcon.colcon_core.package_identification:_identify(src/OrbbecSDK_ROS2) by extensions ['ros']
[0.243s] Level 1:colcon.colcon_core.package_identification:_identify(src/OrbbecSDK_ROS2) by extension 'ros'
[0.243s] Level 1:colcon.colcon_core.package_identification:_identify(src/OrbbecSDK_ROS2) by extensions ['cmake', 'python']
[0.243s] Level 1:colcon.colcon_core.package_identification:_identify(src/OrbbecSDK_ROS2) by extension 'cmake'
[0.243s] Level 1:colcon.colcon_core.package_identification:_identify(src/OrbbecSDK_ROS2) by extension 'python'
[0.243s] Level 1:colcon.colcon_core.package_identification:_identify(src/OrbbecSDK_ROS2) by extensions ['python_setup_py']
[0.243s] Level 1:colcon.colcon_core.package_identification:_identify(src/OrbbecSDK_ROS2) by extension 'python_setup_py'
[0.243s] Level 1:colcon.colcon_core.package_identification:_identify(src/OrbbecSDK_ROS2/docs) by extensions ['ignore', 'ignore_ament_install']
[0.243s] Level 1:colcon.colcon_core.package_identification:_identify(src/OrbbecSDK_ROS2/docs) by extension 'ignore'
[0.243s] Level 1:colcon.colcon_core.package_identification:_identify(src/OrbbecSDK_ROS2/docs) by extension 'ignore_ament_install'
[0.243s] Level 1:colcon.colcon_core.package_identification:_identify(src/OrbbecSDK_ROS2/docs) by extensions ['colcon_pkg']
[0.243s] Level 1:colcon.colcon_core.package_identification:_identify(src/OrbbecSDK_ROS2/docs) by extension 'colcon_pkg'
[0.243s] Level 1:colcon.colcon_core.package_identification:_identify(src/OrbbecSDK_ROS2/docs) by extensions ['colcon_meta']
[0.243s] Level 1:colcon.colcon_core.package_identification:_identify(src/OrbbecSDK_ROS2/docs) by extension 'colcon_meta'
[0.243s] Level 1:colcon.colcon_core.package_identification:_identify(src/OrbbecSDK_ROS2/docs) by extensions ['ros']
[0.243s] Level 1:colcon.colcon_core.package_identification:_identify(src/OrbbecSDK_ROS2/docs) by extension 'ros'
[0.243s] Level 1:colcon.colcon_core.package_identification:_identify(src/OrbbecSDK_ROS2/docs) by extensions ['cmake', 'python']
[0.243s] Level 1:colcon.colcon_core.package_identification:_identify(src/OrbbecSDK_ROS2/docs) by extension 'cmake'
[0.243s] Level 1:colcon.colcon_core.package_identification:_identify(src/OrbbecSDK_ROS2/docs) by extension 'python'
[0.243s] Level 1:colcon.colcon_core.package_identification:_identify(src/OrbbecSDK_ROS2/docs) by extensions ['python_setup_py']
[0.243s] Level 1:colcon.colcon_core.package_identification:_identify(src/OrbbecSDK_ROS2/docs) by extension 'python_setup_py'
[0.243s] Level 1:colcon.colcon_core.package_identification:_identify(src/OrbbecSDK_ROS2/docs/images) by extensions ['ignore', 'ignore_ament_install']
[0.243s] Level 1:colcon.colcon_core.package_identification:_identify(src/OrbbecSDK_ROS2/docs/images) by extension 'ignore'
[0.244s] Level 1:colcon.colcon_core.package_identification:_identify(src/OrbbecSDK_ROS2/docs/images) by extension 'ignore_ament_install'
[0.244s] Level 1:colcon.colcon_core.package_identification:_identify(src/OrbbecSDK_ROS2/docs/images) by extensions ['colcon_pkg']
[0.244s] Level 1:colcon.colcon_core.package_identification:_identify(src/OrbbecSDK_ROS2/docs/images) by extension 'colcon_pkg'
[0.244s] Level 1:colcon.colcon_core.package_identification:_identify(src/OrbbecSDK_ROS2/docs/images) by extensions ['colcon_meta']
[0.244s] Level 1:colcon.colcon_core.package_identification:_identify(src/OrbbecSDK_ROS2/docs/images) by extension 'colcon_meta'
[0.244s] Level 1:colcon.colcon_core.package_identification:_identify(src/OrbbecSDK_ROS2/docs/images) by extensions ['ros']
[0.244s] Level 1:colcon.colcon_core.package_identification:_identify(src/OrbbecSDK_ROS2/docs/images) by extension 'ros'
[0.244s] Level 1:colcon.colcon_core.package_identification:_identify(src/OrbbecSDK_ROS2/docs/images) by extensions ['cmake', 'python']
[0.244s] Level 1:colcon.colcon_core.package_identification:_identify(src/OrbbecSDK_ROS2/docs/images) by extension 'cmake'
[0.244s] Level 1:colcon.colcon_core.package_identification:_identify(src/OrbbecSDK_ROS2/docs/images) by extension 'python'
[0.244s] Level 1:colcon.colcon_core.package_identification:_identify(src/OrbbecSDK_ROS2/docs/images) by extensions ['python_setup_py']
[0.244s] Level 1:colcon.colcon_core.package_identification:_identify(src/OrbbecSDK_ROS2/docs/images) by extension 'python_setup_py'
[0.244s] Level 1:colcon.colcon_core.package_identification:_identify(src/OrbbecSDK_ROS2/orbbec_camera) by extensions ['ignore', 'ignore_ament_install']
[0.244s] Level 1:colcon.colcon_core.package_identification:_identify(src/OrbbecSDK_ROS2/orbbec_camera) by extension 'ignore'
[0.244s] Level 1:colcon.colcon_core.package_identification:_identify(src/OrbbecSDK_ROS2/orbbec_camera) by extension 'ignore_ament_install'
[0.244s] Level 1:colcon.colcon_core.package_identification:_identify(src/OrbbecSDK_ROS2/orbbec_camera) by extensions ['colcon_pkg']
[0.244s] Level 1:colcon.colcon_core.package_identification:_identify(src/OrbbecSDK_ROS2/orbbec_camera) by extension 'colcon_pkg'
[0.244s] Level 1:colcon.colcon_core.package_identification:_identify(src/OrbbecSDK_ROS2/orbbec_camera) by extensions ['colcon_meta']
[0.244s] Level 1:colcon.colcon_core.package_identification:_identify(src/OrbbecSDK_ROS2/orbbec_camera) by extension 'colcon_meta'
[0.244s] Level 1:colcon.colcon_core.package_identification:_identify(src/OrbbecSDK_ROS2/orbbec_camera) by extensions ['ros']
[0.244s] Level 1:colcon.colcon_core.package_identification:_identify(src/OrbbecSDK_ROS2/orbbec_camera) by extension 'ros'
[0.245s] DEBUG:colcon.colcon_core.package_identification:Package 'src/OrbbecSDK_ROS2/orbbec_camera' with type 'ros.ament_cmake' and name 'orbbec_camera'
[0.245s] Level 1:colcon.colcon_core.package_identification:_identify(src/OrbbecSDK_ROS2/orbbec_camera_msgs) by extensions ['ignore', 'ignore_ament_install']
[0.245s] Level 1:colcon.colcon_core.package_identification:_identify(src/OrbbecSDK_ROS2/orbbec_camera_msgs) by extension 'ignore'
[0.245s] Level 1:colcon.colcon_core.package_identification:_identify(src/OrbbecSDK_ROS2/orbbec_camera_msgs) by extension 'ignore_ament_install'
[0.245s] Level 1:colcon.colcon_core.package_identification:_identify(src/OrbbecSDK_ROS2/orbbec_camera_msgs) by extensions ['colcon_pkg']
[0.245s] Level 1:colcon.colcon_core.package_identification:_identify(src/OrbbecSDK_ROS2/orbbec_camera_msgs) by extension 'colcon_pkg'
[0.245s] Level 1:colcon.colcon_core.package_identification:_identify(src/OrbbecSDK_ROS2/orbbec_camera_msgs) by extensions ['colcon_meta']
[0.245s] Level 1:colcon.colcon_core.package_identification:_identify(src/OrbbecSDK_ROS2/orbbec_camera_msgs) by extension 'colcon_meta'
[0.245s] Level 1:colcon.colcon_core.package_identification:_identify(src/OrbbecSDK_ROS2/orbbec_camera_msgs) by extensions ['ros']
[0.245s] Level 1:colcon.colcon_core.package_identification:_identify(src/OrbbecSDK_ROS2/orbbec_camera_msgs) by extension 'ros'
[0.246s] DEBUG:colcon.colcon_core.package_identification:Package 'src/OrbbecSDK_ROS2/orbbec_camera_msgs' with type 'ros.ament_cmake' and name 'orbbec_camera_msgs'
[0.246s] Level 1:colcon.colcon_core.package_identification:_identify(src/OrbbecSDK_ROS2/orbbec_description) by extensions ['ignore', 'ignore_ament_install']
[0.246s] Level 1:colcon.colcon_core.package_identification:_identify(src/OrbbecSDK_ROS2/orbbec_description) by extension 'ignore'
[0.246s] Level 1:colcon.colcon_core.package_identification:_identify(src/OrbbecSDK_ROS2/orbbec_description) by extension 'ignore_ament_install'
[0.246s] Level 1:colcon.colcon_core.package_identification:_identify(src/OrbbecSDK_ROS2/orbbec_description) by extensions ['colcon_pkg']
[0.246s] Level 1:colcon.colcon_core.package_identification:_identify(src/OrbbecSDK_ROS2/orbbec_description) by extension 'colcon_pkg'
[0.246s] Level 1:colcon.colcon_core.package_identification:_identify(src/OrbbecSDK_ROS2/orbbec_description) by extensions ['colcon_meta']
[0.246s] Level 1:colcon.colcon_core.package_identification:_identify(src/OrbbecSDK_ROS2/orbbec_description) by extension 'colcon_meta'
[0.246s] Level 1:colcon.colcon_core.package_identification:_identify(src/OrbbecSDK_ROS2/orbbec_description) by extensions ['ros']
[0.246s] Level 1:colcon.colcon_core.package_identification:_identify(src/OrbbecSDK_ROS2/orbbec_description) by extension 'ros'
[0.246s] DEBUG:colcon.colcon_core.package_identification:Package 'src/OrbbecSDK_ROS2/orbbec_description' with type 'ros.ament_cmake' and name 'orbbec_description'
[0.246s] Level 1:colcon.colcon_core.package_identification:_identify(src/arm_vr_motion) by extensions ['ignore', 'ignore_ament_install']
[0.246s] Level 1:colcon.colcon_core.package_identification:_identify(src/arm_vr_motion) by extension 'ignore'
[0.246s] Level 1:colcon.colcon_core.package_identification:_identify(src/arm_vr_motion) by extension 'ignore_ament_install'
[0.246s] Level 1:colcon.colcon_core.package_identification:_identify(src/arm_vr_motion) by extensions ['colcon_pkg']
[0.246s] Level 1:colcon.colcon_core.package_identification:_identify(src/arm_vr_motion) by extension 'colcon_pkg'
[0.246s] Level 1:colcon.colcon_core.package_identification:_identify(src/arm_vr_motion) by extensions ['colcon_meta']
[0.246s] Level 1:colcon.colcon_core.package_identification:_identify(src/arm_vr_motion) by extension 'colcon_meta'
[0.246s] Level 1:colcon.colcon_core.package_identification:_identify(src/arm_vr_motion) by extensions ['ros']
[0.246s] Level 1:colcon.colcon_core.package_identification:_identify(src/arm_vr_motion) by extension 'ros'
[0.247s] DEBUG:colcon.colcon_core.package_identification:Package 'src/arm_vr_motion' with type 'ros.ament_python' and name 'ik_solver_pkg'
[0.247s] Level 1:colcon.colcon_core.package_identification:_identify(src/chassis_control) by extensions ['ignore', 'ignore_ament_install']
[0.247s] Level 1:colcon.colcon_core.package_identification:_identify(src/chassis_control) by extension 'ignore'
[0.247s] Level 1:colcon.colcon_core.package_identification:_identify(src/chassis_control) by extension 'ignore_ament_install'
[0.247s] Level 1:colcon.colcon_core.package_identification:_identify(src/chassis_control) by extensions ['colcon_pkg']
[0.247s] Level 1:colcon.colcon_core.package_identification:_identify(src/chassis_control) by extension 'colcon_pkg'
[0.247s] Level 1:colcon.colcon_core.package_identification:_identify(src/chassis_control) by extensions ['colcon_meta']
[0.247s] Level 1:colcon.colcon_core.package_identification:_identify(src/chassis_control) by extension 'colcon_meta'
[0.247s] Level 1:colcon.colcon_core.package_identification:_identify(src/chassis_control) by extensions ['ros']
[0.247s] Level 1:colcon.colcon_core.package_identification:_identify(src/chassis_control) by extension 'ros'
[0.247s] Level 1:colcon.colcon_core.package_identification:_identify(src/chassis_control) by extensions ['cmake', 'python']
[0.247s] Level 1:colcon.colcon_core.package_identification:_identify(src/chassis_control) by extension 'cmake'
[0.247s] Level 1:colcon.colcon_core.package_identification:_identify(src/chassis_control) by extension 'python'
[0.247s] Level 1:colcon.colcon_core.package_identification:_identify(src/chassis_control) by extensions ['python_setup_py']
[0.247s] Level 1:colcon.colcon_core.package_identification:_identify(src/chassis_control) by extension 'python_setup_py'
[0.247s] Level 1:colcon.colcon_core.package_identification:_identify(src/chassis_control/chassis_driver_node) by extensions ['ignore', 'ignore_ament_install']
[0.247s] Level 1:colcon.colcon_core.package_identification:_identify(src/chassis_control/chassis_driver_node) by extension 'ignore'
[0.247s] Level 1:colcon.colcon_core.package_identification:_identify(src/chassis_control/chassis_driver_node) by extension 'ignore_ament_install'
[0.247s] Level 1:colcon.colcon_core.package_identification:_identify(src/chassis_control/chassis_driver_node) by extensions ['colcon_pkg']
[0.247s] Level 1:colcon.colcon_core.package_identification:_identify(src/chassis_control/chassis_driver_node) by extension 'colcon_pkg'
[0.247s] Level 1:colcon.colcon_core.package_identification:_identify(src/chassis_control/chassis_driver_node) by extensions ['colcon_meta']
[0.247s] Level 1:colcon.colcon_core.package_identification:_identify(src/chassis_control/chassis_driver_node) by extension 'colcon_meta'
[0.247s] Level 1:colcon.colcon_core.package_identification:_identify(src/chassis_control/chassis_driver_node) by extensions ['ros']
[0.247s] Level 1:colcon.colcon_core.package_identification:_identify(src/chassis_control/chassis_driver_node) by extension 'ros'
[0.248s] DEBUG:colcon.colcon_core.package_identification:Package 'src/chassis_control/chassis_driver_node' with type 'ros.ament_cmake' and name 'chassis_driver_node'
[0.248s] Level 1:colcon.colcon_core.package_identification:_identify(src/chassis_control/keyboard_control) by extensions ['ignore', 'ignore_ament_install']
[0.248s] Level 1:colcon.colcon_core.package_identification:_identify(src/chassis_control/keyboard_control) by extension 'ignore'
[0.248s] Level 1:colcon.colcon_core.package_identification:_identify(src/chassis_control/keyboard_control) by extension 'ignore_ament_install'
[0.248s] Level 1:colcon.colcon_core.package_identification:_identify(src/chassis_control/keyboard_control) by extensions ['colcon_pkg']
[0.248s] Level 1:colcon.colcon_core.package_identification:_identify(src/chassis_control/keyboard_control) by extension 'colcon_pkg'
[0.248s] Level 1:colcon.colcon_core.package_identification:_identify(src/chassis_control/keyboard_control) by extensions ['colcon_meta']
[0.248s] Level 1:colcon.colcon_core.package_identification:_identify(src/chassis_control/keyboard_control) by extension 'colcon_meta'
[0.248s] Level 1:colcon.colcon_core.package_identification:_identify(src/chassis_control/keyboard_control) by extensions ['ros']
[0.248s] Level 1:colcon.colcon_core.package_identification:_identify(src/chassis_control/keyboard_control) by extension 'ros'
[0.248s] DEBUG:colcon.colcon_core.package_identification:Package 'src/chassis_control/keyboard_control' with type 'ros.ament_cmake' and name 'keyboard_control'
[0.248s] Level 1:colcon.colcon_core.package_identification:_identify(src/control) by extensions ['ignore', 'ignore_ament_install']
[0.248s] Level 1:colcon.colcon_core.package_identification:_identify(src/control) by extension 'ignore'
[0.249s] Level 1:colcon.colcon_core.package_identification:_identify(src/control) by extension 'ignore_ament_install'
[0.249s] Level 1:colcon.colcon_core.package_identification:_identify(src/control) by extensions ['colcon_pkg']
[0.249s] Level 1:colcon.colcon_core.package_identification:_identify(src/control) by extension 'colcon_pkg'
[0.249s] Level 1:colcon.colcon_core.package_identification:_identify(src/control) by extensions ['colcon_meta']
[0.249s] Level 1:colcon.colcon_core.package_identification:_identify(src/control) by extension 'colcon_meta'
[0.249s] Level 1:colcon.colcon_core.package_identification:_identify(src/control) by extensions ['ros']
[0.249s] Level 1:colcon.colcon_core.package_identification:_identify(src/control) by extension 'ros'
[0.249s] Level 1:colcon.colcon_core.package_identification:_identify(src/control) by extensions ['cmake', 'python']
[0.249s] Level 1:colcon.colcon_core.package_identification:_identify(src/control) by extension 'cmake'
[0.249s] Level 1:colcon.colcon_core.package_identification:_identify(src/control) by extension 'python'
[0.249s] Level 1:colcon.colcon_core.package_identification:_identify(src/control) by extensions ['python_setup_py']
[0.249s] Level 1:colcon.colcon_core.package_identification:_identify(src/control) by extension 'python_setup_py'
[0.249s] Level 1:colcon.colcon_core.package_identification:_identify(src/control/ymbot_d_control) by extensions ['ignore', 'ignore_ament_install']
[0.249s] Level 1:colcon.colcon_core.package_identification:_identify(src/control/ymbot_d_control) by extension 'ignore'
[0.249s] Level 1:colcon.colcon_core.package_identification:_identify(src/control/ymbot_d_control) by extension 'ignore_ament_install'
[0.249s] Level 1:colcon.colcon_core.package_identification:_identify(src/control/ymbot_d_control) by extensions ['colcon_pkg']
[0.249s] Level 1:colcon.colcon_core.package_identification:_identify(src/control/ymbot_d_control) by extension 'colcon_pkg'
[0.249s] Level 1:colcon.colcon_core.package_identification:_identify(src/control/ymbot_d_control) by extensions ['colcon_meta']
[0.249s] Level 1:colcon.colcon_core.package_identification:_identify(src/control/ymbot_d_control) by extension 'colcon_meta'
[0.249s] Level 1:colcon.colcon_core.package_identification:_identify(src/control/ymbot_d_control) by extensions ['ros']
[0.249s] Level 1:colcon.colcon_core.package_identification:_identify(src/control/ymbot_d_control) by extension 'ros'
[0.249s] DEBUG:colcon.colcon_core.package_identification:Package 'src/control/ymbot_d_control' with type 'ros.ament_cmake' and name 'ymbot_d_control'
[0.249s] Level 1:colcon.colcon_core.package_identification:_identify(src/control/ymbot_d_description) by extensions ['ignore', 'ignore_ament_install']
[0.249s] Level 1:colcon.colcon_core.package_identification:_identify(src/control/ymbot_d_description) by extension 'ignore'
[0.249s] Level 1:colcon.colcon_core.package_identification:_identify(src/control/ymbot_d_description) by extension 'ignore_ament_install'
[0.250s] Level 1:colcon.colcon_core.package_identification:_identify(src/control/ymbot_d_description) by extensions ['colcon_pkg']
[0.250s] Level 1:colcon.colcon_core.package_identification:_identify(src/control/ymbot_d_description) by extension 'colcon_pkg'
[0.250s] Level 1:colcon.colcon_core.package_identification:_identify(src/control/ymbot_d_description) by extensions ['colcon_meta']
[0.250s] Level 1:colcon.colcon_core.package_identification:_identify(src/control/ymbot_d_description) by extension 'colcon_meta'
[0.250s] Level 1:colcon.colcon_core.package_identification:_identify(src/control/ymbot_d_description) by extensions ['ros']
[0.250s] Level 1:colcon.colcon_core.package_identification:_identify(src/control/ymbot_d_description) by extension 'ros'
[0.250s] DEBUG:colcon.colcon_core.package_identification:Package 'src/control/ymbot_d_description' with type 'ros.ament_python' and name 'ymbot_d_description'
[0.250s] Level 1:colcon.colcon_core.package_identification:_identify(src/control/ymbot_d_moveit_config) by extensions ['ignore', 'ignore_ament_install']
[0.250s] Level 1:colcon.colcon_core.package_identification:_identify(src/control/ymbot_d_moveit_config) by extension 'ignore'
[0.250s] Level 1:colcon.colcon_core.package_identification:_identify(src/control/ymbot_d_moveit_config) by extension 'ignore_ament_install'
[0.250s] Level 1:colcon.colcon_core.package_identification:_identify(src/control/ymbot_d_moveit_config) by extensions ['colcon_pkg']
[0.250s] Level 1:colcon.colcon_core.package_identification:_identify(src/control/ymbot_d_moveit_config) by extension 'colcon_pkg'
[0.250s] Level 1:colcon.colcon_core.package_identification:_identify(src/control/ymbot_d_moveit_config) by extensions ['colcon_meta']
[0.250s] Level 1:colcon.colcon_core.package_identification:_identify(src/control/ymbot_d_moveit_config) by extension 'colcon_meta'
[0.250s] Level 1:colcon.colcon_core.package_identification:_identify(src/control/ymbot_d_moveit_config) by extensions ['ros']
[0.250s] Level 1:colcon.colcon_core.package_identification:_identify(src/control/ymbot_d_moveit_config) by extension 'ros'
[0.251s] DEBUG:colcon.colcon_core.package_identification:Package 'src/control/ymbot_d_moveit_config' with type 'ros.ament_cmake' and name 'ymbot_d_moveit_config'
[0.251s] Level 1:colcon.colcon_core.package_identification:_identify(src/control/ymbot_d_ros2_controller_sharedmemory) by extensions ['ignore', 'ignore_ament_install']
[0.251s] Level 1:colcon.colcon_core.package_identification:_identify(src/control/ymbot_d_ros2_controller_sharedmemory) by extension 'ignore'
[0.251s] Level 1:colcon.colcon_core.package_identification:_identify(src/control/ymbot_d_ros2_controller_sharedmemory) by extension 'ignore_ament_install'
[0.251s] Level 1:colcon.colcon_core.package_identification:_identify(src/control/ymbot_d_ros2_controller_sharedmemory) by extensions ['colcon_pkg']
[0.251s] Level 1:colcon.colcon_core.package_identification:_identify(src/control/ymbot_d_ros2_controller_sharedmemory) by extension 'colcon_pkg'
[0.251s] Level 1:colcon.colcon_core.package_identification:_identify(src/control/ymbot_d_ros2_controller_sharedmemory) by extensions ['colcon_meta']
[0.251s] Level 1:colcon.colcon_core.package_identification:_identify(src/control/ymbot_d_ros2_controller_sharedmemory) by extension 'colcon_meta'
[0.251s] Level 1:colcon.colcon_core.package_identification:_identify(src/control/ymbot_d_ros2_controller_sharedmemory) by extensions ['ros']
[0.251s] Level 1:colcon.colcon_core.package_identification:_identify(src/control/ymbot_d_ros2_controller_sharedmemory) by extension 'ros'
[0.251s] DEBUG:colcon.colcon_core.package_identification:Package 'src/control/ymbot_d_ros2_controller_sharedmemory' with type 'ros.ament_cmake' and name 'ymbot_d_ros2_controller_sharedmemory'
[0.251s] Level 1:colcon.colcon_core.package_identification:_identify(src/inspire_hand) by extensions ['ignore', 'ignore_ament_install']
[0.251s] Level 1:colcon.colcon_core.package_identification:_identify(src/inspire_hand) by extension 'ignore'
[0.251s] Level 1:colcon.colcon_core.package_identification:_identify(src/inspire_hand) by extension 'ignore_ament_install'
[0.252s] Level 1:colcon.colcon_core.package_identification:_identify(src/inspire_hand) by extensions ['colcon_pkg']
[0.252s] Level 1:colcon.colcon_core.package_identification:_identify(src/inspire_hand) by extension 'colcon_pkg'
[0.252s] Level 1:colcon.colcon_core.package_identification:_identify(src/inspire_hand) by extensions ['colcon_meta']
[0.252s] Level 1:colcon.colcon_core.package_identification:_identify(src/inspire_hand) by extension 'colcon_meta'
[0.252s] Level 1:colcon.colcon_core.package_identification:_identify(src/inspire_hand) by extensions ['ros']
[0.252s] Level 1:colcon.colcon_core.package_identification:_identify(src/inspire_hand) by extension 'ros'
[0.252s] DEBUG:colcon.colcon_core.package_identification:Package 'src/inspire_hand' with type 'ros.ament_python' and name 'inspire_hand'
[0.252s] Level 1:colcon.colcon_core.package_identification:_identify(src/realsense-ros) by extensions ['ignore', 'ignore_ament_install']
[0.252s] Level 1:colcon.colcon_core.package_identification:_identify(src/realsense-ros) by extension 'ignore'
[0.252s] Level 1:colcon.colcon_core.package_identification:_identify(src/realsense-ros) by extension 'ignore_ament_install'
[0.252s] Level 1:colcon.colcon_core.package_identification:_identify(src/realsense-ros) by extensions ['colcon_pkg']
[0.252s] Level 1:colcon.colcon_core.package_identification:_identify(src/realsense-ros) by extension 'colcon_pkg'
[0.252s] Level 1:colcon.colcon_core.package_identification:_identify(src/realsense-ros) by extensions ['colcon_meta']
[0.252s] Level 1:colcon.colcon_core.package_identification:_identify(src/realsense-ros) by extension 'colcon_meta'
[0.252s] Level 1:colcon.colcon_core.package_identification:_identify(src/realsense-ros) by extensions ['ros']
[0.252s] Level 1:colcon.colcon_core.package_identification:_identify(src/realsense-ros) by extension 'ros'
[0.252s] Level 1:colcon.colcon_core.package_identification:_identify(src/realsense-ros) by extensions ['cmake', 'python']
[0.252s] Level 1:colcon.colcon_core.package_identification:_identify(src/realsense-ros) by extension 'cmake'
[0.252s] Level 1:colcon.colcon_core.package_identification:_identify(src/realsense-ros) by extension 'python'
[0.252s] Level 1:colcon.colcon_core.package_identification:_identify(src/realsense-ros) by extensions ['python_setup_py']
[0.252s] Level 1:colcon.colcon_core.package_identification:_identify(src/realsense-ros) by extension 'python_setup_py'
[0.252s] Level 1:colcon.colcon_core.package_identification:_identify(src/realsense-ros/realsense2_camera) by extensions ['ignore', 'ignore_ament_install']
[0.252s] Level 1:colcon.colcon_core.package_identification:_identify(src/realsense-ros/realsense2_camera) by extension 'ignore'
[0.252s] Level 1:colcon.colcon_core.package_identification:_identify(src/realsense-ros/realsense2_camera) by extension 'ignore_ament_install'
[0.253s] Level 1:colcon.colcon_core.package_identification:_identify(src/realsense-ros/realsense2_camera) by extensions ['colcon_pkg']
[0.253s] Level 1:colcon.colcon_core.package_identification:_identify(src/realsense-ros/realsense2_camera) by extension 'colcon_pkg'
[0.253s] Level 1:colcon.colcon_core.package_identification:_identify(src/realsense-ros/realsense2_camera) by extensions ['colcon_meta']
[0.253s] Level 1:colcon.colcon_core.package_identification:_identify(src/realsense-ros/realsense2_camera) by extension 'colcon_meta'
[0.253s] Level 1:colcon.colcon_core.package_identification:_identify(src/realsense-ros/realsense2_camera) by extensions ['ros']
[0.253s] Level 1:colcon.colcon_core.package_identification:_identify(src/realsense-ros/realsense2_camera) by extension 'ros'
[0.256s] DEBUG:colcon.colcon_core.package_identification:Package 'src/realsense-ros/realsense2_camera' with type 'ros.ament_cmake' and name 'realsense2_camera'
[0.257s] Level 1:colcon.colcon_core.package_identification:_identify(src/realsense-ros/realsense2_camera_msgs) by extensions ['ignore', 'ignore_ament_install']
[0.257s] Level 1:colcon.colcon_core.package_identification:_identify(src/realsense-ros/realsense2_camera_msgs) by extension 'ignore'
[0.257s] Level 1:colcon.colcon_core.package_identification:_identify(src/realsense-ros/realsense2_camera_msgs) by extension 'ignore_ament_install'
[0.257s] Level 1:colcon.colcon_core.package_identification:_identify(src/realsense-ros/realsense2_camera_msgs) by extensions ['colcon_pkg']
[0.257s] Level 1:colcon.colcon_core.package_identification:_identify(src/realsense-ros/realsense2_camera_msgs) by extension 'colcon_pkg'
[0.257s] Level 1:colcon.colcon_core.package_identification:_identify(src/realsense-ros/realsense2_camera_msgs) by extensions ['colcon_meta']
[0.257s] Level 1:colcon.colcon_core.package_identification:_identify(src/realsense-ros/realsense2_camera_msgs) by extension 'colcon_meta'
[0.257s] Level 1:colcon.colcon_core.package_identification:_identify(src/realsense-ros/realsense2_camera_msgs) by extensions ['ros']
[0.257s] Level 1:colcon.colcon_core.package_identification:_identify(src/realsense-ros/realsense2_camera_msgs) by extension 'ros'
[0.257s] DEBUG:colcon.colcon_core.package_identification:Package 'src/realsense-ros/realsense2_camera_msgs' with type 'ros.ament_cmake' and name 'realsense2_camera_msgs'
[0.257s] Level 1:colcon.colcon_core.package_identification:_identify(src/realsense-ros/realsense2_description) by extensions ['ignore', 'ignore_ament_install']
[0.257s] Level 1:colcon.colcon_core.package_identification:_identify(src/realsense-ros/realsense2_description) by extension 'ignore'
[0.257s] Level 1:colcon.colcon_core.package_identification:_identify(src/realsense-ros/realsense2_description) by extension 'ignore_ament_install'
[0.257s] Level 1:colcon.colcon_core.package_identification:_identify(src/realsense-ros/realsense2_description) by extensions ['colcon_pkg']
[0.257s] Level 1:colcon.colcon_core.package_identification:_identify(src/realsense-ros/realsense2_description) by extension 'colcon_pkg'
[0.257s] Level 1:colcon.colcon_core.package_identification:_identify(src/realsense-ros/realsense2_description) by extensions ['colcon_meta']
[0.257s] Level 1:colcon.colcon_core.package_identification:_identify(src/realsense-ros/realsense2_description) by extension 'colcon_meta'
[0.257s] Level 1:colcon.colcon_core.package_identification:_identify(src/realsense-ros/realsense2_description) by extensions ['ros']
[0.257s] Level 1:colcon.colcon_core.package_identification:_identify(src/realsense-ros/realsense2_description) by extension 'ros'
[0.258s] DEBUG:colcon.colcon_core.package_identification:Package 'src/realsense-ros/realsense2_description' with type 'ros.ament_cmake' and name 'realsense2_description'
[0.258s] Level 1:colcon.colcon_core.package_identification:_identify(src/realsense-ros/rviz2_rotatable_image_plugin) by extensions ['ignore', 'ignore_ament_install']
[0.258s] Level 1:colcon.colcon_core.package_identification:_identify(src/realsense-ros/rviz2_rotatable_image_plugin) by extension 'ignore'
[0.258s] Level 1:colcon.colcon_core.package_identification:_identify(src/realsense-ros/rviz2_rotatable_image_plugin) by extension 'ignore_ament_install'
[0.258s] Level 1:colcon.colcon_core.package_identification:_identify(src/realsense-ros/rviz2_rotatable_image_plugin) by extensions ['colcon_pkg']
[0.258s] Level 1:colcon.colcon_core.package_identification:_identify(src/realsense-ros/rviz2_rotatable_image_plugin) by extension 'colcon_pkg'
[0.258s] Level 1:colcon.colcon_core.package_identification:_identify(src/realsense-ros/rviz2_rotatable_image_plugin) by extensions ['colcon_meta']
[0.258s] Level 1:colcon.colcon_core.package_identification:_identify(src/realsense-ros/rviz2_rotatable_image_plugin) by extension 'colcon_meta'
[0.258s] Level 1:colcon.colcon_core.package_identification:_identify(src/realsense-ros/rviz2_rotatable_image_plugin) by extensions ['ros']
[0.258s] Level 1:colcon.colcon_core.package_identification:_identify(src/realsense-ros/rviz2_rotatable_image_plugin) by extension 'ros'
[0.258s] Level 1:colcon.colcon_core.package_identification:_identify(src/realsense-ros/rviz2_rotatable_image_plugin) by extensions ['cmake', 'python']
[0.258s] Level 1:colcon.colcon_core.package_identification:_identify(src/realsense-ros/rviz2_rotatable_image_plugin) by extension 'cmake'
[0.258s] Level 1:colcon.colcon_core.package_identification:_identify(src/realsense-ros/rviz2_rotatable_image_plugin) by extension 'python'
[0.258s] Level 1:colcon.colcon_core.package_identification:_identify(src/realsense-ros/rviz2_rotatable_image_plugin) by extensions ['python_setup_py']
[0.258s] Level 1:colcon.colcon_core.package_identification:_identify(src/realsense-ros/rviz2_rotatable_image_plugin) by extension 'python_setup_py'
[0.258s] Level 1:colcon.colcon_core.package_identification:_identify(src/realsense-ros/scripts) by extensions ['ignore', 'ignore_ament_install']
[0.258s] Level 1:colcon.colcon_core.package_identification:_identify(src/realsense-ros/scripts) by extension 'ignore'
[0.258s] Level 1:colcon.colcon_core.package_identification:_identify(src/realsense-ros/scripts) by extension 'ignore_ament_install'
[0.258s] Level 1:colcon.colcon_core.package_identification:_identify(src/realsense-ros/scripts) by extensions ['colcon_pkg']
[0.258s] Level 1:colcon.colcon_core.package_identification:_identify(src/realsense-ros/scripts) by extension 'colcon_pkg'
[0.258s] Level 1:colcon.colcon_core.package_identification:_identify(src/realsense-ros/scripts) by extensions ['colcon_meta']
[0.258s] Level 1:colcon.colcon_core.package_identification:_identify(src/realsense-ros/scripts) by extension 'colcon_meta'
[0.258s] Level 1:colcon.colcon_core.package_identification:_identify(src/realsense-ros/scripts) by extensions ['ros']
[0.258s] Level 1:colcon.colcon_core.package_identification:_identify(src/realsense-ros/scripts) by extension 'ros'
[0.258s] Level 1:colcon.colcon_core.package_identification:_identify(src/realsense-ros/scripts) by extensions ['cmake', 'python']
[0.258s] Level 1:colcon.colcon_core.package_identification:_identify(src/realsense-ros/scripts) by extension 'cmake'
[0.258s] Level 1:colcon.colcon_core.package_identification:_identify(src/realsense-ros/scripts) by extension 'python'
[0.258s] Level 1:colcon.colcon_core.package_identification:_identify(src/realsense-ros/scripts) by extensions ['python_setup_py']
[0.259s] Level 1:colcon.colcon_core.package_identification:_identify(src/realsense-ros/scripts) by extension 'python_setup_py'
[0.259s] Level 1:colcon.colcon_core.package_identification:_identify(src/remote_operate_pkg) by extensions ['ignore', 'ignore_ament_install']
[0.259s] Level 1:colcon.colcon_core.package_identification:_identify(src/remote_operate_pkg) by extension 'ignore'
[0.259s] Level 1:colcon.colcon_core.package_identification:_identify(src/remote_operate_pkg) by extension 'ignore_ament_install'
[0.259s] Level 1:colcon.colcon_core.package_identification:_identify(src/remote_operate_pkg) by extensions ['colcon_pkg']
[0.259s] Level 1:colcon.colcon_core.package_identification:_identify(src/remote_operate_pkg) by extension 'colcon_pkg'
[0.259s] Level 1:colcon.colcon_core.package_identification:_identify(src/remote_operate_pkg) by extensions ['colcon_meta']
[0.259s] Level 1:colcon.colcon_core.package_identification:_identify(src/remote_operate_pkg) by extension 'colcon_meta'
[0.259s] Level 1:colcon.colcon_core.package_identification:_identify(src/remote_operate_pkg) by extensions ['ros']
[0.259s] Level 1:colcon.colcon_core.package_identification:_identify(src/remote_operate_pkg) by extension 'ros'
[0.259s] DEBUG:colcon.colcon_core.package_identification:Package 'src/remote_operate_pkg' with type 'ros.ament_python' and name 'remote_operate_pkg'
[0.259s] Level 1:colcon.colcon_core.package_identification:_identify(src/start_robot) by extensions ['ignore', 'ignore_ament_install']
[0.259s] Level 1:colcon.colcon_core.package_identification:_identify(src/start_robot) by extension 'ignore'
[0.259s] Level 1:colcon.colcon_core.package_identification:_identify(src/start_robot) by extension 'ignore_ament_install'
[0.259s] Level 1:colcon.colcon_core.package_identification:_identify(src/start_robot) by extensions ['colcon_pkg']
[0.259s] Level 1:colcon.colcon_core.package_identification:_identify(src/start_robot) by extension 'colcon_pkg'
[0.259s] Level 1:colcon.colcon_core.package_identification:_identify(src/start_robot) by extensions ['colcon_meta']
[0.259s] Level 1:colcon.colcon_core.package_identification:_identify(src/start_robot) by extension 'colcon_meta'
[0.259s] Level 1:colcon.colcon_core.package_identification:_identify(src/start_robot) by extensions ['ros']
[0.259s] Level 1:colcon.colcon_core.package_identification:_identify(src/start_robot) by extension 'ros'
[0.260s] DEBUG:colcon.colcon_core.package_identification:Package 'src/start_robot' with type 'ros.ament_python' and name 'start_robot'
[0.260s] Level 1:colcon.colcon_core.package_identification:_identify(src/vr_receiver_tcp) by extensions ['ignore', 'ignore_ament_install']
[0.260s] Level 1:colcon.colcon_core.package_identification:_identify(src/vr_receiver_tcp) by extension 'ignore'
[0.260s] Level 1:colcon.colcon_core.package_identification:_identify(src/vr_receiver_tcp) by extension 'ignore_ament_install'
[0.260s] Level 1:colcon.colcon_core.package_identification:_identify(src/vr_receiver_tcp) by extensions ['colcon_pkg']
[0.260s] Level 1:colcon.colcon_core.package_identification:_identify(src/vr_receiver_tcp) by extension 'colcon_pkg'
[0.260s] Level 1:colcon.colcon_core.package_identification:_identify(src/vr_receiver_tcp) by extensions ['colcon_meta']
[0.260s] Level 1:colcon.colcon_core.package_identification:_identify(src/vr_receiver_tcp) by extension 'colcon_meta'
[0.260s] Level 1:colcon.colcon_core.package_identification:_identify(src/vr_receiver_tcp) by extensions ['ros']
[0.260s] Level 1:colcon.colcon_core.package_identification:_identify(src/vr_receiver_tcp) by extension 'ros'
[0.260s] DEBUG:colcon.colcon_core.package_identification:Package 'src/vr_receiver_tcp' with type 'ros.ament_python' and name 'vr_receiver_tcp'
[0.260s] Level 1:colcon.colcon_core.package_identification:_identify(src0) by extensions ['ignore', 'ignore_ament_install']
[0.260s] Level 1:colcon.colcon_core.package_identification:_identify(src0) by extension 'ignore'
[0.260s] Level 1:colcon.colcon_core.package_identification:_identify(src0) by extension 'ignore_ament_install'
[0.260s] Level 1:colcon.colcon_core.package_identification:_identify(src0) by extensions ['colcon_pkg']
[0.260s] Level 1:colcon.colcon_core.package_identification:_identify(src0) by extension 'colcon_pkg'
[0.260s] Level 1:colcon.colcon_core.package_identification:_identify(src0) by extensions ['colcon_meta']
[0.260s] Level 1:colcon.colcon_core.package_identification:_identify(src0) by extension 'colcon_meta'
[0.260s] Level 1:colcon.colcon_core.package_identification:_identify(src0) by extensions ['ros']
[0.260s] Level 1:colcon.colcon_core.package_identification:_identify(src0) by extension 'ros'
[0.260s] Level 1:colcon.colcon_core.package_identification:_identify(src0) by extensions ['cmake', 'python']
[0.260s] Level 1:colcon.colcon_core.package_identification:_identify(src0) by extension 'cmake'
[0.260s] Level 1:colcon.colcon_core.package_identification:_identify(src0) by extension 'python'
[0.260s] Level 1:colcon.colcon_core.package_identification:_identify(src0) by extensions ['python_setup_py']
[0.260s] Level 1:colcon.colcon_core.package_identification:_identify(src0) by extension 'python_setup_py'
[0.261s] Level 1:colcon.colcon_core.package_identification:_identify(src0/Drill_effector) by extensions ['ignore', 'ignore_ament_install']
[0.261s] Level 1:colcon.colcon_core.package_identification:_identify(src0/Drill_effector) by extension 'ignore'
[0.261s] Level 1:colcon.colcon_core.package_identification:_identify(src0/Drill_effector) by extension 'ignore_ament_install'
[0.261s] Level 1:colcon.colcon_core.package_identification:_identify(src0/Drill_effector) by extensions ['colcon_pkg']
[0.261s] Level 1:colcon.colcon_core.package_identification:_identify(src0/Drill_effector) by extension 'colcon_pkg'
[0.261s] Level 1:colcon.colcon_core.package_identification:_identify(src0/Drill_effector) by extensions ['colcon_meta']
[0.261s] Level 1:colcon.colcon_core.package_identification:_identify(src0/Drill_effector) by extension 'colcon_meta'
[0.261s] Level 1:colcon.colcon_core.package_identification:_identify(src0/Drill_effector) by extensions ['ros']
[0.261s] Level 1:colcon.colcon_core.package_identification:_identify(src0/Drill_effector) by extension 'ros'
[0.261s] Level 1:colcon.colcon_core.package_identification:_identify(src0/Drill_effector) by extensions ['cmake', 'python']
[0.261s] Level 1:colcon.colcon_core.package_identification:_identify(src0/Drill_effector) by extension 'cmake'
[0.261s] Level 1:colcon.colcon_core.package_identification:_identify(src0/Drill_effector) by extension 'python'
[0.261s] Level 1:colcon.colcon_core.package_identification:_identify(src0/Drill_effector) by extensions ['python_setup_py']
[0.261s] Level 1:colcon.colcon_core.package_identification:_identify(src0/Drill_effector) by extension 'python_setup_py'
[0.261s] Level 1:colcon.colcon_core.package_identification:_identify(src0/Drill_effector/relay_ctrl_node) by extensions ['ignore', 'ignore_ament_install']
[0.261s] Level 1:colcon.colcon_core.package_identification:_identify(src0/Drill_effector/relay_ctrl_node) by extension 'ignore'
[0.261s] Level 1:colcon.colcon_core.package_identification:_identify(src0/Drill_effector/relay_ctrl_node) by extension 'ignore_ament_install'
[0.261s] Level 1:colcon.colcon_core.package_identification:_identify(src0/Drill_effector/relay_ctrl_node) by extensions ['colcon_pkg']
[0.261s] Level 1:colcon.colcon_core.package_identification:_identify(src0/Drill_effector/relay_ctrl_node) by extension 'colcon_pkg'
[0.261s] Level 1:colcon.colcon_core.package_identification:_identify(src0/Drill_effector/relay_ctrl_node) by extensions ['colcon_meta']
[0.261s] Level 1:colcon.colcon_core.package_identification:_identify(src0/Drill_effector/relay_ctrl_node) by extension 'colcon_meta'
[0.261s] Level 1:colcon.colcon_core.package_identification:_identify(src0/Drill_effector/relay_ctrl_node) by extensions ['ros']
[0.261s] Level 1:colcon.colcon_core.package_identification:_identify(src0/Drill_effector/relay_ctrl_node) by extension 'ros'
[0.261s] DEBUG:colcon.colcon_core.package_identification:Package 'src0/Drill_effector/relay_ctrl_node' with type 'ros.ament_python' and name 'relay_ctrl_node'
[0.261s] Level 1:colcon.colcon_core.package_identification:_identify(src0/Drill_effector/ymrobot_msgs) by extensions ['ignore', 'ignore_ament_install']
[0.262s] Level 1:colcon.colcon_core.package_identification:_identify(src0/Drill_effector/ymrobot_msgs) by extension 'ignore'
[0.262s] Level 1:colcon.colcon_core.package_identification:_identify(src0/Drill_effector/ymrobot_msgs) by extension 'ignore_ament_install'
[0.262s] Level 1:colcon.colcon_core.package_identification:_identify(src0/Drill_effector/ymrobot_msgs) by extensions ['colcon_pkg']
[0.262s] Level 1:colcon.colcon_core.package_identification:_identify(src0/Drill_effector/ymrobot_msgs) by extension 'colcon_pkg'
[0.262s] Level 1:colcon.colcon_core.package_identification:_identify(src0/Drill_effector/ymrobot_msgs) by extensions ['colcon_meta']
[0.262s] Level 1:colcon.colcon_core.package_identification:_identify(src0/Drill_effector/ymrobot_msgs) by extension 'colcon_meta'
[0.262s] Level 1:colcon.colcon_core.package_identification:_identify(src0/Drill_effector/ymrobot_msgs) by extensions ['ros']
[0.262s] Level 1:colcon.colcon_core.package_identification:_identify(src0/Drill_effector/ymrobot_msgs) by extension 'ros'
[0.262s] DEBUG:colcon.colcon_core.package_identification:Package 'src0/Drill_effector/ymrobot_msgs' with type 'ros.ament_cmake' and name 'ymrobot_msgs'
[0.262s] Level 1:colcon.colcon_core.package_identification:_identify(src0/OrbbecSDK_ROS2) by extensions ['ignore', 'ignore_ament_install']
[0.262s] Level 1:colcon.colcon_core.package_identification:_identify(src0/OrbbecSDK_ROS2) by extension 'ignore'
[0.262s] Level 1:colcon.colcon_core.package_identification:_identify(src0/OrbbecSDK_ROS2) by extension 'ignore_ament_install'
[0.262s] Level 1:colcon.colcon_core.package_identification:_identify(src0/OrbbecSDK_ROS2) by extensions ['colcon_pkg']
[0.262s] Level 1:colcon.colcon_core.package_identification:_identify(src0/OrbbecSDK_ROS2) by extension 'colcon_pkg'
[0.262s] Level 1:colcon.colcon_core.package_identification:_identify(src0/OrbbecSDK_ROS2) by extensions ['colcon_meta']
[0.262s] Level 1:colcon.colcon_core.package_identification:_identify(src0/OrbbecSDK_ROS2) by extension 'colcon_meta'
[0.262s] Level 1:colcon.colcon_core.package_identification:_identify(src0/OrbbecSDK_ROS2) by extensions ['ros']
[0.262s] Level 1:colcon.colcon_core.package_identification:_identify(src0/OrbbecSDK_ROS2) by extension 'ros'
[0.262s] Level 1:colcon.colcon_core.package_identification:_identify(src0/OrbbecSDK_ROS2) by extensions ['cmake', 'python']
[0.262s] Level 1:colcon.colcon_core.package_identification:_identify(src0/OrbbecSDK_ROS2) by extension 'cmake'
[0.262s] Level 1:colcon.colcon_core.package_identification:_identify(src0/OrbbecSDK_ROS2) by extension 'python'
[0.262s] Level 1:colcon.colcon_core.package_identification:_identify(src0/OrbbecSDK_ROS2) by extensions ['python_setup_py']
[0.262s] Level 1:colcon.colcon_core.package_identification:_identify(src0/OrbbecSDK_ROS2) by extension 'python_setup_py'
[0.263s] Level 1:colcon.colcon_core.package_identification:_identify(src0/OrbbecSDK_ROS2/docs) by extensions ['ignore', 'ignore_ament_install']
[0.263s] Level 1:colcon.colcon_core.package_identification:_identify(src0/OrbbecSDK_ROS2/docs) by extension 'ignore'
[0.263s] Level 1:colcon.colcon_core.package_identification:_identify(src0/OrbbecSDK_ROS2/docs) by extension 'ignore_ament_install'
[0.263s] Level 1:colcon.colcon_core.package_identification:_identify(src0/OrbbecSDK_ROS2/docs) by extensions ['colcon_pkg']
[0.263s] Level 1:colcon.colcon_core.package_identification:_identify(src0/OrbbecSDK_ROS2/docs) by extension 'colcon_pkg'
[0.263s] Level 1:colcon.colcon_core.package_identification:_identify(src0/OrbbecSDK_ROS2/docs) by extensions ['colcon_meta']
[0.263s] Level 1:colcon.colcon_core.package_identification:_identify(src0/OrbbecSDK_ROS2/docs) by extension 'colcon_meta'
[0.263s] Level 1:colcon.colcon_core.package_identification:_identify(src0/OrbbecSDK_ROS2/docs) by extensions ['ros']
[0.263s] Level 1:colcon.colcon_core.package_identification:_identify(src0/OrbbecSDK_ROS2/docs) by extension 'ros'
[0.263s] Level 1:colcon.colcon_core.package_identification:_identify(src0/OrbbecSDK_ROS2/docs) by extensions ['cmake', 'python']
[0.263s] Level 1:colcon.colcon_core.package_identification:_identify(src0/OrbbecSDK_ROS2/docs) by extension 'cmake'
[0.263s] Level 1:colcon.colcon_core.package_identification:_identify(src0/OrbbecSDK_ROS2/docs) by extension 'python'
[0.263s] Level 1:colcon.colcon_core.package_identification:_identify(src0/OrbbecSDK_ROS2/docs) by extensions ['python_setup_py']
[0.263s] Level 1:colcon.colcon_core.package_identification:_identify(src0/OrbbecSDK_ROS2/docs) by extension 'python_setup_py'
[0.263s] Level 1:colcon.colcon_core.package_identification:_identify(src0/OrbbecSDK_ROS2/docs/images) by extensions ['ignore', 'ignore_ament_install']
[0.263s] Level 1:colcon.colcon_core.package_identification:_identify(src0/OrbbecSDK_ROS2/docs/images) by extension 'ignore'
[0.263s] Level 1:colcon.colcon_core.package_identification:_identify(src0/OrbbecSDK_ROS2/docs/images) by extension 'ignore_ament_install'
[0.263s] Level 1:colcon.colcon_core.package_identification:_identify(src0/OrbbecSDK_ROS2/docs/images) by extensions ['colcon_pkg']
[0.263s] Level 1:colcon.colcon_core.package_identification:_identify(src0/OrbbecSDK_ROS2/docs/images) by extension 'colcon_pkg'
[0.263s] Level 1:colcon.colcon_core.package_identification:_identify(src0/OrbbecSDK_ROS2/docs/images) by extensions ['colcon_meta']
[0.263s] Level 1:colcon.colcon_core.package_identification:_identify(src0/OrbbecSDK_ROS2/docs/images) by extension 'colcon_meta'
[0.263s] Level 1:colcon.colcon_core.package_identification:_identify(src0/OrbbecSDK_ROS2/docs/images) by extensions ['ros']
[0.263s] Level 1:colcon.colcon_core.package_identification:_identify(src0/OrbbecSDK_ROS2/docs/images) by extension 'ros'
[0.263s] Level 1:colcon.colcon_core.package_identification:_identify(src0/OrbbecSDK_ROS2/docs/images) by extensions ['cmake', 'python']
[0.263s] Level 1:colcon.colcon_core.package_identification:_identify(src0/OrbbecSDK_ROS2/docs/images) by extension 'cmake'
[0.263s] Level 1:colcon.colcon_core.package_identification:_identify(src0/OrbbecSDK_ROS2/docs/images) by extension 'python'
[0.263s] Level 1:colcon.colcon_core.package_identification:_identify(src0/OrbbecSDK_ROS2/docs/images) by extensions ['python_setup_py']
[0.263s] Level 1:colcon.colcon_core.package_identification:_identify(src0/OrbbecSDK_ROS2/docs/images) by extension 'python_setup_py'
[0.263s] Level 1:colcon.colcon_core.package_identification:_identify(src0/OrbbecSDK_ROS2/orbbec_camera) by extensions ['ignore', 'ignore_ament_install']
[0.263s] Level 1:colcon.colcon_core.package_identification:_identify(src0/OrbbecSDK_ROS2/orbbec_camera) by extension 'ignore'
[0.263s] Level 1:colcon.colcon_core.package_identification:_identify(src0/OrbbecSDK_ROS2/orbbec_camera) by extension 'ignore_ament_install'
[0.263s] Level 1:colcon.colcon_core.package_identification:_identify(src0/OrbbecSDK_ROS2/orbbec_camera) by extensions ['colcon_pkg']
[0.263s] Level 1:colcon.colcon_core.package_identification:_identify(src0/OrbbecSDK_ROS2/orbbec_camera) by extension 'colcon_pkg'
[0.263s] Level 1:colcon.colcon_core.package_identification:_identify(src0/OrbbecSDK_ROS2/orbbec_camera) by extensions ['colcon_meta']
[0.263s] Level 1:colcon.colcon_core.package_identification:_identify(src0/OrbbecSDK_ROS2/orbbec_camera) by extension 'colcon_meta'
[0.263s] Level 1:colcon.colcon_core.package_identification:_identify(src0/OrbbecSDK_ROS2/orbbec_camera) by extensions ['ros']
[0.263s] Level 1:colcon.colcon_core.package_identification:_identify(src0/OrbbecSDK_ROS2/orbbec_camera) by extension 'ros'
[0.265s] DEBUG:colcon.colcon_core.package_identification:Package 'src0/OrbbecSDK_ROS2/orbbec_camera' with type 'ros.ament_cmake' and name 'orbbec_camera'
[0.265s] Level 1:colcon.colcon_core.package_identification:_identify(src0/OrbbecSDK_ROS2/orbbec_camera_msgs) by extensions ['ignore', 'ignore_ament_install']
[0.265s] Level 1:colcon.colcon_core.package_identification:_identify(src0/OrbbecSDK_ROS2/orbbec_camera_msgs) by extension 'ignore'
[0.265s] Level 1:colcon.colcon_core.package_identification:_identify(src0/OrbbecSDK_ROS2/orbbec_camera_msgs) by extension 'ignore_ament_install'
[0.265s] Level 1:colcon.colcon_core.package_identification:_identify(src0/OrbbecSDK_ROS2/orbbec_camera_msgs) by extensions ['colcon_pkg']
[0.265s] Level 1:colcon.colcon_core.package_identification:_identify(src0/OrbbecSDK_ROS2/orbbec_camera_msgs) by extension 'colcon_pkg'
[0.265s] Level 1:colcon.colcon_core.package_identification:_identify(src0/OrbbecSDK_ROS2/orbbec_camera_msgs) by extensions ['colcon_meta']
[0.265s] Level 1:colcon.colcon_core.package_identification:_identify(src0/OrbbecSDK_ROS2/orbbec_camera_msgs) by extension 'colcon_meta'
[0.265s] Level 1:colcon.colcon_core.package_identification:_identify(src0/OrbbecSDK_ROS2/orbbec_camera_msgs) by extensions ['ros']
[0.265s] Level 1:colcon.colcon_core.package_identification:_identify(src0/OrbbecSDK_ROS2/orbbec_camera_msgs) by extension 'ros'
[0.265s] DEBUG:colcon.colcon_core.package_identification:Package 'src0/OrbbecSDK_ROS2/orbbec_camera_msgs' with type 'ros.ament_cmake' and name 'orbbec_camera_msgs'
[0.265s] Level 1:colcon.colcon_core.package_identification:_identify(src0/OrbbecSDK_ROS2/orbbec_description) by extensions ['ignore', 'ignore_ament_install']
[0.265s] Level 1:colcon.colcon_core.package_identification:_identify(src0/OrbbecSDK_ROS2/orbbec_description) by extension 'ignore'
[0.266s] Level 1:colcon.colcon_core.package_identification:_identify(src0/OrbbecSDK_ROS2/orbbec_description) by extension 'ignore_ament_install'
[0.266s] Level 1:colcon.colcon_core.package_identification:_identify(src0/OrbbecSDK_ROS2/orbbec_description) by extensions ['colcon_pkg']
[0.266s] Level 1:colcon.colcon_core.package_identification:_identify(src0/OrbbecSDK_ROS2/orbbec_description) by extension 'colcon_pkg'
[0.266s] Level 1:colcon.colcon_core.package_identification:_identify(src0/OrbbecSDK_ROS2/orbbec_description) by extensions ['colcon_meta']
[0.266s] Level 1:colcon.colcon_core.package_identification:_identify(src0/OrbbecSDK_ROS2/orbbec_description) by extension 'colcon_meta'
[0.266s] Level 1:colcon.colcon_core.package_identification:_identify(src0/OrbbecSDK_ROS2/orbbec_description) by extensions ['ros']
[0.266s] Level 1:colcon.colcon_core.package_identification:_identify(src0/OrbbecSDK_ROS2/orbbec_description) by extension 'ros'
[0.266s] DEBUG:colcon.colcon_core.package_identification:Package 'src0/OrbbecSDK_ROS2/orbbec_description' with type 'ros.ament_cmake' and name 'orbbec_description'
[0.266s] Level 1:colcon.colcon_core.package_identification:_identify(src0/arm_vr_motion) by extensions ['ignore', 'ignore_ament_install']
[0.266s] Level 1:colcon.colcon_core.package_identification:_identify(src0/arm_vr_motion) by extension 'ignore'
[0.266s] Level 1:colcon.colcon_core.package_identification:_identify(src0/arm_vr_motion) by extension 'ignore_ament_install'
[0.266s] Level 1:colcon.colcon_core.package_identification:_identify(src0/arm_vr_motion) by extensions ['colcon_pkg']
[0.266s] Level 1:colcon.colcon_core.package_identification:_identify(src0/arm_vr_motion) by extension 'colcon_pkg'
[0.266s] Level 1:colcon.colcon_core.package_identification:_identify(src0/arm_vr_motion) by extensions ['colcon_meta']
[0.266s] Level 1:colcon.colcon_core.package_identification:_identify(src0/arm_vr_motion) by extension 'colcon_meta'
[0.266s] Level 1:colcon.colcon_core.package_identification:_identify(src0/arm_vr_motion) by extensions ['ros']
[0.266s] Level 1:colcon.colcon_core.package_identification:_identify(src0/arm_vr_motion) by extension 'ros'
[0.266s] DEBUG:colcon.colcon_core.package_identification:Package 'src0/arm_vr_motion' with type 'ros.ament_python' and name 'ik_solver_pkg'
[0.266s] Level 1:colcon.colcon_core.package_identification:_identify(src0/chassis_control) by extensions ['ignore', 'ignore_ament_install']
[0.267s] Level 1:colcon.colcon_core.package_identification:_identify(src0/chassis_control) by extension 'ignore'
[0.267s] Level 1:colcon.colcon_core.package_identification:_identify(src0/chassis_control) by extension 'ignore_ament_install'
[0.267s] Level 1:colcon.colcon_core.package_identification:_identify(src0/chassis_control) by extensions ['colcon_pkg']
[0.267s] Level 1:colcon.colcon_core.package_identification:_identify(src0/chassis_control) by extension 'colcon_pkg'
[0.267s] Level 1:colcon.colcon_core.package_identification:_identify(src0/chassis_control) by extensions ['colcon_meta']
[0.267s] Level 1:colcon.colcon_core.package_identification:_identify(src0/chassis_control) by extension 'colcon_meta'
[0.267s] Level 1:colcon.colcon_core.package_identification:_identify(src0/chassis_control) by extensions ['ros']
[0.267s] Level 1:colcon.colcon_core.package_identification:_identify(src0/chassis_control) by extension 'ros'
[0.267s] Level 1:colcon.colcon_core.package_identification:_identify(src0/chassis_control) by extensions ['cmake', 'python']
[0.267s] Level 1:colcon.colcon_core.package_identification:_identify(src0/chassis_control) by extension 'cmake'
[0.267s] Level 1:colcon.colcon_core.package_identification:_identify(src0/chassis_control) by extension 'python'
[0.267s] Level 1:colcon.colcon_core.package_identification:_identify(src0/chassis_control) by extensions ['python_setup_py']
[0.267s] Level 1:colcon.colcon_core.package_identification:_identify(src0/chassis_control) by extension 'python_setup_py'
[0.267s] Level 1:colcon.colcon_core.package_identification:_identify(src0/chassis_control/chassis_driver_node) by extensions ['ignore', 'ignore_ament_install']
[0.267s] Level 1:colcon.colcon_core.package_identification:_identify(src0/chassis_control/chassis_driver_node) by extension 'ignore'
[0.267s] Level 1:colcon.colcon_core.package_identification:_identify(src0/chassis_control/chassis_driver_node) by extension 'ignore_ament_install'
[0.267s] Level 1:colcon.colcon_core.package_identification:_identify(src0/chassis_control/chassis_driver_node) by extensions ['colcon_pkg']
[0.267s] Level 1:colcon.colcon_core.package_identification:_identify(src0/chassis_control/chassis_driver_node) by extension 'colcon_pkg'
[0.267s] Level 1:colcon.colcon_core.package_identification:_identify(src0/chassis_control/chassis_driver_node) by extensions ['colcon_meta']
[0.267s] Level 1:colcon.colcon_core.package_identification:_identify(src0/chassis_control/chassis_driver_node) by extension 'colcon_meta'
[0.267s] Level 1:colcon.colcon_core.package_identification:_identify(src0/chassis_control/chassis_driver_node) by extensions ['ros']
[0.267s] Level 1:colcon.colcon_core.package_identification:_identify(src0/chassis_control/chassis_driver_node) by extension 'ros'
[0.268s] DEBUG:colcon.colcon_core.package_identification:Package 'src0/chassis_control/chassis_driver_node' with type 'ros.ament_cmake' and name 'chassis_driver_node'
[0.268s] Level 1:colcon.colcon_core.package_identification:_identify(src0/chassis_control/keyboard_control) by extensions ['ignore', 'ignore_ament_install']
[0.268s] Level 1:colcon.colcon_core.package_identification:_identify(src0/chassis_control/keyboard_control) by extension 'ignore'
[0.268s] Level 1:colcon.colcon_core.package_identification:_identify(src0/chassis_control/keyboard_control) by extension 'ignore_ament_install'
[0.268s] Level 1:colcon.colcon_core.package_identification:_identify(src0/chassis_control/keyboard_control) by extensions ['colcon_pkg']
[0.268s] Level 1:colcon.colcon_core.package_identification:_identify(src0/chassis_control/keyboard_control) by extension 'colcon_pkg'
[0.268s] Level 1:colcon.colcon_core.package_identification:_identify(src0/chassis_control/keyboard_control) by extensions ['colcon_meta']
[0.268s] Level 1:colcon.colcon_core.package_identification:_identify(src0/chassis_control/keyboard_control) by extension 'colcon_meta'
[0.268s] Level 1:colcon.colcon_core.package_identification:_identify(src0/chassis_control/keyboard_control) by extensions ['ros']
[0.268s] Level 1:colcon.colcon_core.package_identification:_identify(src0/chassis_control/keyboard_control) by extension 'ros'
[0.268s] DEBUG:colcon.colcon_core.package_identification:Package 'src0/chassis_control/keyboard_control' with type 'ros.ament_cmake' and name 'keyboard_control'
[0.268s] Level 1:colcon.colcon_core.package_identification:_identify(src0/control) by extensions ['ignore', 'ignore_ament_install']
[0.268s] Level 1:colcon.colcon_core.package_identification:_identify(src0/control) by extension 'ignore'
[0.268s] Level 1:colcon.colcon_core.package_identification:_identify(src0/control) by extension 'ignore_ament_install'
[0.268s] Level 1:colcon.colcon_core.package_identification:_identify(src0/control) by extensions ['colcon_pkg']
[0.268s] Level 1:colcon.colcon_core.package_identification:_identify(src0/control) by extension 'colcon_pkg'
[0.269s] Level 1:colcon.colcon_core.package_identification:_identify(src0/control) by extensions ['colcon_meta']
[0.269s] Level 1:colcon.colcon_core.package_identification:_identify(src0/control) by extension 'colcon_meta'
[0.269s] Level 1:colcon.colcon_core.package_identification:_identify(src0/control) by extensions ['ros']
[0.269s] Level 1:colcon.colcon_core.package_identification:_identify(src0/control) by extension 'ros'
[0.269s] Level 1:colcon.colcon_core.package_identification:_identify(src0/control) by extensions ['cmake', 'python']
[0.269s] Level 1:colcon.colcon_core.package_identification:_identify(src0/control) by extension 'cmake'
[0.269s] Level 1:colcon.colcon_core.package_identification:_identify(src0/control) by extension 'python'
[0.269s] Level 1:colcon.colcon_core.package_identification:_identify(src0/control) by extensions ['python_setup_py']
[0.269s] Level 1:colcon.colcon_core.package_identification:_identify(src0/control) by extension 'python_setup_py'
[0.269s] Level 1:colcon.colcon_core.package_identification:_identify(src0/control/ymbot_d_control) by extensions ['ignore', 'ignore_ament_install']
[0.269s] Level 1:colcon.colcon_core.package_identification:_identify(src0/control/ymbot_d_control) by extension 'ignore'
[0.269s] Level 1:colcon.colcon_core.package_identification:_identify(src0/control/ymbot_d_control) by extension 'ignore_ament_install'
[0.269s] Level 1:colcon.colcon_core.package_identification:_identify(src0/control/ymbot_d_control) by extensions ['colcon_pkg']
[0.269s] Level 1:colcon.colcon_core.package_identification:_identify(src0/control/ymbot_d_control) by extension 'colcon_pkg'
[0.269s] Level 1:colcon.colcon_core.package_identification:_identify(src0/control/ymbot_d_control) by extensions ['colcon_meta']
[0.269s] Level 1:colcon.colcon_core.package_identification:_identify(src0/control/ymbot_d_control) by extension 'colcon_meta'
[0.269s] Level 1:colcon.colcon_core.package_identification:_identify(src0/control/ymbot_d_control) by extensions ['ros']
[0.269s] Level 1:colcon.colcon_core.package_identification:_identify(src0/control/ymbot_d_control) by extension 'ros'
[0.270s] DEBUG:colcon.colcon_core.package_identification:Package 'src0/control/ymbot_d_control' with type 'ros.ament_cmake' and name 'ymbot_d_control'
[0.270s] Level 1:colcon.colcon_core.package_identification:_identify(src0/control/ymbot_d_description) by extensions ['ignore', 'ignore_ament_install']
[0.270s] Level 1:colcon.colcon_core.package_identification:_identify(src0/control/ymbot_d_description) by extension 'ignore'
[0.270s] Level 1:colcon.colcon_core.package_identification:_identify(src0/control/ymbot_d_description) by extension 'ignore_ament_install'
[0.270s] Level 1:colcon.colcon_core.package_identification:_identify(src0/control/ymbot_d_description) by extensions ['colcon_pkg']
[0.270s] Level 1:colcon.colcon_core.package_identification:_identify(src0/control/ymbot_d_description) by extension 'colcon_pkg'
[0.270s] Level 1:colcon.colcon_core.package_identification:_identify(src0/control/ymbot_d_description) by extensions ['colcon_meta']
[0.270s] Level 1:colcon.colcon_core.package_identification:_identify(src0/control/ymbot_d_description) by extension 'colcon_meta'
[0.270s] Level 1:colcon.colcon_core.package_identification:_identify(src0/control/ymbot_d_description) by extensions ['ros']
[0.270s] Level 1:colcon.colcon_core.package_identification:_identify(src0/control/ymbot_d_description) by extension 'ros'
[0.270s] DEBUG:colcon.colcon_core.package_identification:Package 'src0/control/ymbot_d_description' with type 'ros.ament_python' and name 'ymbot_d_description'
[0.270s] Level 1:colcon.colcon_core.package_identification:_identify(src0/control/ymbot_d_moveit_config) by extensions ['ignore', 'ignore_ament_install']
[0.270s] Level 1:colcon.colcon_core.package_identification:_identify(src0/control/ymbot_d_moveit_config) by extension 'ignore'
[0.270s] Level 1:colcon.colcon_core.package_identification:_identify(src0/control/ymbot_d_moveit_config) by extension 'ignore_ament_install'
[0.270s] Level 1:colcon.colcon_core.package_identification:_identify(src0/control/ymbot_d_moveit_config) by extensions ['colcon_pkg']
[0.270s] Level 1:colcon.colcon_core.package_identification:_identify(src0/control/ymbot_d_moveit_config) by extension 'colcon_pkg'
[0.271s] Level 1:colcon.colcon_core.package_identification:_identify(src0/control/ymbot_d_moveit_config) by extensions ['colcon_meta']
[0.271s] Level 1:colcon.colcon_core.package_identification:_identify(src0/control/ymbot_d_moveit_config) by extension 'colcon_meta'
[0.271s] Level 1:colcon.colcon_core.package_identification:_identify(src0/control/ymbot_d_moveit_config) by extensions ['ros']
[0.271s] Level 1:colcon.colcon_core.package_identification:_identify(src0/control/ymbot_d_moveit_config) by extension 'ros'
[0.271s] DEBUG:colcon.colcon_core.package_identification:Package 'src0/control/ymbot_d_moveit_config' with type 'ros.ament_cmake' and name 'ymbot_d_moveit_config'
[0.271s] Level 1:colcon.colcon_core.package_identification:_identify(src0/control/ymbot_d_ros2_controller_sharedmemory) by extensions ['ignore', 'ignore_ament_install']
[0.271s] Level 1:colcon.colcon_core.package_identification:_identify(src0/control/ymbot_d_ros2_controller_sharedmemory) by extension 'ignore'
[0.271s] Level 1:colcon.colcon_core.package_identification:_identify(src0/control/ymbot_d_ros2_controller_sharedmemory) by extension 'ignore_ament_install'
[0.271s] Level 1:colcon.colcon_core.package_identification:_identify(src0/control/ymbot_d_ros2_controller_sharedmemory) by extensions ['colcon_pkg']
[0.271s] Level 1:colcon.colcon_core.package_identification:_identify(src0/control/ymbot_d_ros2_controller_sharedmemory) by extension 'colcon_pkg'
[0.271s] Level 1:colcon.colcon_core.package_identification:_identify(src0/control/ymbot_d_ros2_controller_sharedmemory) by extensions ['colcon_meta']
[0.271s] Level 1:colcon.colcon_core.package_identification:_identify(src0/control/ymbot_d_ros2_controller_sharedmemory) by extension 'colcon_meta'
[0.271s] Level 1:colcon.colcon_core.package_identification:_identify(src0/control/ymbot_d_ros2_controller_sharedmemory) by extensions ['ros']
[0.271s] Level 1:colcon.colcon_core.package_identification:_identify(src0/control/ymbot_d_ros2_controller_sharedmemory) by extension 'ros'
[0.272s] DEBUG:colcon.colcon_core.package_identification:Package 'src0/control/ymbot_d_ros2_controller_sharedmemory' with type 'ros.ament_cmake' and name 'ymbot_d_ros2_controller_sharedmemory'
[0.272s] Level 1:colcon.colcon_core.package_identification:_identify(src0/inspire_hand) by extensions ['ignore', 'ignore_ament_install']
[0.272s] Level 1:colcon.colcon_core.package_identification:_identify(src0/inspire_hand) by extension 'ignore'
[0.272s] Level 1:colcon.colcon_core.package_identification:_identify(src0/inspire_hand) by extension 'ignore_ament_install'
[0.272s] Level 1:colcon.colcon_core.package_identification:_identify(src0/inspire_hand) by extensions ['colcon_pkg']
[0.272s] Level 1:colcon.colcon_core.package_identification:_identify(src0/inspire_hand) by extension 'colcon_pkg'
[0.272s] Level 1:colcon.colcon_core.package_identification:_identify(src0/inspire_hand) by extensions ['colcon_meta']
[0.272s] Level 1:colcon.colcon_core.package_identification:_identify(src0/inspire_hand) by extension 'colcon_meta'
[0.272s] Level 1:colcon.colcon_core.package_identification:_identify(src0/inspire_hand) by extensions ['ros']
[0.272s] Level 1:colcon.colcon_core.package_identification:_identify(src0/inspire_hand) by extension 'ros'
[0.272s] DEBUG:colcon.colcon_core.package_identification:Package 'src0/inspire_hand' with type 'ros.ament_python' and name 'inspire_hand'
[0.272s] Level 1:colcon.colcon_core.package_identification:_identify(src0/realsense-ros) by extensions ['ignore', 'ignore_ament_install']
[0.272s] Level 1:colcon.colcon_core.package_identification:_identify(src0/realsense-ros) by extension 'ignore'
[0.272s] Level 1:colcon.colcon_core.package_identification:_identify(src0/realsense-ros) by extension 'ignore_ament_install'
[0.272s] Level 1:colcon.colcon_core.package_identification:_identify(src0/realsense-ros) by extensions ['colcon_pkg']
[0.272s] Level 1:colcon.colcon_core.package_identification:_identify(src0/realsense-ros) by extension 'colcon_pkg'
[0.272s] Level 1:colcon.colcon_core.package_identification:_identify(src0/realsense-ros) by extensions ['colcon_meta']
[0.272s] Level 1:colcon.colcon_core.package_identification:_identify(src0/realsense-ros) by extension 'colcon_meta'
[0.272s] Level 1:colcon.colcon_core.package_identification:_identify(src0/realsense-ros) by extensions ['ros']
[0.272s] Level 1:colcon.colcon_core.package_identification:_identify(src0/realsense-ros) by extension 'ros'
[0.272s] Level 1:colcon.colcon_core.package_identification:_identify(src0/realsense-ros) by extensions ['cmake', 'python']
[0.272s] Level 1:colcon.colcon_core.package_identification:_identify(src0/realsense-ros) by extension 'cmake'
[0.272s] Level 1:colcon.colcon_core.package_identification:_identify(src0/realsense-ros) by extension 'python'
[0.272s] Level 1:colcon.colcon_core.package_identification:_identify(src0/realsense-ros) by extensions ['python_setup_py']
[0.272s] Level 1:colcon.colcon_core.package_identification:_identify(src0/realsense-ros) by extension 'python_setup_py'
[0.273s] Level 1:colcon.colcon_core.package_identification:_identify(src0/realsense-ros/realsense2_camera) by extensions ['ignore', 'ignore_ament_install']
[0.273s] Level 1:colcon.colcon_core.package_identification:_identify(src0/realsense-ros/realsense2_camera) by extension 'ignore'
[0.273s] Level 1:colcon.colcon_core.package_identification:_identify(src0/realsense-ros/realsense2_camera) by extension 'ignore_ament_install'
[0.273s] Level 1:colcon.colcon_core.package_identification:_identify(src0/realsense-ros/realsense2_camera) by extensions ['colcon_pkg']
[0.273s] Level 1:colcon.colcon_core.package_identification:_identify(src0/realsense-ros/realsense2_camera) by extension 'colcon_pkg'
[0.273s] Level 1:colcon.colcon_core.package_identification:_identify(src0/realsense-ros/realsense2_camera) by extensions ['colcon_meta']
[0.273s] Level 1:colcon.colcon_core.package_identification:_identify(src0/realsense-ros/realsense2_camera) by extension 'colcon_meta'
[0.273s] Level 1:colcon.colcon_core.package_identification:_identify(src0/realsense-ros/realsense2_camera) by extensions ['ros']
[0.273s] Level 1:colcon.colcon_core.package_identification:_identify(src0/realsense-ros/realsense2_camera) by extension 'ros'
[0.275s] DEBUG:colcon.colcon_core.package_identification:Package 'src0/realsense-ros/realsense2_camera' with type 'ros.ament_cmake' and name 'realsense2_camera'
[0.275s] Level 1:colcon.colcon_core.package_identification:_identify(src0/realsense-ros/realsense2_camera_msgs) by extensions ['ignore', 'ignore_ament_install']
[0.275s] Level 1:colcon.colcon_core.package_identification:_identify(src0/realsense-ros/realsense2_camera_msgs) by extension 'ignore'
[0.275s] Level 1:colcon.colcon_core.package_identification:_identify(src0/realsense-ros/realsense2_camera_msgs) by extension 'ignore_ament_install'
[0.275s] Level 1:colcon.colcon_core.package_identification:_identify(src0/realsense-ros/realsense2_camera_msgs) by extensions ['colcon_pkg']
[0.275s] Level 1:colcon.colcon_core.package_identification:_identify(src0/realsense-ros/realsense2_camera_msgs) by extension 'colcon_pkg'
[0.275s] Level 1:colcon.colcon_core.package_identification:_identify(src0/realsense-ros/realsense2_camera_msgs) by extensions ['colcon_meta']
[0.275s] Level 1:colcon.colcon_core.package_identification:_identify(src0/realsense-ros/realsense2_camera_msgs) by extension 'colcon_meta'
[0.275s] Level 1:colcon.colcon_core.package_identification:_identify(src0/realsense-ros/realsense2_camera_msgs) by extensions ['ros']
[0.275s] Level 1:colcon.colcon_core.package_identification:_identify(src0/realsense-ros/realsense2_camera_msgs) by extension 'ros'
[0.276s] DEBUG:colcon.colcon_core.package_identification:Package 'src0/realsense-ros/realsense2_camera_msgs' with type 'ros.ament_cmake' and name 'realsense2_camera_msgs'
[0.276s] Level 1:colcon.colcon_core.package_identification:_identify(src0/realsense-ros/realsense2_description) by extensions ['ignore', 'ignore_ament_install']
[0.276s] Level 1:colcon.colcon_core.package_identification:_identify(src0/realsense-ros/realsense2_description) by extension 'ignore'
[0.276s] Level 1:colcon.colcon_core.package_identification:_identify(src0/realsense-ros/realsense2_description) by extension 'ignore_ament_install'
[0.276s] Level 1:colcon.colcon_core.package_identification:_identify(src0/realsense-ros/realsense2_description) by extensions ['colcon_pkg']
[0.276s] Level 1:colcon.colcon_core.package_identification:_identify(src0/realsense-ros/realsense2_description) by extension 'colcon_pkg'
[0.276s] Level 1:colcon.colcon_core.package_identification:_identify(src0/realsense-ros/realsense2_description) by extensions ['colcon_meta']
[0.276s] Level 1:colcon.colcon_core.package_identification:_identify(src0/realsense-ros/realsense2_description) by extension 'colcon_meta'
[0.276s] Level 1:colcon.colcon_core.package_identification:_identify(src0/realsense-ros/realsense2_description) by extensions ['ros']
[0.276s] Level 1:colcon.colcon_core.package_identification:_identify(src0/realsense-ros/realsense2_description) by extension 'ros'
[0.276s] DEBUG:colcon.colcon_core.package_identification:Package 'src0/realsense-ros/realsense2_description' with type 'ros.ament_cmake' and name 'realsense2_description'
[0.276s] Level 1:colcon.colcon_core.package_identification:_identify(src0/realsense-ros/rviz2_rotatable_image_plugin) by extensions ['ignore', 'ignore_ament_install']
[0.277s] Level 1:colcon.colcon_core.package_identification:_identify(src0/realsense-ros/rviz2_rotatable_image_plugin) by extension 'ignore'
[0.277s] Level 1:colcon.colcon_core.package_identification:_identify(src0/realsense-ros/rviz2_rotatable_image_plugin) by extension 'ignore_ament_install'
[0.277s] Level 1:colcon.colcon_core.package_identification:_identify(src0/realsense-ros/rviz2_rotatable_image_plugin) by extensions ['colcon_pkg']
[0.277s] Level 1:colcon.colcon_core.package_identification:_identify(src0/realsense-ros/rviz2_rotatable_image_plugin) by extension 'colcon_pkg'
[0.277s] Level 1:colcon.colcon_core.package_identification:_identify(src0/realsense-ros/rviz2_rotatable_image_plugin) by extensions ['colcon_meta']
[0.277s] Level 1:colcon.colcon_core.package_identification:_identify(src0/realsense-ros/rviz2_rotatable_image_plugin) by extension 'colcon_meta'
[0.277s] Level 1:colcon.colcon_core.package_identification:_identify(src0/realsense-ros/rviz2_rotatable_image_plugin) by extensions ['ros']
[0.277s] Level 1:colcon.colcon_core.package_identification:_identify(src0/realsense-ros/rviz2_rotatable_image_plugin) by extension 'ros'
[0.277s] DEBUG:colcon.colcon_core.package_identification:Package 'src0/realsense-ros/rviz2_rotatable_image_plugin' with type 'ros.ament_cmake' and name 'rviz2_rotatable_image_plugin'
[0.277s] Level 1:colcon.colcon_core.package_identification:_identify(src0/realsense-ros/scripts) by extensions ['ignore', 'ignore_ament_install']
[0.277s] Level 1:colcon.colcon_core.package_identification:_identify(src0/realsense-ros/scripts) by extension 'ignore'
[0.277s] Level 1:colcon.colcon_core.package_identification:_identify(src0/realsense-ros/scripts) by extension 'ignore_ament_install'
[0.277s] Level 1:colcon.colcon_core.package_identification:_identify(src0/realsense-ros/scripts) by extensions ['colcon_pkg']
[0.277s] Level 1:colcon.colcon_core.package_identification:_identify(src0/realsense-ros/scripts) by extension 'colcon_pkg'
[0.277s] Level 1:colcon.colcon_core.package_identification:_identify(src0/realsense-ros/scripts) by extensions ['colcon_meta']
[0.278s] Level 1:colcon.colcon_core.package_identification:_identify(src0/realsense-ros/scripts) by extension 'colcon_meta'
[0.278s] Level 1:colcon.colcon_core.package_identification:_identify(src0/realsense-ros/scripts) by extensions ['ros']
[0.278s] Level 1:colcon.colcon_core.package_identification:_identify(src0/realsense-ros/scripts) by extension 'ros'
[0.278s] Level 1:colcon.colcon_core.package_identification:_identify(src0/realsense-ros/scripts) by extensions ['cmake', 'python']
[0.278s] Level 1:colcon.colcon_core.package_identification:_identify(src0/realsense-ros/scripts) by extension 'cmake'
[0.278s] Level 1:colcon.colcon_core.package_identification:_identify(src0/realsense-ros/scripts) by extension 'python'
[0.278s] Level 1:colcon.colcon_core.package_identification:_identify(src0/realsense-ros/scripts) by extensions ['python_setup_py']
[0.278s] Level 1:colcon.colcon_core.package_identification:_identify(src0/realsense-ros/scripts) by extension 'python_setup_py'
[0.278s] Level 1:colcon.colcon_core.package_identification:_identify(src0/remote_operate_pkg) by extensions ['ignore', 'ignore_ament_install']
[0.278s] Level 1:colcon.colcon_core.package_identification:_identify(src0/remote_operate_pkg) by extension 'ignore'
[0.278s] Level 1:colcon.colcon_core.package_identification:_identify(src0/remote_operate_pkg) by extension 'ignore_ament_install'
[0.278s] Level 1:colcon.colcon_core.package_identification:_identify(src0/remote_operate_pkg) by extensions ['colcon_pkg']
[0.278s] Level 1:colcon.colcon_core.package_identification:_identify(src0/remote_operate_pkg) by extension 'colcon_pkg'
[0.278s] Level 1:colcon.colcon_core.package_identification:_identify(src0/remote_operate_pkg) by extensions ['colcon_meta']
[0.278s] Level 1:colcon.colcon_core.package_identification:_identify(src0/remote_operate_pkg) by extension 'colcon_meta'
[0.278s] Level 1:colcon.colcon_core.package_identification:_identify(src0/remote_operate_pkg) by extensions ['ros']
[0.278s] Level 1:colcon.colcon_core.package_identification:_identify(src0/remote_operate_pkg) by extension 'ros'
[0.278s] DEBUG:colcon.colcon_core.package_identification:Package 'src0/remote_operate_pkg' with type 'ros.ament_python' and name 'remote_operate_pkg'
[0.278s] Level 1:colcon.colcon_core.package_identification:_identify(src0/start_robot) by extensions ['ignore', 'ignore_ament_install']
[0.278s] Level 1:colcon.colcon_core.package_identification:_identify(src0/start_robot) by extension 'ignore'
[0.278s] Level 1:colcon.colcon_core.package_identification:_identify(src0/start_robot) by extension 'ignore_ament_install'
[0.278s] Level 1:colcon.colcon_core.package_identification:_identify(src0/start_robot) by extensions ['colcon_pkg']
[0.278s] Level 1:colcon.colcon_core.package_identification:_identify(src0/start_robot) by extension 'colcon_pkg'
[0.278s] Level 1:colcon.colcon_core.package_identification:_identify(src0/start_robot) by extensions ['colcon_meta']
[0.278s] Level 1:colcon.colcon_core.package_identification:_identify(src0/start_robot) by extension 'colcon_meta'
[0.278s] Level 1:colcon.colcon_core.package_identification:_identify(src0/start_robot) by extensions ['ros']
[0.278s] Level 1:colcon.colcon_core.package_identification:_identify(src0/start_robot) by extension 'ros'
[0.279s] DEBUG:colcon.colcon_core.package_identification:Package 'src0/start_robot' with type 'ros.ament_python' and name 'start_robot'
[0.279s] Level 1:colcon.colcon_core.package_identification:_identify(src0/vr_receiver_tcp) by extensions ['ignore', 'ignore_ament_install']
[0.279s] Level 1:colcon.colcon_core.package_identification:_identify(src0/vr_receiver_tcp) by extension 'ignore'
[0.279s] Level 1:colcon.colcon_core.package_identification:_identify(src0/vr_receiver_tcp) by extension 'ignore_ament_install'
[0.279s] Level 1:colcon.colcon_core.package_identification:_identify(src0/vr_receiver_tcp) by extensions ['colcon_pkg']
[0.279s] Level 1:colcon.colcon_core.package_identification:_identify(src0/vr_receiver_tcp) by extension 'colcon_pkg'
[0.279s] Level 1:colcon.colcon_core.package_identification:_identify(src0/vr_receiver_tcp) by extensions ['colcon_meta']
[0.279s] Level 1:colcon.colcon_core.package_identification:_identify(src0/vr_receiver_tcp) by extension 'colcon_meta'
[0.279s] Level 1:colcon.colcon_core.package_identification:_identify(src0/vr_receiver_tcp) by extensions ['ros']
[0.279s] Level 1:colcon.colcon_core.package_identification:_identify(src0/vr_receiver_tcp) by extension 'ros'
[0.279s] DEBUG:colcon.colcon_core.package_identification:Package 'src0/vr_receiver_tcp' with type 'ros.ament_python' and name 'vr_receiver_tcp'
[0.279s] Level 1:colcon.colcon_core.package_identification:_identify(utils) by extensions ['ignore', 'ignore_ament_install']
[0.279s] Level 1:colcon.colcon_core.package_identification:_identify(utils) by extension 'ignore'
[0.279s] Level 1:colcon.colcon_core.package_identification:_identify(utils) by extension 'ignore_ament_install'
[0.279s] Level 1:colcon.colcon_core.package_identification:_identify(utils) by extensions ['colcon_pkg']
[0.279s] Level 1:colcon.colcon_core.package_identification:_identify(utils) by extension 'colcon_pkg'
[0.279s] Level 1:colcon.colcon_core.package_identification:_identify(utils) by extensions ['colcon_meta']
[0.279s] Level 1:colcon.colcon_core.package_identification:_identify(utils) by extension 'colcon_meta'
[0.279s] Level 1:colcon.colcon_core.package_identification:_identify(utils) by extensions ['ros']
[0.279s] Level 1:colcon.colcon_core.package_identification:_identify(utils) by extension 'ros'
[0.279s] Level 1:colcon.colcon_core.package_identification:_identify(utils) by extensions ['cmake', 'python']
[0.279s] Level 1:colcon.colcon_core.package_identification:_identify(utils) by extension 'cmake'
[0.280s] Level 1:colcon.colcon_core.package_identification:_identify(utils) by extension 'python'
[0.280s] Level 1:colcon.colcon_core.package_identification:_identify(utils) by extensions ['python_setup_py']
[0.280s] Level 1:colcon.colcon_core.package_identification:_identify(utils) by extension 'python_setup_py'
[0.280s] Level 1:colcon.colcon_core.package_identification:_identify(utils/ymbot_d_sharedmemory_driver) by extensions ['ignore', 'ignore_ament_install']
[0.280s] Level 1:colcon.colcon_core.package_identification:_identify(utils/ymbot_d_sharedmemory_driver) by extension 'ignore'
[0.280s] Level 1:colcon.colcon_core.package_identification:_identify(utils/ymbot_d_sharedmemory_driver) by extension 'ignore_ament_install'
[0.280s] Level 1:colcon.colcon_core.package_identification:_identify(utils/ymbot_d_sharedmemory_driver) by extensions ['colcon_pkg']
[0.280s] Level 1:colcon.colcon_core.package_identification:_identify(utils/ymbot_d_sharedmemory_driver) by extension 'colcon_pkg'
[0.280s] Level 1:colcon.colcon_core.package_identification:_identify(utils/ymbot_d_sharedmemory_driver) by extensions ['colcon_meta']
[0.280s] Level 1:colcon.colcon_core.package_identification:_identify(utils/ymbot_d_sharedmemory_driver) by extension 'colcon_meta'
[0.280s] Level 1:colcon.colcon_core.package_identification:_identify(utils/ymbot_d_sharedmemory_driver) by extensions ['ros']
[0.280s] Level 1:colcon.colcon_core.package_identification:_identify(utils/ymbot_d_sharedmemory_driver) by extension 'ros'
[0.280s] Level 1:colcon.colcon_core.package_identification:_identify(utils/ymbot_d_sharedmemory_driver) by extensions ['cmake', 'python']
[0.280s] Level 1:colcon.colcon_core.package_identification:_identify(utils/ymbot_d_sharedmemory_driver) by extension 'cmake'
[0.284s] Level 1:colcon.colcon_core.package_identification:_identify(utils/ymbot_d_sharedmemory_driver) by extension 'python'
[0.284s] DEBUG:colcon.colcon_core.package_identification:Package 'utils/ymbot_d_sharedmemory_driver' with type 'cmake' and name 'ymbot_d_sharedmemory_driver'
[0.284s] Level 1:colcon.colcon_core.package_discovery:discover_packages(recursive) using defaults
[0.284s] Level 1:colcon.colcon_core.package_discovery:discover_packages(ignore) discover
[0.284s] Level 1:colcon.colcon_core.package_discovery:discover_packages(ignore) using defaults
[0.284s] Level 1:colcon.colcon_core.package_discovery:discover_packages(path) discover
[0.284s] Level 1:colcon.colcon_core.package_discovery:discover_packages(path) using defaults
[0.336s] INFO:colcon.colcon_core.package_selection:Skipping not selected package 'inspire_hand' in 'src/inspire_hand'
[0.336s] INFO:colcon.colcon_core.package_selection:Skipping not selected package 'inspire_hand' in 'src0/inspire_hand'
[0.336s] INFO:colcon.colcon_core.package_selection:Skipping not selected package 'keyboard_control' in 'src/chassis_control/keyboard_control'
[0.336s] INFO:colcon.colcon_core.package_selection:Skipping not selected package 'keyboard_control' in 'src0/chassis_control/keyboard_control'
[0.336s] INFO:colcon.colcon_core.package_selection:Skipping not selected package 'orbbec_camera_msgs' in 'src/OrbbecSDK_ROS2/orbbec_camera_msgs'
[0.336s] INFO:colcon.colcon_core.package_selection:Skipping not selected package 'orbbec_camera_msgs' in 'src0/OrbbecSDK_ROS2/orbbec_camera_msgs'
[0.336s] INFO:colcon.colcon_core.package_selection:Skipping not selected package 'orbbec_description' in 'src/OrbbecSDK_ROS2/orbbec_description'
[0.336s] INFO:colcon.colcon_core.package_selection:Skipping not selected package 'orbbec_description' in 'src0/OrbbecSDK_ROS2/orbbec_description'
[0.336s] INFO:colcon.colcon_core.package_selection:Skipping not selected package 'realsense2_camera_msgs' in 'src/realsense-ros/realsense2_camera_msgs'
[0.336s] INFO:colcon.colcon_core.package_selection:Skipping not selected package 'realsense2_camera_msgs' in 'src0/realsense-ros/realsense2_camera_msgs'
[0.336s] INFO:colcon.colcon_core.package_selection:Skipping not selected package 'rviz2_rotatable_image_plugin' in 'src0/realsense-ros/rviz2_rotatable_image_plugin'
[0.336s] INFO:colcon.colcon_core.package_selection:Skipping not selected package 'ymbot_d_description' in 'src/control/ymbot_d_description'
[0.337s] INFO:colcon.colcon_core.package_selection:Skipping not selected package 'ymbot_d_description' in 'src0/control/ymbot_d_description'
[0.337s] INFO:colcon.colcon_core.package_selection:Skipping not selected package 'ymbot_d_ros2_controller_sharedmemory' in 'src/control/ymbot_d_ros2_controller_sharedmemory'
[0.337s] INFO:colcon.colcon_core.package_selection:Skipping not selected package 'ymbot_d_ros2_controller_sharedmemory' in 'src0/control/ymbot_d_ros2_controller_sharedmemory'
[0.337s] INFO:colcon.colcon_core.package_selection:Skipping not selected package 'ymbot_d_sharedmemory_driver' in 'utils/ymbot_d_sharedmemory_driver'
[0.337s] INFO:colcon.colcon_core.package_selection:Skipping not selected package 'ymrobot_msgs' in 'src/Drill_effector/ymrobot_msgs'
[0.337s] INFO:colcon.colcon_core.package_selection:Skipping not selected package 'ymrobot_msgs' in 'src0/Drill_effector/ymrobot_msgs'
[0.337s] INFO:colcon.colcon_core.package_selection:Skipping not selected package 'chassis_driver_node' in 'src/chassis_control/chassis_driver_node'
[0.337s] INFO:colcon.colcon_core.package_selection:Skipping not selected package 'chassis_driver_node' in 'src0/chassis_control/chassis_driver_node'
[0.337s] INFO:colcon.colcon_core.package_selection:Skipping not selected package 'ik_solver_pkg' in 'src/arm_vr_motion'
[0.337s] INFO:colcon.colcon_core.package_selection:Skipping not selected package 'ik_solver_pkg' in 'src0/arm_vr_motion'
[0.337s] INFO:colcon.colcon_core.package_selection:Skipping not selected package 'orbbec_camera' in 'src/OrbbecSDK_ROS2/orbbec_camera'
[0.337s] INFO:colcon.colcon_core.package_selection:Skipping not selected package 'orbbec_camera' in 'src0/OrbbecSDK_ROS2/orbbec_camera'
[0.337s] INFO:colcon.colcon_core.package_selection:Skipping not selected package 'realsense2_camera' in 'src/realsense-ros/realsense2_camera'
[0.337s] INFO:colcon.colcon_core.package_selection:Skipping not selected package 'realsense2_camera' in 'src0/realsense-ros/realsense2_camera'
[0.337s] INFO:colcon.colcon_core.package_selection:Skipping not selected package 'realsense2_description' in 'src/realsense-ros/realsense2_description'
[0.337s] INFO:colcon.colcon_core.package_selection:Skipping not selected package 'realsense2_description' in 'src0/realsense-ros/realsense2_description'
[0.337s] INFO:colcon.colcon_core.package_selection:Skipping not selected package 'relay_ctrl_node' in 'src/Drill_effector/relay_ctrl_node'
[0.337s] INFO:colcon.colcon_core.package_selection:Skipping not selected package 'relay_ctrl_node' in 'src0/Drill_effector/relay_ctrl_node'
[0.337s] INFO:colcon.colcon_core.package_selection:Skipping not selected package 'ymbot_d_moveit_config' in 'src/control/ymbot_d_moveit_config'
[0.337s] INFO:colcon.colcon_core.package_selection:Skipping not selected package 'ymbot_d_moveit_config' in 'src0/control/ymbot_d_moveit_config'
[0.337s] INFO:colcon.colcon_core.package_selection:Skipping not selected package 'ymbot_d_control' in 'src/control/ymbot_d_control'
[0.337s] INFO:colcon.colcon_core.package_selection:Skipping not selected package 'ymbot_d_control' in 'src0/control/ymbot_d_control'
[0.337s] INFO:colcon.colcon_core.package_selection:Skipping not selected package 'remote_operate_pkg' in 'src/remote_operate_pkg'
[0.337s] INFO:colcon.colcon_core.package_selection:Skipping not selected package 'remote_operate_pkg' in 'src0/remote_operate_pkg'
[0.337s] ERROR:colcon:colcon build: Duplicate package names not supported:
- start_robot:
  - src/start_robot
  - src0/start_robot
- vr_receiver_tcp:
  - src/vr_receiver_tcp
  - src0/vr_receiver_tcp
