[0.666s] Invoking command in '/home/ymzz/YMbot_ROS2/src/vr_receiver_tcp': CONDA_PROMPT_MODIFIER=(base) DEBUGINFOD_URLS=https://debuginfod.ubuntu.com PYTHONPATH=/home/ymzz/YMbot_ROS2/build/vr_receiver_tcp/prefix_override:/usr/lib/python3/dist-packages/colcon_core/task/python/colcon_distutils_commands:/home/ymzz/YMbot_ROS2/install/vr_receiver_tcp/lib/python3.12/site-packages:${PYTHONPATH} /usr/bin/python3 -W ignore:setup.py install is deprecated -W ignore:easy_install command is deprecated setup.py egg_info --egg-base ../../build/vr_receiver_tcp build --build-base /home/ymzz/YMbot_ROS2/build/vr_receiver_tcp/build install --record /home/ymzz/YMbot_ROS2/build/vr_receiver_tcp/install.log --single-version-externally-managed install_data
[0.888s] running egg_info
[0.907s] writing ../../build/vr_receiver_tcp/vr_receiver_tcp.egg-info/PKG-INFO
[0.907s] writing dependency_links to ../../build/vr_receiver_tcp/vr_receiver_tcp.egg-info/dependency_links.txt
[0.907s] writing entry points to ../../build/vr_receiver_tcp/vr_receiver_tcp.egg-info/entry_points.txt
[0.907s] writing requirements to ../../build/vr_receiver_tcp/vr_receiver_tcp.egg-info/requires.txt
[0.907s] writing top-level names to ../../build/vr_receiver_tcp/vr_receiver_tcp.egg-info/top_level.txt
[0.943s] reading manifest file '../../build/vr_receiver_tcp/vr_receiver_tcp.egg-info/SOURCES.txt'
[0.944s] writing manifest file '../../build/vr_receiver_tcp/vr_receiver_tcp.egg-info/SOURCES.txt'
[0.944s] running build
[0.944s] running build_py
[0.944s] copying vr_receiver_tcp/vr_receiver_tcp.py -> /home/ymzz/YMbot_ROS2/build/vr_receiver_tcp/build/lib/vr_receiver_tcp
[0.944s] copying vr_receiver_tcp/vr_receiver_tcp_bak.py -> /home/ymzz/YMbot_ROS2/build/vr_receiver_tcp/build/lib/vr_receiver_tcp
[0.944s] running install
[0.948s] running install_lib
[0.964s] copying /home/ymzz/YMbot_ROS2/build/vr_receiver_tcp/build/lib/vr_receiver_tcp/vr_receiver_tcp.py -> /home/ymzz/YMbot_ROS2/install/vr_receiver_tcp/lib/python3.12/site-packages/vr_receiver_tcp
[0.964s] copying /home/ymzz/YMbot_ROS2/build/vr_receiver_tcp/build/lib/vr_receiver_tcp/vr_receiver_tcp_bak.py -> /home/ymzz/YMbot_ROS2/install/vr_receiver_tcp/lib/python3.12/site-packages/vr_receiver_tcp
[0.965s] byte-compiling /home/ymzz/YMbot_ROS2/install/vr_receiver_tcp/lib/python3.12/site-packages/vr_receiver_tcp/vr_receiver_tcp_bak.py to vr_receiver_tcp_bak.cpython-312.pyc
[0.970s] running install_data
[0.970s] running install_egg_info
[0.986s] removing '/home/ymzz/YMbot_ROS2/install/vr_receiver_tcp/lib/python3.12/site-packages/vr_receiver_tcp-0.0.0-py3.12.egg-info' (and everything under it)
[0.986s] Copying ../../build/vr_receiver_tcp/vr_receiver_tcp.egg-info to /home/ymzz/YMbot_ROS2/install/vr_receiver_tcp/lib/python3.12/site-packages/vr_receiver_tcp-0.0.0-py3.12.egg-info
[0.987s] running install_scripts
[1.095s] Installing vr_receiver_tcp script to /home/ymzz/YMbot_ROS2/install/vr_receiver_tcp/lib/vr_receiver_tcp
[1.095s] writing list of installed files to '/home/ymzz/YMbot_ROS2/build/vr_receiver_tcp/install.log'
[1.122s] Invoked command in '/home/ymzz/YMbot_ROS2/src/vr_receiver_tcp' returned '0': CONDA_PROMPT_MODIFIER=(base) DEBUGINFOD_URLS=https://debuginfod.ubuntu.com PYTHONPATH=/home/ymzz/YMbot_ROS2/build/vr_receiver_tcp/prefix_override:/usr/lib/python3/dist-packages/colcon_core/task/python/colcon_distutils_commands:/home/ymzz/YMbot_ROS2/install/vr_receiver_tcp/lib/python3.12/site-packages:${PYTHONPATH} /usr/bin/python3 -W ignore:setup.py install is deprecated -W ignore:easy_install command is deprecated setup.py egg_info --egg-base ../../build/vr_receiver_tcp build --build-base /home/ymzz/YMbot_ROS2/build/vr_receiver_tcp/build install --record /home/ymzz/YMbot_ROS2/build/vr_receiver_tcp/install.log --single-version-externally-managed install_data
