/home/ymzz/YMbot_ROS2/install/inspire_hand/lib/python3.12/site-packages/inspire_hand/hand_grasp_state_pub.py
/home/ymzz/YMbot_ROS2/install/inspire_hand/lib/python3.12/site-packages/inspire_hand/__init__.py
/home/ymzz/YMbot_ROS2/install/inspire_hand/lib/python3.12/site-packages/inspire_hand/reset_hand.py
/home/ymzz/YMbot_ROS2/install/inspire_hand/lib/python3.12/site-packages/inspire_hand/inspire_hand_sub.py
/home/ymzz/YMbot_ROS2/install/inspire_hand/lib/python3.12/site-packages/inspire_hand/utils/inspire_hand_new_api.py
/home/ymzz/YMbot_ROS2/install/inspire_hand/lib/python3.12/site-packages/inspire_hand/__pycache__/hand_grasp_state_pub.cpython-312.pyc
/home/ymzz/YMbot_ROS2/install/inspire_hand/lib/python3.12/site-packages/inspire_hand/__pycache__/__init__.cpython-312.pyc
/home/ymzz/YMbot_ROS2/install/inspire_hand/lib/python3.12/site-packages/inspire_hand/__pycache__/reset_hand.cpython-312.pyc
/home/ymzz/YMbot_ROS2/install/inspire_hand/lib/python3.12/site-packages/inspire_hand/__pycache__/inspire_hand_sub.cpython-312.pyc
/home/ymzz/YMbot_ROS2/install/inspire_hand/lib/python3.12/site-packages/inspire_hand/utils/__pycache__/inspire_hand_new_api.cpython-312.pyc
/home/ymzz/YMbot_ROS2/install/inspire_hand/share/ament_index/resource_index/packages/inspire_hand
/home/ymzz/YMbot_ROS2/install/inspire_hand/share/inspire_hand/package.xml
/home/ymzz/YMbot_ROS2/install/inspire_hand/lib/python3.12/site-packages/inspire_hand-0.0.1-py3.12.egg-info/zip-safe
/home/ymzz/YMbot_ROS2/install/inspire_hand/lib/python3.12/site-packages/inspire_hand-0.0.1-py3.12.egg-info/SOURCES.txt
/home/ymzz/YMbot_ROS2/install/inspire_hand/lib/python3.12/site-packages/inspire_hand-0.0.1-py3.12.egg-info/requires.txt
/home/ymzz/YMbot_ROS2/install/inspire_hand/lib/python3.12/site-packages/inspire_hand-0.0.1-py3.12.egg-info/entry_points.txt
/home/ymzz/YMbot_ROS2/install/inspire_hand/lib/python3.12/site-packages/inspire_hand-0.0.1-py3.12.egg-info/dependency_links.txt
/home/ymzz/YMbot_ROS2/install/inspire_hand/lib/python3.12/site-packages/inspire_hand-0.0.1-py3.12.egg-info/top_level.txt
/home/ymzz/YMbot_ROS2/install/inspire_hand/lib/python3.12/site-packages/inspire_hand-0.0.1-py3.12.egg-info/PKG-INFO
/home/ymzz/YMbot_ROS2/install/inspire_hand/lib/inspire_hand/hand_grasp_state_pub
/home/ymzz/YMbot_ROS2/install/inspire_hand/lib/inspire_hand/inspire_hand_sub
/home/ymzz/YMbot_ROS2/install/inspire_hand/lib/inspire_hand/single_hand_command
