[0.970s] Invoking command in '/home/ymzz/YMbot_ROS2/src/start_robot': CONDA_PROMPT_MODIFIER=(lerobot) DEBUGINFOD_URLS=https://debuginfod.ubuntu.com PYTHONPATH=/home/ymzz/YMbot_ROS2/build/start_robot/prefix_override:/home/ymzz/anaconda3/envs/lerobot/lib/python3.12/site-packages/colcon_core/task/python/colcon_distutils_commands:/home/ymzz/YMbot_ROS2/install/start_robot/lib/python3.12/site-packages:${PYTHONPATH} /home/ymzz/anaconda3/envs/lerobot/bin/python3.12 -W ignore:setup.py install is deprecated -W ignore:easy_install command is deprecated setup.py egg_info --egg-base ../../build/start_robot build --build-base /home/ymzz/YMbot_ROS2/build/start_robot/build install --record /home/ymzz/YMbot_ROS2/build/start_robot/install.log --single-version-externally-managed install_data
[1.235s] running egg_info
[1.252s] writing ../../build/start_robot/start_robot.egg-info/PKG-INFO
[1.253s] writing dependency_links to ../../build/start_robot/start_robot.egg-info/dependency_links.txt
[1.253s] writing entry points to ../../build/start_robot/start_robot.egg-info/entry_points.txt
[1.253s] writing requirements to ../../build/start_robot/start_robot.egg-info/requires.txt
[1.253s] writing top-level names to ../../build/start_robot/start_robot.egg-info/top_level.txt
[1.287s] reading manifest file '../../build/start_robot/start_robot.egg-info/SOURCES.txt'
[1.289s] writing manifest file '../../build/start_robot/start_robot.egg-info/SOURCES.txt'
[1.289s] running build
[1.290s] running build_py
[1.290s] copying start_robot/__init__.py -> /home/ymzz/YMbot_ROS2/build/start_robot/build/lib/start_robot
[1.291s] copying start_robot/real_lerobot_collector.py -> /home/ymzz/YMbot_ROS2/build/start_robot/build/lib/start_robot
[1.291s] running install
[1.294s] running install_lib
[1.311s] copying /home/ymzz/YMbot_ROS2/build/start_robot/build/lib/start_robot/__init__.py -> /home/ymzz/YMbot_ROS2/install/start_robot/lib/python3.12/site-packages/start_robot
[1.311s] copying /home/ymzz/YMbot_ROS2/build/start_robot/build/lib/start_robot/real_lerobot_collector.py -> /home/ymzz/YMbot_ROS2/install/start_robot/lib/python3.12/site-packages/start_robot
[1.312s] byte-compiling /home/ymzz/YMbot_ROS2/install/start_robot/lib/python3.12/site-packages/start_robot/__init__.py to __init__.cpython-312.pyc
[1.312s] byte-compiling /home/ymzz/YMbot_ROS2/install/start_robot/lib/python3.12/site-packages/start_robot/real_lerobot_collector.py to real_lerobot_collector.cpython-312.pyc
[1.314s] running install_data
[1.314s] copying resource/start_robot -> /home/ymzz/YMbot_ROS2/install/start_robot/share/ament_index/resource_index/packages
[1.314s] copying package.xml -> /home/ymzz/YMbot_ROS2/install/start_robot/share/start_robot
[1.314s] copying launch/run.launch.py -> /home/ymzz/YMbot_ROS2/install/start_robot/share/start_robot/launch
[1.315s] copying launch/rs_multi_camera_launch.py -> /home/ymzz/YMbot_ROS2/install/start_robot/share/start_robot/launch
[1.315s] copying launch/gemini2L_recorder_launch.py -> /home/ymzz/YMbot_ROS2/install/start_robot/share/start_robot/launch
[1.315s] copying launch/rs_single_camera_launch.py -> /home/ymzz/YMbot_ROS2/install/start_robot/share/start_robot/launch
[1.315s] copying launch/rs_launch.py -> /home/ymzz/YMbot_ROS2/install/start_robot/share/start_robot/launch
[1.315s] running install_egg_info
[1.332s] removing '/home/ymzz/YMbot_ROS2/install/start_robot/lib/python3.12/site-packages/start_robot-0.0.0-py3.12.egg-info' (and everything under it)
[1.332s] Copying ../../build/start_robot/start_robot.egg-info to /home/ymzz/YMbot_ROS2/install/start_robot/lib/python3.12/site-packages/start_robot-0.0.0-py3.12.egg-info
[1.333s] running install_scripts
[1.418s] Installing real_lerobot_collector script to /home/ymzz/YMbot_ROS2/install/start_robot/lib/start_robot
[1.418s] writing list of installed files to '/home/ymzz/YMbot_ROS2/build/start_robot/install.log'
[1.480s] Invoked command in '/home/ymzz/YMbot_ROS2/src/start_robot' returned '0': CONDA_PROMPT_MODIFIER=(lerobot) DEBUGINFOD_URLS=https://debuginfod.ubuntu.com PYTHONPATH=/home/ymzz/YMbot_ROS2/build/start_robot/prefix_override:/home/ymzz/anaconda3/envs/lerobot/lib/python3.12/site-packages/colcon_core/task/python/colcon_distutils_commands:/home/ymzz/YMbot_ROS2/install/start_robot/lib/python3.12/site-packages:${PYTHONPATH} /home/ymzz/anaconda3/envs/lerobot/bin/python3.12 -W ignore:setup.py install is deprecated -W ignore:easy_install command is deprecated setup.py egg_info --egg-base ../../build/start_robot build --build-base /home/ymzz/YMbot_ROS2/build/start_robot/build install --record /home/ymzz/YMbot_ROS2/build/start_robot/install.log --single-version-externally-managed install_data
