[0.000000] (-) TimerEvent: {}
[0.000395] (-) JobUnselected: {'identifier': 'chassis_driver_node'}
[0.000434] (-) JobUnselected: {'identifier': 'ik_solver_pkg'}
[0.000456] (-) JobUnselected: {'identifier': 'inspire_hand'}
[0.000475] (-) JobUnselected: {'identifier': 'keyboard_control'}
[0.000493] (-) JobUnselected: {'identifier': 'orbbec_camera'}
[0.000510] (-) JobUnselected: {'identifier': 'orbbec_camera_msgs'}
[0.000525] (-) JobUnselected: {'identifier': 'orbbec_description'}
[0.000540] (-) JobUnselected: {'identifier': 'realsense2_camera'}
[0.000555] (-) JobUnselected: {'identifier': 'realsense2_camera_msgs'}
[0.000570] (-) JobUnselected: {'identifier': 'realsense2_description'}
[0.000584] (-) JobUnselected: {'identifier': 'relay_ctrl_node'}
[0.000599] (-) JobUnselected: {'identifier': 'remote_operate_pkg'}
[0.000614] (-) JobUnselected: {'identifier': 'rviz2_rotatable_image_plugin'}
[0.000629] (-) JobUnselected: {'identifier': 'vr_receiver_tcp'}
[0.000644] (-) JobUnselected: {'identifier': 'vr_receiver_tcp'}
[0.000658] (-) JobUnselected: {'identifier': 'ymbot_d_control'}
[0.000673] (-) JobUnselected: {'identifier': 'ymbot_d_description'}
[0.000688] (-) JobUnselected: {'identifier': 'ymbot_d_moveit_config'}
[0.000702] (-) JobUnselected: {'identifier': 'ymbot_d_ros2_controller_sharedmemory'}
[0.000716] (-) JobUnselected: {'identifier': 'ymbot_d_sharedmemory_driver'}
[0.000736] (-) JobUnselected: {'identifier': 'ymrobot_msgs'}
[0.000753] (-) EventReactorShutdown: {}
